Component: ARM Compiler 5.06 update 5 (build 528) Tool: armlink [4d35e2]

==============================================================================

Section Cross References

    user_ethernet_udp.o(i.UDP_Init) refers to user_ethernet_udp.o(i.UDP_Deinit) for UDP_Deinit
    user_ethernet_udp.o(i.UDP_Init) refers to udp.o(i.udp_new) for udp_new
    user_ethernet_udp.o(i.UDP_Init) refers to udp.o(i.udp_bind) for udp_bind
    user_ethernet_udp.o(i.UDP_Init) refers to udp.o(i.udp_remove) for udp_remove
    user_ethernet_udp.o(i.UDP_Init) refers to udp.o(i.udp_connect) for udp_connect
    user_ethernet_udp.o(i.UDP_Init) refers to udp.o(i.udp_recv) for udp_recv
    user_ethernet_udp.o(i.UDP_Init) refers to user_ethernet_udp.o(.bss) for .bss
    user_ethernet_udp.o(i.UDP_Init) refers to user_ethernet_udp.o(.data) for .data
    user_ethernet_udp.o(i.UDP_Init) refers to ip4_addr.o(.constdata) for ip_addr_any
    user_ethernet_udp.o(i.UDP_Init) refers to user_ethernet_udp.o(i.UDP_Receive_Telemetry_Command) for UDP_Receive_Telemetry_Command
    user_ethernet_udp.o(i.UDP_Receive_Telemetry_Command) refers to pbuf.o(i.pbuf_free) for pbuf_free
    user_ethernet_udp.o(i.UDP_Receive_Telemetry_Command) refers to user_ethernet_udp.o(i.UDP_Send_Error) for UDP_Send_Error
    user_ethernet_udp.o(i.UDP_Receive_Telemetry_Command) refers to user_ethernet_udp.o(.data) for .data
    user_ethernet_udp.o(i.UDP_Receive_Telemetry_Command) refers to user_ethernet_udp.o(.bss) for .bss
    user_ethernet_udp.o(i.ethernetif_notify_conn_changed) refers to netif.o(i.netif_set_addr) for netif_set_addr
    user_ethernet_udp.o(i.ethernetif_notify_conn_changed) refers to netif.o(i.netif_set_up) for netif_set_up
    user_ethernet_udp.o(i.ethernetif_notify_conn_changed) refers to netif.o(i.netif_set_down) for netif_set_down
    user_ethernet_udp.o(i.ethernetif_notify_conn_changed) refers to lwip.o(.data) for IP_ADDRESS
    user_ethernet_udp.o(i.netif_status_callback) refers to user_ethernet_udp.o(i.UDP_Deinit) for UDP_Deinit
    user_ethernet_udp.o(i.netif_status_callback) refers to user_ethernet_udp.o(i.UDP_Init) for UDP_Init
    data.o(i.initialize_Data) refers to memseta.o(.text) for __aeabi_memset
    data.o(i.initialize_Data) refers to data.o(.bss) for .bss
    data.o(i.initialize_Data) refers to data.o(.data) for .data
    system.o(i.MPU_Config) refers to stm32f7xx_hal_cortex.o(i.HAL_MPU_Disable) for HAL_MPU_Disable
    system.o(i.MPU_Config) refers to stm32f7xx_hal_cortex.o(i.HAL_MPU_ConfigRegion) for HAL_MPU_ConfigRegion
    system.o(i.MPU_Config) refers to stm32f7xx_hal_cortex.o(i.HAL_MPU_Enable) for HAL_MPU_Enable
    bno055.o(i.BNO055_Init) refers to stm32f7xx_hal_i2c.o(i.HAL_I2C_Master_Transmit) for HAL_I2C_Master_Transmit
    bno055.o(i.BNO055_Init) refers to stm32f7xx_hal_gpio.o(i.HAL_GPIO_WritePin) for HAL_GPIO_WritePin
    bno055.o(i.BNO055_Init) refers to stm32f7xx_hal_gpio.o(i.HAL_GPIO_TogglePin) for HAL_GPIO_TogglePin
    bno055.o(i.BNO055_Init) refers to stm32f7xx_hal.o(i.HAL_Delay) for HAL_Delay
    bno055.o(i.BNO055_Init) refers to i2c.o(.bss) for hi2c4
    main.o(i.HAL_GPIO_EXTI_Callback) refers to stm32f7xx_hal_gpio.o(i.HAL_GPIO_ReadPin) for HAL_GPIO_ReadPin
    main.o(i.HAL_GPIO_EXTI_Callback) refers to usbh_platform.o(i.MX_DriverVbusHS) for MX_DriverVbusHS
    main.o(i.HAL_GPIO_EXTI_Callback) refers to stm32f7xx_hal_gpio.o(i.HAL_GPIO_WritePin) for HAL_GPIO_WritePin
    main.o(i.HAL_GPIO_EXTI_Callback) refers to user_ethernet_udp.o(i.UDP_Send_Error) for UDP_Send_Error
    main.o(i.HAL_GPIO_EXTI_Callback) refers to data.o(.data) for dcu_State_Packet
    main.o(i.SystemClock_Config) refers to stm32f7xx_hal_rcc.o(i.HAL_RCC_OscConfig) for HAL_RCC_OscConfig
    main.o(i.SystemClock_Config) refers to stm32f7xx_hal_pwr_ex.o(i.HAL_PWREx_EnableOverDrive) for HAL_PWREx_EnableOverDrive
    main.o(i.SystemClock_Config) refers to stm32f7xx_hal_rcc.o(i.HAL_RCC_ClockConfig) for HAL_RCC_ClockConfig
    main.o(i.SystemClock_Config) refers to stm32f7xx_hal_rcc_ex.o(i.HAL_RCCEx_PeriphCLKConfig) for HAL_RCCEx_PeriphCLKConfig
    main.o(i.SystemClock_Config) refers to stm32f7xx_hal_rcc.o(i.HAL_RCC_GetHCLKFreq) for HAL_RCC_GetHCLKFreq
    main.o(i.SystemClock_Config) refers to stm32f7xx_hal_cortex.o(i.HAL_SYSTICK_Config) for HAL_SYSTICK_Config
    main.o(i.SystemClock_Config) refers to stm32f7xx_hal_cortex.o(i.HAL_SYSTICK_CLKSourceConfig) for HAL_SYSTICK_CLKSourceConfig
    main.o(i.SystemClock_Config) refers to stm32f7xx_hal_cortex.o(i.HAL_NVIC_SetPriority) for HAL_NVIC_SetPriority
    main.o(i.main) refers to system.o(i.MPU_Config) for MPU_Config
    main.o(i.main) refers to system.o(i.CPU_Cache_Enable) for CPU_Cache_Enable
    main.o(i.main) refers to stm32f7xx_hal.o(i.HAL_Init) for HAL_Init
    main.o(i.main) refers to main.o(i.SystemClock_Config) for SystemClock_Config
    main.o(i.main) refers to gpio.o(i.MX_GPIO_Init) for MX_GPIO_Init
[...]
    USBH_LL_ClosePipe                        0x080075fb   Thumb Code    32  usbh_conf.o(i.USBH_LL_ClosePipe)
    USBH_LL_Connect                          0x0800761b   Thumb Code    40  usbh_core.o(i.USBH_LL_Connect)
    USBH_LL_Disconnect                       0x08007643   Thumb Code    56  usbh_core.o(i.USBH_LL_Disconnect)
    USBH_LL_DriverVBUS                       0x0800767b   Thumb Code    26  usbh_conf.o(i.USBH_LL_DriverVBUS)
    USBH_LL_GetLastXferSize                  0x08007695   Thumb Code     8  usbh_conf.o(i.USBH_LL_GetLastXferSize)
    USBH_LL_GetSpeed                         0x0800769d   Thumb Code    32  usbh_conf.o(i.USBH_LL_GetSpeed)
    USBH_LL_GetToggle                        0x080076bd   Thumb Code    30  usbh_conf.o(i.USBH_LL_GetToggle)
    USBH_LL_GetURBState                      0x080076db   Thumb Code     8  usbh_conf.o(i.USBH_LL_GetURBState)
    USBH_LL_IncTimer                         0x080076e3   Thumb Code    32  usbh_core.o(i.USBH_LL_IncTimer)
    USBH_LL_Init                             0x08007705   Thumb Code    88  usbh_conf.o(i.USBH_LL_Init)
    USBH_LL_OpenPipe                         0x08007779   Thumb Code    52  usbh_conf.o(i.USBH_LL_OpenPipe)
    USBH_LL_ResetPort                        0x080077ad   Thumb Code    32  usbh_conf.o(i.USBH_LL_ResetPort)
    USBH_LL_SetTimer                         0x080077cd   Thumb Code     6  usbh_core.o(i.USBH_LL_SetTimer)
    USBH_LL_SetToggle                        0x080077d3   Thumb Code    32  usbh_conf.o(i.USBH_LL_SetToggle)
    USBH_LL_Start                            0x080077f3   Thumb Code    32  usbh_conf.o(i.USBH_LL_Start)
    USBH_LL_Stop                             0x08007813   Thumb Code    32  usbh_conf.o(i.USBH_LL_Stop)
    USBH_LL_SubmitURB                        0x08007833   Thumb Code    46  usbh_conf.o(i.USBH_LL_SubmitURB)
    USBH_MSC_BOT_Init                        0x08007861   Thumb Code    28  usbh_msc_bot.o(i.USBH_MSC_BOT_Init)
    USBH_MSC_BOT_Process                     0x08007885   Thumb Code   506  usbh_msc_bot.o(i.USBH_MSC_BOT_Process)
    USBH_MSC_BOT_REQ_GetMaxLUN               0x08007a85   Thumb Code    32  usbh_msc_bot.o(i.USBH_MSC_BOT_REQ_GetMaxLUN)
    USBH_MSC_GetLUNInfo                      0x08007b1b   Thumb Code    74  usbh_msc.o(i.USBH_MSC_GetLUNInfo)
    USBH_MSC_Read                            0x08007fbb   Thumb Code   416  usbh_msc.o(i.USBH_MSC_Read)
    USBH_MSC_SCSI_Inquiry                    0x0800815b   Thumb Code   214  usbh_msc_scsi.o(i.USBH_MSC_SCSI_Inquiry)
    USBH_MSC_SCSI_Read                       0x08008231   Thumb Code   152  usbh_msc_scsi.o(i.USBH_MSC_SCSI_Read)
    USBH_MSC_SCSI_ReadCapacity               0x080082c9   Thumb Code   154  usbh_msc_scsi.o(i.USBH_MSC_SCSI_ReadCapacity)
    USBH_MSC_SCSI_RequestSense               0x08008363   Thumb Code   168  usbh_msc_scsi.o(i.USBH_MSC_SCSI_RequestSense)
    USBH_MSC_SCSI_TestUnitReady              0x0800840b   Thumb Code    92  usbh_msc_scsi.o(i.USBH_MSC_SCSI_TestUnitReady)
    USBH_MSC_SCSI_Write                      0x08008467   Thumb Code   150  usbh_msc_scsi.o(i.USBH_MSC_SCSI_Write)
    USBH_MSC_UnitIsReady                     0x08008501   Thumb Code    40  usbh_msc.o(i.USBH_MSC_UnitIsReady)
    USBH_MSC_Write                           0x08008529   Thumb Code   416  usbh_msc.o(i.USBH_MSC_Write)
    USBH_OpenPipe                            0x080086c9   Thumb Code    28  usbh_pipes.o(i.USBH_OpenPipe)
    USBH_Process                             0x080086e5   Thumb Code   756  usbh_core.o(i.USBH_Process)
    USBH_RegisterClass                       0x080089d9   Thumb Code    30  usbh_core.o(i.USBH_RegisterClass)
    USBH_SelectInterface                     0x080089f7   Thumb Code    20  usbh_core.o(i.USBH_SelectInterface)
    USBH_SetAddress                          0x08008a0b   Thumb Code    28  usbh_ctlreq.o(i.USBH_SetAddress)
    USBH_SetCfg                              0x08008a27   Thumb Code    28  usbh_ctlreq.o(i.USBH_SetCfg)
    USBH_Start                               0x08008a43   Thumb Code    20  usbh_core.o(i.USBH_Start)
    USBH_initialize                          0x08008ac9   Thumb Code     4  usbh_diskio.o(i.USBH_initialize)
    USBH_ioctl                               0x08008acd   Thumb Code   112  usbh_diskio.o(i.USBH_ioctl)
    USBH_read                                0x08008b41   Thumb Code   136  usbh_diskio.o(i.USBH_read)
    USBH_status                              0x08008bd1   Thumb Code    22  usbh_diskio.o(i.USBH_status)
    USBH_write                               0x08008bed   Thumb Code   152  usbh_diskio.o(i.USBH_write)
    USB_Close_File                           0x08008c8d   Thumb Code    48  user_usb.o(i.USB_Close_File)
    USB_CoreInit                             0x08008cc9   Thumb Code   198  stm32f7xx_ll_usb.o(i.USB_CoreInit)
    USB_DisableGlobalInt                     0x08008d95   Thumb Code    12  stm32f7xx_ll_usb.o(i.USB_DisableGlobalInt)
    USB_DriveVbus                            0x08008da1   Thumb Code    54  stm32f7xx_ll_usb.o(i.USB_DriveVbus)
    USB_EnableGlobalInt                      0x08008dd7   Thumb Code    12  stm32f7xx_ll_usb.o(i.USB_EnableGlobalInt)
    USB_GetCurrentFrame                      0x08008de3   Thumb Code     8  stm32f7xx_ll_usb.o(i.USB_GetCurrentFrame)
    USB_GetHostSpeed                         0x08008deb   Thumb Code    16  stm32f7xx_ll_usb.o(i.USB_GetHostSpeed)
    USB_GetMode                              0x08008dfb   Thumb Code     8  stm32f7xx_ll_usb.o(i.USB_GetMode)
    USB_HC_Halt                              0x08008e03   Thumb Code   206  stm32f7xx_ll_usb.o(i.USB_HC_Halt)
    USB_HC_Init                              0x08008ed1   Thumb Code   234  stm32f7xx_ll_usb.o(i.USB_HC_Init)
    USB_HC_ReadInterrupt                     0x08008fbb   Thumb Code     8  stm32f7xx_ll_usb.o(i.USB_HC_ReadInterrupt)
    USB_HC_StartXfer                         0x08008fc5   Thumb Code   462  stm32f7xx_ll_usb.o(i.USB_HC_StartXfer)
    USB_HostInit                             0x0800919d   Thumb Code   248  stm32f7xx_ll_usb.o(i.USB_HostInit)
    USB_InitFSLSPClkSel                      0x080092ad   Thumb Code    56  stm32f7xx_ll_usb.o(i.USB_InitFSLSPClkSel)
    USB_Open_File                            0x080092e5   Thumb Code   126  user_usb.o(i.USB_Open_File)
    USB_ReadInterrupts                       0x08009391   Thumb Code     8  stm32f7xx_ll_usb.o(i.USB_ReadInterrupts)
    USB_ReadPacket                           0x08009399   Thumb Code    58  stm32f7xx_ll_usb.o(i.USB_ReadPacket)
    USB_ResetPort                            0x080093d3   Thumb Code    48  stm32f7xx_ll_usb.o(i.USB_ResetPort)
    USB_SetCurrentMode                       0x08009403   Thumb Code    46  stm32f7xx_ll_usb.o(i.USB_SetCurrentMode)
    USB_StopHost                             0x08009431   Thumb Code   176  stm32f7xx_ll_usb.o(i.USB_StopHost)
    USB_Write_Block                          0x080094e5   Thumb Code    28  user_usb.o(i.USB_Write_Block)
    UsageFault_Handler                       0x08009505   Thumb Code     2  stm32f7xx_it.o(i.UsageFault_Handler)
    _Error_Handler                           0x08009507   Thumb Code     2  main.o(i._Error_Handler)
    __0printf$3                              0x08009509   Thumb Code    22  printf3.o(i.__0printf$3)
    __1printf$3                              0x08009509   Thumb Code     0  printf3.o(i.__0printf$3)
    __2printf                                0x08009509   Thumb Code     0  printf3.o(i.__0printf$3)
    __0sprintf$3                             0x08009529   Thumb Code    34  printf3.o(i.__0sprintf$3)
    __1sprintf$3                             0x08009529   Thumb Code     0  printf3.o(i.__0sprintf$3)
    __2sprintf                               0x08009529   Thumb Code     0  printf3.o(i.__0sprintf$3)
    __scatterload_copy                       0x08009551   Thumb Code    14  handlers.o(i.__scatterload_copy)
    __scatterload_null                       0x0800955f   Thumb Code     2  handlers.o(i.__scatterload_null)
    __scatterload_zeroinit                   0x08009561   Thumb Code    14  handlers.o(i.__scatterload_zeroinit)
    data_Conversion                          0x08009809   Thumb Code  4016  data.o(i.data_Conversion)
    dcu_Debug_Get_Data                       0x0800a7b9   Thumb Code    10  adc.o(i.dcu_Debug_Get_Data)
    debug_Data_Conversion                    0x0800a7cd   Thumb Code   458  data.o(i.debug_Data_Conversion)
    decimal_To_String                        0x0800a9a1   Thumb Code   260  string_utility.o(i.decimal_To_String)
    decimal_To_String_Unsigned               0x0800aaa5   Thumb Code   252  string_utility.o(i.decimal_To_String_Unsigned)
    disk_initialize                          0x0800ade9   Thumb Code    34  diskio.o(i.disk_initialize)
    disk_ioctl                               0x0800ae11   Thumb Code    18  diskio.o(i.disk_ioctl)
    disk_read                                0x0800ae29   Thumb Code    26  diskio.o(i.disk_read)
    disk_status                              0x0800ae49   Thumb Code    16  diskio.o(i.disk_status)
    disk_write                               0x0800ae5d   Thumb Code    26  diskio.o(i.disk_write)
    etharp_cleanup_netif                     0x0800ae7d   Thumb Code    62  etharp.o(i.etharp_cleanup_netif)
    etharp_input                             0x0800b141   Thumb Code   286  etharp.o(i.etharp_input)
    etharp_output                            0x0800b359   Thumb Code   438  etharp.o(i.etharp_output)
    etharp_query                             0x0800b695   Thumb Code   336  etharp.o(i.etharp_query)
    etharp_request                           0x0800b9b5   Thumb Code    34  etharp.o(i.etharp_request)
    etharp_tmr                               0x0800b9e1   Thumb Code   140  etharp.o(i.etharp_tmr)
    ethernet_input                           0x0800ba79   Thumb Code   166  ethernet.o(i.ethernet_input)
    ethernet_output                          0x0800bb25   Thumb Code   100  ethernet.o(i.ethernet_output)
    ethernetif_init                          0x0800bc1d   Thumb Code   266  ethernetif.o(i.ethernetif_init)
    ethernetif_input                         0x0800bd91   Thumb Code   252  ethernetif.o(i.ethernetif_input)
    ethernetif_notify_conn_changed           0x0800be91   Thumb Code   168  user_ethernet_udp.o(i.ethernetif_notify_conn_changed)
    ethernetif_set_link                      0x0800bf45   Thumb Code    82  ethernetif.o(i.ethernetif_set_link)
    ethernetif_update_config                 0x0800bfa1   Thumb Code   174  ethernetif.o(i.ethernetif_update_config)
    f_close                                  0x0800c055   Thumb Code   106  ff.o(i.f_close)
    f_mount                                  0x0800c0c5   Thumb Code   126  ff.o(i.f_mount)
    f_open                                   0x0800c14d   Thumb Code  1568  ff.o(i.f_open)
    f_sync                                   0x0800c76d   Thumb Code   456  ff.o(i.f_sync)
    f_write                                  0x0800c935   Thumb Code   820  ff.o(i.f_write)
    fputc                                    0x0800d0ed   Thumb Code    18  fputc.o(i.fputc)
    free                                     0x0800d101   Thumb Code    76  malloc.o(i.free)
    get_fattime                              0x0800d227   Thumb Code     4  fatfs.o(i.get_fattime)
    icmp_dest_unreach                        0x0800d22d   Thumb Code   134  icmp.o(i.icmp_dest_unreach)
    icmp_input                               0x0800d341   Thumb Code   296  icmp.o(i.icmp_input)
    icmp_time_exceeded                       0x0800d539   Thumb Code   138  icmp.o(i.icmp_time_exceeded)
    initialize_Data                          0x0800d5c9   Thumb Code   486  data.o(i.initialize_Data)
    int_To_String                            0x0800d7c5   Thumb Code   390  string_utility.o(i.int_To_String)
    int_To_String_Unsigned                   0x0800d951   Thumb Code   344  string_utility.o(i.int_To_String_Unsigned)
    ip4_addr_isbroadcast_u32                 0x0800daad   Thumb Code    60  ip4_addr.o(i.ip4_addr_isbroadcast_u32)
    ip4_frag                                 0x0800dae9   Thumb Code   462  ip4_frag.o(i.ip4_frag)
    ip4_input                                0x0800dd85   Thumb Code   394  ip4.o(i.ip4_input)
    ip4_output_if                            0x0800df19   Thumb Code    40  ip4.o(i.ip4_output_if)
    ip4_output_if_src                        0x0800df41   Thumb Code   218  ip4.o(i.ip4_output_if_src)
    ip4_reass                                0x0800e0bd   Thumb Code  1140  ip4_frag.o(i.ip4_reass)
    ip4_route                                0x0800e5c5   Thumb Code   114  ip4.o(i.ip4_route)
    ip_reass_tmr                             0x0800e86d   Thumb Code    44  ip4_frag.o(i.ip_reass_tmr)
    lwip_htons                               0x0800ea05   Thumb Code     4  def.o(i.lwip_htons)
    lwip_init                                0x0800ea09   Thumb Code    26  init.o(i.lwip_init)
    main                                     0x0800ea25   Thumb Code   206  main.o(i.main)
    makeDataAvg                              0x0800eb11   Thumb Code   928  data.o(i.makeDataAvg)
    malloc                                   0x0800eecd   Thumb Code    92  malloc.o(i.malloc)
    mem_free                                 0x0800ef39   Thumb Code   272  mem.o(i.mem_free)
    mem_init                                 0x0800f1c9   Thumb Code    54  mem.o(i.mem_init)
    mem_malloc                               0x0800f209   Thumb Code   294  mem.o(i.mem_malloc)
    mem_trim                                 0x0800f465   Thumb Code   240  mem.o(i.mem_trim)
    memp_free                                0x0800f5e9   Thumb Code    72  memp.o(i.memp_free)
    memp_free_pool                           0x0800f6b1   Thumb Code    66  memp.o(i.memp_free_pool)
    memp_init                                0x0800f785   Thumb Code    72  memp.o(i.memp_init)
    memp_malloc                              0x0800f7d1   Thumb Code    70  memp.o(i.memp_malloc)
    memp_malloc_pool                         0x0800f899   Thumb Code    64  memp.o(i.memp_malloc_pool)
    netif_add                                0x0800f9e5   Thumb Code   110  netif.o(i.netif_add)
    netif_init                               0x0800facd   Thumb Code     2  netif.o(i.netif_init)
    netif_set_addr                           0x0800fad1   Thumb Code   186  netif.o(i.netif_set_addr)
    netif_set_default                        0x0800fb91   Thumb Code     6  netif.o(i.netif_set_default)
    netif_set_down                           0x0800fb9d   Thumb Code    52  netif.o(i.netif_set_down)
    netif_set_link_callback                  0x0800fbd1   Thumb Code     8  netif.o(i.netif_set_link_callback)
    netif_set_link_down                      0x0800fbd9   Thumb Code    30  netif.o(i.netif_set_link_down)
    netif_set_link_up                        0x0800fbf7   Thumb Code    68  netif.o(i.netif_set_link_up)
    netif_set_status_callback                0x0800fc3b   Thumb Code     8  netif.o(i.netif_set_status_callback)
    netif_set_up                             0x0800fc43   Thumb Code    72  netif.o(i.netif_set_up)
    netif_status_callback                    0x0800fc8b   Thumb Code    14  user_ethernet_udp.o(i.netif_status_callback)
    pbuf_alloc                               0x0800fc99   Thumb Code   452  pbuf.o(i.pbuf_alloc)
    pbuf_alloced_custom                      0x0800ff99   Thumb Code   102  pbuf.o(i.pbuf_alloced_custom)
    pbuf_cat                                 0x0801007d   Thumb Code   110  pbuf.o(i.pbuf_cat)
    pbuf_chain                               0x08010169   Thumb Code    50  pbuf.o(i.pbuf_chain)
    pbuf_clen                                0x080101a1   Thumb Code    20  pbuf.o(i.pbuf_clen)
    pbuf_copy                                0x080101b5   Thumb Code   272  pbuf.o(i.pbuf_copy)
    pbuf_free                                0x080103bd   Thumb Code   176  pbuf.o(i.pbuf_free)
    pbuf_header                              0x08010525   Thumb Code     6  pbuf.o(i.pbuf_header)
    pbuf_header_force                        0x0801052b   Thumb Code     6  pbuf.o(i.pbuf_header_force)
    pbuf_realloc                             0x08010621   Thumb Code   208  pbuf.o(i.pbuf_realloc)
    pbuf_ref                                 0x080107c5   Thumb Code    34  pbuf.o(i.pbuf_ref)
    pbuf_take                                0x08010855   Thumb Code   186  pbuf.o(i.pbuf_take)
    sys_check_timeouts                       0x08010ac1   Thumb Code    76  timeouts.o(i.sys_check_timeouts)
    sys_now                                  0x08010b11   Thumb Code     4  ethernetif.o(i.sys_now)
    sys_timeout                              0x08010b15   Thumb Code   154  timeouts.o(i.sys_timeout)
    sys_timeouts_init                        0x08010c51   Thumb Code    36  timeouts.o(i.sys_timeouts_init)
    udp_bind                                 0x08010c81   Thumb Code   196  udp.o(i.udp_bind)
    udp_connect                              0x08010d4d   Thumb Code    80  udp.o(i.udp_connect)
    udp_disconnect                           0x08010da1   Thumb Code    16  udp.o(i.udp_disconnect)
    udp_init                                 0x08010db1   Thumb Code     2  udp.o(i.udp_init)
    udp_input                                0x08010db5   Thumb Code   328  udp.o(i.udp_input)
    udp_netif_ip_addr_changed                0x08010f71   Thumb Code    52  udp.o(i.udp_netif_ip_addr_changed)
    udp_new                                  0x08010fa9   Thumb Code    38  udp.o(i.udp_new)
    udp_recv                                 0x08010fcf   Thumb Code     6  udp.o(i.udp_recv)
    udp_remove                               0x08010fd5   Thumb Code    42  udp.o(i.udp_remove)
    udp_send                                 0x08011005   Thumb Code   104  udp.o(i.udp_send)
    udp_sendto_if_src                        0x0801106d   Thumb Code   196  udp.o(i.udp_sendto_if_src)
    uint32_To_String                         0x080111b9   Thumb Code   314  string_utility.o(i.uint32_To_String)
    USBH_Driver                              0x080112f8   Data          20  usbh_diskio.o(.constdata)
    AHBPrescTable                            0x08011314   Data          16  system_stm32f7xx.o(.constdata)
    ethbroadcast                             0x08011324   Data           6  ethernet.o(.constdata)
    ethzero                                  0x0801132a   Data           6  ethernet.o(.constdata)
    memp_UDP_PCB                             0x08011330   Data          12  memp.o(.constdata)
    memp_REASSDATA                           0x0801133c   Data          12  memp.o(.constdata)
    memp_FRAG_PBUF                           0x08011348   Data          12  memp.o(.constdata)
    memp_SYS_TIMEOUT                         0x08011354   Data          12  memp.o(.constdata)
    memp_PBUF                                0x08011360   Data          12  memp.o(.constdata)
    memp_PBUF_POOL                           0x0801136c   Data          12  memp.o(.constdata)
    memp_pools                               0x08011378   Data          24  memp.o(.constdata)
    lwip_cyclic_timers                       0x08011390   Data          16  timeouts.o(.constdata)
    ip_addr_any                              0x080113a0   Data           4  ip4_addr.o(.constdata)
    Region$$Table$$Base                      0x0801146c   Number         0  anon$$obj.o(Region$$Table)
    Region$$Table$$Limit                     0x0801148c   Number         0  anon$$obj.o(Region$$Table)
    USB_Timestamp                            0x2000003c   Data           4  data.o(.data)
    start_Acquisition_Request                0x20000040   Data           1  data.o(.data)
    buffer_writePointer                      0x20000044   Data           1  data.o(.data)
    buffer_telemetryPointer                  0x20000045   Data           1  data.o(.data)
    dcu_State_Packet                         0x20000060   Data           8  data.o(.data)
    buffer_readPointer                       0x20000068   Data           1  data.o(.data)
    DCU_Debug_Temperature                    0x2000036c   Data           2  adc.o(.data)
    DCU_Debug_Current                        0x2000036e   Data           2  adc.o(.data)
    packet_Fifo0_Counter                     0x2000037c   Data           4  can.o(.data)
    packet_Fifo1_Counter                     0x20000380   Data           4  can.o(.data)
    retUSBH                                  0x20000398   Data           1  fatfs.o(.data)
    USBHPath                                 0x20000399   Data           4  fatfs.o(.data)
    ipaddr                                   0x200003a0   Data           4  lwip.o(.data)
    netmask                                  0x200003a4   Data           4  lwip.o(.data)
    gw                                       0x200003a8   Data           4  lwip.o(.data)
    IP_ADDRESS                               0x200003ac   Data           4  lwip.o(.data)
    NETMASK_ADDRESS                          0x200003b0   Data           4  lwip.o(.data)
    GATEWAY_ADDRESS                          0x200003b4   Data           4  lwip.o(.data)
    EthernetLinkTimer                        0x200003b8   Data           4  ethernetif.o(.data)
    Appli_state                              0x200003bc   Data           1  usb_host.o(.data)
    uwTickFreq                               0x200003c8   Data           1  stm32f7xx_hal.o(.data)
    uwTickPrio                               0x200003cc   Data           4  stm32f7xx_hal.o(.data)
    uwTick                                   0x200003d0   Data           4  stm32f7xx_hal.o(.data)
    SystemCoreClock                          0x200003d4   Data           4  system_stm32f7xx.o(.data)
    netif_list                               0x20000400   Data           4  netif.o(.data)
    netif_default                            0x20000404   Data           4  netif.o(.data)
    udp_pcbs                                 0x20000414   Data           4  udp.o(.data)
    USBH_msc                                 0x2000042c   Data          32  usbh_msc.o(.data)
    __stdout                                 0x2000044c   Data           4  stdout.o(.data)
    __microlib_freelist                      0x20000450   Data           4  mvars.o(.data)
    __microlib_freelist_initialised          0x20000454   Data           4  mvars.o(.data)
    dcu_Debug_Packet                         0x20003858   Data          94  data.o(.bss)
    block_Buffer                             0x200038b6   Data        1536  data.o(.bss)
    raw_Data                                 0x20004294   Data          14  bno055.o(.bss)
    converted_Data                           0x200042a4   Data          28  bno055.o(.bss)
    hadc1                                    0x200042c0   Data          72  adc.o(.bss)
    hdma_adc1                                0x20004308   Data          96  adc.o(.bss)
    hcan1                                    0x200043f8   Data          40  can.o(.bss)
    USBHFatFS                                0x20004620   Data         560  fatfs.o(.bss)
    USBHFile                                 0x20004850   Data         560  fatfs.o(.bss)
    hi2c4                                    0x20004a80   Data          76  i2c.o(.bss)
    gnetif                                   0x20004acc   Data          56  lwip.o(.bss)
    DMARxDscrTab                             0x20004b04   Data         128  ethernetif.o(.bss)
    DMATxDscrTab                             0x20004b84   Data         128  ethernetif.o(.bss)
    Rx_Buff                                  0x20004c04   Data        6096  ethernetif.o(.bss)
    Tx_Buff                                  0x200063d4   Data        6096  ethernetif.o(.bss)
    heth                                     0x20007ba4   Data          72  ethernetif.o(.bss)
    hrtc                                     0x20007c04   Data          32  rtc.o(.bss)
    htim5                                    0x20007c24   Data          64  tim.o(.bss)
    htim6                                    0x20007c64   Data          64  tim.o(.bss)
    htim7                                    0x20007ca4   Data          64  tim.o(.bss)
    hUsbHostHS                               0x20007ce4   Data        1224  usb_host.o(.bss)
    hhcd_USB_OTG_HS                          0x200081ac   Data         664  usbh_conf.o(.bss)
    ip_data                                  0x20008444   Data          24  ip.o(.bss)
    ram_heap                                 0x2000845c   Data        9619  mem.o(.bss)
    memp_memory_UDP_PCB_base                 0x2000a9ef   Data         163  memp.o(.bss)
    memp_memory_REASSDATA_base               0x2000aa92   Data         163  memp.o(.bss)
    memp_memory_FRAG_PBUF_base               0x2000ab35   Data         363  memp.o(.bss)
    memp_memory_SYS_TIMEOUT_base             0x2000aca0   Data          35  memp.o(.bss)
    memp_memory_PBUF_base                    0x2000acc3   Data        1027  memp.o(.bss)
    memp_memory_PBUF_POOL_base               0x2000b0c6   Data       38915  memp.o(.bss)
    disk                                     0x200149dc   Data          12  ff_gen_drv.o(.bss)
    __heap_base                              0x200149e8   Data           0  startup_stm32f767xx.o(HEAP)
    __heap_limit                             0x200159e8   Data           0  startup_stm32f767xx.o(HEAP)
    __initial_sp                             0x20016be8   Data           0  startup_stm32f767xx.o(STACK)



==============================================================================

Memory Map of the image

  Image Entry point : 0x080001f9

  Load Region LR_IROM1 (Base: 0x08000000, Size: 0x000118e4, Max: 0x00200000, ABSOLUTE, COMPRESSED[0x000116a0])

    Execution Region ER_IROM1 (Exec base: 0x08000000, Load base: 0x08000000, Size: 0x0001148c, Max: 0x00200000, ABSOLUTE)

    Exec Addr    Load Addr    Size         Type   Attr      Idx    E Section Name        Object

    0x08000000   0x08000000   0x000001f8   Data   RO         1782    RESET               startup_stm32f767xx.o
    0x080001f8   0x080001f8   0x00000000   Code   RO         8615  * .ARM.Collect$$$$00000000  mc_w.l(entry.o)
    0x080001f8   0x080001f8   0x00000004   Code   RO         8929    .ARM.Collect$$$$00000001  mc_w.l(entry2.o)
    0x080001fc   0x080001fc   0x00000004   Code   RO         8932    .ARM.Collect$$$$00000004  mc_w.l(entry5.o)
    0x08000200   0x08000200   0x00000000   Code   RO         8934    .ARM.Collect$$$$00000008  mc_w.l(entry7b.o)
    0x08000200   0x08000200   0x00000000   Code   RO         8936    .ARM.Collect$$$$0000000A  mc_w.l(entry8b.o)
    0x08000200   0x08000200   0x00000008   Code   RO         8937    .ARM.Collect$$$$0000000B  mc_w.l(entry9a.o)
    0x08000208   0x08000208   0x00000000   Code   RO         8939    .ARM.Collect$$$$0000000D  mc_w.l(entry10a.o)
    0x08000208   0x08000208   0x00000000   Code   RO         8941    .ARM.Collect$$$$0000000F  mc_w.l(entry11a.o)
    0x08000208   0x08000208   0x00000004   Code   RO         8930    .ARM.Collect$$$$00002712  mc_w.l(entry2.o)
    0x0800020c   0x0800020c   0x00000024   Code   RO         1783    .text               startup_stm32f767xx.o
    0x08000230   0x08000230   0x00000062   Code   RO         8618    .text               mc_w.l(uldiv.o)
    0x08000292   0x08000292   0x00000024   Code   RO         8620    .text               mc_w.l(memcpya.o)
    0x080002b6   0x080002b6   0x00000024   Code   RO         8622    .text               mc_w.l(memseta.o)
    0x080002da   0x080002da   0x0000000e   Code   RO         8624    .text               mc_w.l(strlen.o)
    0x080002e8   0x080002e8   0x0000001a   Code   RO         8626    .text               mc_w.l(memcmp.o)
    0x08000302   0x08000302   0x000000de   Code   RO         8921    .text               mf_w.l(ddiv.o)
    0x080003e0   0x080003e0   0x0000003e   Code   RO         8923    .text               mf_w.l(dfixi.o)
    0x0800041e   0x0800041e   0x00000032   Code   RO         8925    .text               mf_w.l(dfixui.o)
    0x08000450   0x08000450   0x00000026   Code   RO         8927    .text               mf_w.l(f2d.o)
    0x08000476   0x08000476   0x0000002c   Code   RO         8946    .text               mc_w.l(uidiv.o)
    0x080004a2   0x080004a2   0x0000001e   Code   RO         8948    .text               mc_w.l(llshl.o)
    0x080004c0   0x080004c0   0x00000020   Code   RO         8950    .text               mc_w.l(llushr.o)
    0x080004e0   0x080004e0   0x00000000   Code   RO         8954    .text               mc_w.l(iusefp.o)
    0x080004e0   0x080004e0   0x000000ba   Code   RO         8955    .text               mf_w.l(depilogue.o)
    0x0800059a   0x0800059a   0x00000002   PAD
    0x0800059c   0x0800059c   0x00000024   Code   RO         8965    .text               mc_w.l(init.o)
    0x080005c0   0x080005c0   0x00000000   Code   RO         8967    .text               mc_w.l(semi.o)
    0x080005c0   0x080005c0   0x00000000   Code   RO         8970    .text               mc_w.l(iusesemip.o)
    0x080005c0   0x080005c0   0x00000056   Code   RO         8979    .text               mc_w.l(__dczerorl2.o)
    0x08000616   0x08000616   0x00000068   Code   RO         2364    i.ADC_DMAConvCplt   stm32f7xx_hal_adc.o
    0x0800067e   0x0800067e   0x00000016   Code   RO         2365    i.ADC_DMAError      stm32f7xx_hal_adc.o
    0x08000694   0x08000694   0x0000000a   Code   RO         2366    i.ADC_DMAHalfConvCplt  stm32f7xx_hal_adc.o
    0x0800069e   0x0800069e   0x00000002   PAD
    0x080006a0   0x080006a0   0x0000000c   Code   RO         1593    i.ADC_IRQHandler    stm32f7xx_it.o
    0x080006ac   0x080006ac   0x000000c8   Code   RO          655    i.BNO055_Imu_Read_Data  bno055.o
    0x08000774   0x08000774   0x000000b0   Code   RO          634    i.BNO055_Init       bno055.o
    0x08000824   0x08000824   0x00000002   Code   RO         1594    i.BusFault_Handler  stm32f7xx_it.o
    0x08000826   0x08000826   0x00000002   PAD
    0x08000828   0x08000828   0x0000000c   Code   RO         1595    i.CAN1_RX0_IRQHandler  stm32f7xx_it.o
    0x08000834   0x08000834   0x0000000c   Code   RO         1596    i.CAN1_RX1_IRQHandler  stm32f7xx_it.o
    0x08000840   0x08000840   0x00000158   Code   RO          867    i.CAN1_Start        can.o
    0x08000998   0x08000998   0x0000000c   Code   RO         1597    i.CAN1_TX_IRQHandler  stm32f7xx_it.o
    0x080009a4   0x080009a4   0x00000038   Code   RO          931    i.CAN_Send_Dcu_Debug_Pakcet  can.o
    0x080009dc   0x080009dc   0x0000001c   Code   RO          925    i.CAN_Send_Dcu_Is_Alive_Packet  can.o
    0x080009f8   0x080009f8   0x0000007c   Code   RO          452    i.CPU_Cache_Enable  system.o
    0x08000a74   0x08000a74   0x0000000c   Code   RO         1598    i.DMA2_Stream0_IRQHandler  stm32f7xx_it.o
    0x08000a80   0x08000a80   0x00000002   Code   RO         1599    i.DebugMon_Handler  stm32f7xx_it.o
    0x08000a82   0x08000a82   0x00000002   PAD
    0x08000a84   0x08000a84   0x0000000c   Code   RO         1600    i.ETH_IRQHandler    stm32f7xx_it.o
    0x08000a90   0x08000a90   0x00000124   Code   RO         1790    i.ETH_MACDMAConfig  stm32f7xx_hal_eth.o
    0x08000bb4   0x08000bb4   0x00000006   Code   RO         1601    i.EXTI0_IRQHandler  stm32f7xx_it.o
    0x08000bba   0x08000bba   0x00000002   PAD
    0x08000bbc   0x08000bbc   0x00000054   Code   RO         8083    i.FATFS_LinkDriver  ff_gen_drv.o
    0x08000c10   0x08000c10   0x00000002   Code   RO         2533    i.HAL_ADCEx_InjectedConvCpltCallback  stm32f7xx_hal_adc_ex.o
    0x08000c12   0x08000c12   0x00000002   PAD
    0x08000c14   0x08000c14   0x000001cc   Code   RO         2368    i.HAL_ADC_ConfigChannel  stm32f7xx_hal_adc.o
    0x08000de0   0x08000de0   0x00000098   Code   RO          812    i.HAL_ADC_ConvCpltCallback  adc.o
    0x08000e78   0x08000e78   0x00000002   Code   RO         2370    i.HAL_ADC_ConvHalfCpltCallback  stm32f7xx_hal_adc.o
    0x08000e7a   0x08000e7a   0x00000002   Code   RO         2372    i.HAL_ADC_ErrorCallback  stm32f7xx_hal_adc.o
    0x08000e7c   0x08000e7c   0x00000156   Code   RO         2376    i.HAL_ADC_IRQHandler  stm32f7xx_hal_adc.o
    0x08000fd2   0x08000fd2   0x00000002   PAD
    0x08000fd4   0x08000fd4   0x0000017c   Code   RO         2377    i.HAL_ADC_Init      stm32f7xx_hal_adc.o
    0x08001150   0x08001150   0x00000002   Code   RO         2378    i.HAL_ADC_LevelOutOfWindowCallback  stm32f7xx_hal_adc.o
    0x08001152   0x08001152   0x00000002   PAD
    0x08001154   0x08001154   0x000000a4   Code   RO          814    i.HAL_ADC_MspInit   adc.o
    0x080011f8   0x080011f8   0x00000170   Code   RO         2384    i.HAL_ADC_Start_DMA  stm32f7xx_hal_adc.o
    0x08001368   0x08001368   0x0000002e   Code   RO         2635    i.HAL_CAN_ActivateNotification  stm32f7xx_hal_can.o
    0x08001396   0x08001396   0x000000f2   Code   RO         2636    i.HAL_CAN_AddTxMessage  stm32f7xx_hal_can.o
    0x08001488   0x08001488   0x00000130   Code   RO         2637    i.HAL_CAN_ConfigFilter  stm32f7xx_hal_can.o
    0x080015b8   0x080015b8   0x00000002   Code   RO         2640    i.HAL_CAN_ErrorCallback  stm32f7xx_hal_can.o
    0x080015ba   0x080015ba   0x00000134   Code   RO         2643    i.HAL_CAN_GetRxMessage  stm32f7xx_hal_can.o
    0x080016ee   0x080016ee   0x00000236   Code   RO         2647    i.HAL_CAN_IRQHandler  stm32f7xx_hal_can.o
    0x08001924   0x08001924   0x0000012a   Code   RO         2648    i.HAL_CAN_Init      stm32f7xx_hal_can.o
    0x08001a4e   0x08001a4e   0x00000002   PAD
    0x08001a50   0x08001a50   0x00000084   Code   RO          869    i.HAL_CAN_MspInit   can.o
    0x08001ad4   0x08001ad4   0x00000002   Code   RO         2655    i.HAL_CAN_RxFifo0FullCallback  stm32f7xx_hal_can.o
    0x08001ad6   0x08001ad6   0x00000002   PAD
    0x08001ad8   0x08001ad8   0x00000030   Code   RO          870    i.HAL_CAN_RxFifo0MsgPendingCallback  can.o
    0x08001b08   0x08001b08   0x00000002   Code   RO         2657    i.HAL_CAN_RxFifo1FullCallback  stm32f7xx_hal_can.o
    0x08001b0a   0x08001b0a   0x00000002   PAD
    0x08001b0c   0x08001b0c   0x00000050   Code   RO          871    i.HAL_CAN_RxFifo1MsgPendingCallback  can.o
    0x08001b5c   0x08001b5c   0x00000002   Code   RO         2659    i.HAL_CAN_SleepCallback  stm32f7xx_hal_can.o
    0x08001b5e   0x08001b5e   0x00000002   PAD
    0x08001b60   0x08001b60   0x00000064   Code   RO         2660    i.HAL_CAN_Start     stm32f7xx_hal_can.o
    0x08001bc4   0x08001bc4   0x00000002   Code   RO         2662    i.HAL_CAN_TxMailbox0AbortCallback  stm32f7xx_hal_can.o
    0x08001bc6   0x08001bc6   0x00000002   PAD
    0x08001bc8   0x08001bc8   0x00000010   Code   RO          872    i.HAL_CAN_TxMailbox0CompleteCallback  can.o
    0x08001bd8   0x08001bd8   0x00000002   Code   RO         2664    i.HAL_CAN_TxMailbox1AbortCallback  stm32f7xx_hal_can.o
    0x08001bda   0x08001bda   0x00000002   Code   RO         2665    i.HAL_CAN_TxMailbox1CompleteCallback  stm32f7xx_hal_can.o
    0x08001bdc   0x08001bdc   0x00000002   Code   RO         2666    i.HAL_CAN_TxMailbox2AbortCallback  stm32f7xx_hal_can.o
    0x08001bde   0x08001bde   0x00000002   Code   RO         2667    i.HAL_CAN_TxMailbox2CompleteCallback  stm32f7xx_hal_can.o
    0x08001be0   0x08001be0   0x00000002   Code   RO         2669    i.HAL_CAN_WakeUpFromRxMsgCallback  stm32f7xx_hal_can.o
    0x08001be2   0x08001be2   0x00000024   Code   RO         5041    i.HAL_DMA_Abort_IT  stm32f7xx_hal_dma.o
    0x08001c06   0x08001c06   0x00000002   PAD
    0x08001c08   0x08001c08   0x000001dc   Code   RO         5045    i.HAL_DMA_IRQHandler  stm32f7xx_hal_dma.o
    0x08001de4   0x08001de4   0x00000174   Code   RO         5046    i.HAL_DMA_Init      stm32f7xx_hal_dma.o
    0x08001f58   0x08001f58   0x0000009c   Code   RO         5050    i.HAL_DMA_Start_IT  stm32f7xx_hal_dma.o
    0x08001ff4   0x08001ff4   0x00000028   Code   RO         5390    i.HAL_Delay         stm32f7xx_hal.o
    0x0800201c   0x0800201c   0x00000158   Code   RO         1792    i.HAL_ETH_ConfigMAC  stm32f7xx_hal_eth.o
    0x08002174   0x08002174   0x00000084   Code   RO         1793    i.HAL_ETH_DMARxDescListInit  stm32f7xx_hal_eth.o
    0x080021f8   0x080021f8   0x00000090   Code   RO         1794    i.HAL_ETH_DMATxDescListInit  stm32f7xx_hal_eth.o
    0x08002288   0x08002288   0x00000002   Code   RO         1796    i.HAL_ETH_ErrorCallback  stm32f7xx_hal_eth.o
    0x0800228a   0x0800228a   0x000000a4   Code   RO         1797    i.HAL_ETH_GetReceivedFrame  stm32f7xx_hal_eth.o
    0x0800232e   0x0800232e   0x00000006   Code   RO         1799    i.HAL_ETH_GetState  stm32f7xx_hal_eth.o
    0x08002334   0x08002334   0x00000086   Code   RO         1800    i.HAL_ETH_IRQHandler  stm32f7xx_hal_eth.o
    0x080023ba   0x080023ba   0x00000002   PAD
    0x080023bc   0x080023bc   0x000002f0   Code   RO         1801    i.HAL_ETH_Init      stm32f7xx_hal_eth.o
    0x080026ac   0x080026ac   0x000000a0   Code   RO         1175    i.HAL_ETH_MspInit   ethernetif.o
    0x0800274c   0x0800274c   0x0000008c   Code   RO         1804    i.HAL_ETH_ReadPHYRegister  stm32f7xx_hal_eth.o
    0x080027d8   0x080027d8   0x00000002   Code   RO         1805    i.HAL_ETH_RxCpltCallback  stm32f7xx_hal_eth.o
    0x080027da   0x080027da   0x000000a6   Code   RO         1806    i.HAL_ETH_Start     stm32f7xx_hal_eth.o
    0x08002880   0x08002880   0x000000a6   Code   RO         1807    i.HAL_ETH_Stop      stm32f7xx_hal_eth.o
    0x08002926   0x08002926   0x00000132   Code   RO         1808    i.HAL_ETH_TransmitFrame  stm32f7xx_hal_eth.o
    0x08002a58   0x08002a58   0x00000002   Code   RO         1809    i.HAL_ETH_TxCpltCallback  stm32f7xx_hal_eth.o
    0x08002a5a   0x08002a5a   0x00000002   PAD
    0x08002a5c   0x08002a5c   0x00000080   Code   RO         1810    i.HAL_ETH_WritePHYRegister  stm32f7xx_hal_eth.o
    0x08002adc   0x08002adc   0x00000040   Code   RO          683    i.HAL_GPIO_EXTI_Callback  main.o
    0x08002b1c   0x08002b1c   0x00000018   Code   RO         4976    i.HAL_GPIO_EXTI_IRQHandler  stm32f7xx_hal_gpio.o
    0x08002b34   0x08002b34   0x00000258   Code   RO         4977    i.HAL_GPIO_Init     stm32f7xx_hal_gpio.o
    0x08002d8c   0x08002d8c   0x0000000a   Code   RO         4979    i.HAL_GPIO_ReadPin  stm32f7xx_hal_gpio.o
    0x08002d96   0x08002d96   0x00000008   Code   RO         4980    i.HAL_GPIO_TogglePin  stm32f7xx_hal_gpio.o
    0x08002d9e   0x08002d9e   0x0000000a   Code   RO         4981    i.HAL_GPIO_WritePin  stm32f7xx_hal_gpio.o
    0x08002da8   0x08002da8   0x0000000c   Code   RO         5400    i.HAL_GetTick       stm32f7xx_hal.o
    0x08002db4   0x08002db4   0x00000008   Code   RO         1422    i.HAL_HCD_Connect_Callback  usbh_conf.o
    0x08002dbc   0x08002dbc   0x00000008   Code   RO         1423    i.HAL_HCD_Disconnect_Callback  usbh_conf.o
    0x08002dc4   0x08002dc4   0x00000006   Code   RO         1935    i.HAL_HCD_GetCurrentFrame  stm32f7xx_hal_hcd.o
    0x08002dca   0x08002dca   0x00000006   Code   RO         1936    i.HAL_HCD_GetCurrentSpeed  stm32f7xx_hal_hcd.o
    0x08002dd0   0x08002dd0   0x0000000e   Code   RO         1939    i.HAL_HCD_HC_GetURBState  stm32f7xx_hal_hcd.o
    0x08002dde   0x08002dde   0x0000000c   Code   RO         1940    i.HAL_HCD_HC_GetXferCount  stm32f7xx_hal_hcd.o
    0x08002dea   0x08002dea   0x00000024   Code   RO         1941    i.HAL_HCD_HC_Halt   stm32f7xx_hal_hcd.o
    0x08002e0e   0x08002e0e   0x00000070   Code   RO         1942    i.HAL_HCD_HC_Init   stm32f7xx_hal_hcd.o
    0x08002e7e   0x08002e7e   0x00000002   Code   RO         1424    i.HAL_HCD_HC_NotifyURBChange_Callback  usbh_conf.o
    0x08002e80   0x08002e80   0x000000ac   Code   RO         1944    i.HAL_HCD_HC_SubmitRequest  stm32f7xx_hal_hcd.o
    0x08002f2c   0x08002f2c   0x00000734   Code   RO         1945    i.HAL_HCD_IRQHandler  stm32f7xx_hal_hcd.o
    0x08003660   0x08003660   0x00000070   Code   RO         1946    i.HAL_HCD_Init      stm32f7xx_hal_hcd.o
    0x080036d0   0x080036d0   0x00000084   Code   RO         1426    i.HAL_HCD_MspInit   usbh_conf.o
    0x08003754   0x08003754   0x00000002   Code   RO         1949    i.HAL_HCD_PortDisabled_Callback  stm32f7xx_hal_hcd.o
    0x08003756   0x08003756   0x00000002   Code   RO         1950    i.HAL_HCD_PortEnabled_Callback  stm32f7xx_hal_hcd.o
    0x08003758   0x08003758   0x00000006   Code   RO         1951    i.HAL_HCD_ResetPort  stm32f7xx_hal_hcd.o
    0x0800375e   0x0800375e   0x00000008   Code   RO         1427    i.HAL_HCD_SOF_Callback  usbh_conf.o
    0x08003766   0x08003766   0x0000002c   Code   RO         1953    i.HAL_HCD_Start     stm32f7xx_hal_hcd.o
    0x08003792   0x08003792   0x00000024   Code   RO         1954    i.HAL_HCD_Stop      stm32f7xx_hal_hcd.o
    0x080037b6   0x080037b6   0x00000064   Code   RO         3386    i.HAL_I2CEx_ConfigAnalogFilter  stm32f7xx_hal_i2c_ex.o
    0x0800381a   0x0800381a   0x00000060   Code   RO         3387    i.HAL_I2CEx_ConfigDigitalFilter  stm32f7xx_hal_i2c_ex.o
    0x0800387a   0x0800387a   0x00000002   Code   RO         2998    i.HAL_I2C_AbortCpltCallback  stm32f7xx_hal_i2c.o
    0x0800387c   0x0800387c   0x00000002   Code   RO         2999    i.HAL_I2C_AddrCallback  stm32f7xx_hal_i2c.o
    0x0800387e   0x0800387e   0x00000078   Code   RO         3002    i.HAL_I2C_ER_IRQHandler  stm32f7xx_hal_i2c.o
    0x080038f6   0x080038f6   0x00000010   Code   RO         3003    i.HAL_I2C_EV_IRQHandler  stm32f7xx_hal_i2c.o
    0x08003906   0x08003906   0x00000002   Code   RO         3005    i.HAL_I2C_ErrorCallback  stm32f7xx_hal_i2c.o
    0x08003908   0x08003908   0x000000b4   Code   RO         3009    i.HAL_I2C_Init      stm32f7xx_hal_i2c.o
    0x080039bc   0x080039bc   0x00000002   Code   RO         3011    i.HAL_I2C_ListenCpltCallback  stm32f7xx_hal_i2c.o
    0x080039be   0x080039be   0x00000002   PAD
    0x080039c0   0x080039c0   0x00000270   Code   RO         3015    i.HAL_I2C_Master_Receive  stm32f7xx_hal_i2c.o
    0x08003c30   0x08003c30   0x00000188   Code   RO         3020    i.HAL_I2C_Master_Transmit  stm32f7xx_hal_i2c.o
    0x08003db8   0x08003db8   0x00000074   Code   RO         1065    i.HAL_I2C_MspInit   i2c.o
    0x08003e2c   0x08003e2c   0x00000002   Code   RO         3033    i.HAL_I2C_SlaveRxCpltCallback  stm32f7xx_hal_i2c.o
    0x08003e2e   0x08003e2e   0x00000002   Code   RO         3034    i.HAL_I2C_SlaveTxCpltCallback  stm32f7xx_hal_i2c.o
    0x08003e30   0x08003e30   0x00000010   Code   RO         5406    i.HAL_IncTick       stm32f7xx_hal.o
    0x08003e40   0x08003e40   0x0000002c   Code   RO         5407    i.HAL_Init          stm32f7xx_hal.o
    0x08003e6c   0x08003e6c   0x00000040   Code   RO         5408    i.HAL_InitTick      stm32f7xx_hal.o
    0x08003eac   0x08003eac   0x00000060   Code   RO         2868    i.HAL_MPU_ConfigRegion  stm32f7xx_hal_cortex.o
    0x08003f0c   0x08003f0c   0x00000020   Code   RO         2869    i.HAL_MPU_Disable   stm32f7xx_hal_cortex.o
    0x08003f2c   0x08003f2c   0x00000024   Code   RO         2870    i.HAL_MPU_Enable    stm32f7xx_hal_cortex.o
    0x08003f50   0x08003f50   0x00000084   Code   RO         1759    i.HAL_MspInit       stm32f7xx_hal_msp.o
    0x08003fd4   0x08003fd4   0x00000018   Code   RO         2873    i.HAL_NVIC_EnableIRQ  stm32f7xx_hal_cortex.o
    0x08003fec   0x08003fec   0x00000060   Code   RO         2879    i.HAL_NVIC_SetPriority  stm32f7xx_hal_cortex.o
    0x0800404c   0x0800404c   0x00000024   Code   RO         2880    i.HAL_NVIC_SetPriorityGrouping  stm32f7xx_hal_cortex.o
    0x08004070   0x08004070   0x0000007c   Code   RO         5297    i.HAL_PWREx_EnableOverDrive  stm32f7xx_hal_pwr_ex.o
    0x080040ec   0x080040ec   0x000005e0   Code   RO         4779    i.HAL_RCCEx_PeriphCLKConfig  stm32f7xx_hal_rcc_ex.o
    0x080046cc   0x080046cc   0x000001c8   Code   RO         4673    i.HAL_RCC_ClockConfig  stm32f7xx_hal_rcc.o
    0x08004894   0x08004894   0x0000000c   Code   RO         4678    i.HAL_RCC_GetHCLKFreq  stm32f7xx_hal_rcc.o
    0x080048a0   0x080048a0   0x000003c4   Code   RO         4685    i.HAL_RCC_OscConfig  stm32f7xx_hal_rcc.o
    0x08004c64   0x08004c64   0x00000068   Code   RO         3433    i.HAL_RTC_GetDate   stm32f7xx_hal_rtc.o
    0x08004ccc   0x08004ccc   0x00000080   Code   RO         3435    i.HAL_RTC_GetTime   stm32f7xx_hal_rtc.o
    0x08004d4c   0x08004d4c   0x000000ca   Code   RO         3436    i.HAL_RTC_Init      stm32f7xx_hal_rtc.o
    0x08004e16   0x08004e16   0x00000002   PAD
    0x08004e18   0x08004e18   0x00000020   Code   RO         1263    i.HAL_RTC_MspInit   rtc.o
    0x08004e38   0x08004e38   0x00000126   Code   RO         3442    i.HAL_RTC_SetDate   stm32f7xx_hal_rtc.o
    0x08004f5e   0x08004f5e   0x00000002   PAD
    0x08004f60   0x08004f60   0x0000014c   Code   RO         3443    i.HAL_RTC_SetTime   stm32f7xx_hal_rtc.o
    0x080050ac   0x080050ac   0x00000016   Code   RO         2882    i.HAL_SYSTICK_CLKSourceConfig  stm32f7xx_hal_cortex.o
    0x080050c2   0x080050c2   0x00000002   Code   RO         2883    i.HAL_SYSTICK_Callback  stm32f7xx_hal_cortex.o
    0x080050c4   0x080050c4   0x00000028   Code   RO         2884    i.HAL_SYSTICK_Config  stm32f7xx_hal_cortex.o
    0x080050ec   0x080050ec   0x00000008   Code   RO         2885    i.HAL_SYSTICK_IRQHandler  stm32f7xx_hal_cortex.o
    0x080050f4   0x080050f4   0x00000002   Code   RO         4408    i.HAL_TIMEx_BreakCallback  stm32f7xx_hal_tim_ex.o
    0x080050f6   0x080050f6   0x00000002   Code   RO         4409    i.HAL_TIMEx_CommutationCallback  stm32f7xx_hal_tim_ex.o
    0x080050f8   0x080050f8   0x0000005e   Code   RO         4427    i.HAL_TIMEx_MasterConfigSynchronization  stm32f7xx_hal_tim_ex.o
    0x08005156   0x08005156   0x00000036   Code   RO         3806    i.HAL_TIM_Base_Init  stm32f7xx_hal_tim.o
    0x0800518c   0x0800518c   0x00000098   Code   RO         1330    i.HAL_TIM_Base_MspInit  tim.o
    0x08005224   0x08005224   0x00000018   Code   RO         3811    i.HAL_TIM_Base_Start_IT  stm32f7xx_hal_tim.o
    0x0800523c   0x0800523c   0x0000002a   Code   RO         3814    i.HAL_TIM_Base_Stop_IT  stm32f7xx_hal_tim.o
    0x08005266   0x08005266   0x000001d4   Code   RO         3815    i.HAL_TIM_ConfigClockSource  stm32f7xx_hal_tim.o
    0x0800543a   0x0800543a   0x00000002   Code   RO         3835    i.HAL_TIM_IC_CaptureCallback  stm32f7xx_hal_tim.o
    0x0800543c   0x0800543c   0x00000184   Code   RO         3848    i.HAL_TIM_IRQHandler  stm32f7xx_hal_tim.o
    0x080055c0   0x080055c0   0x00000002   Code   RO         3851    i.HAL_TIM_OC_DelayElapsedCallback  stm32f7xx_hal_tim.o
    0x080055c2   0x080055c2   0x00000002   Code   RO         3878    i.HAL_TIM_PWM_PulseFinishedCallback  stm32f7xx_hal_tim.o
    0x080055c4   0x080055c4   0x00000002   Code   RO         3885    i.HAL_TIM_PeriodElapsedCallback  stm32f7xx_hal_tim.o
    0x080055c6   0x080055c6   0x00000002   Code   RO         3889    i.HAL_TIM_TriggerCallback  stm32f7xx_hal_tim.o
    0x080055c8   0x080055c8   0x00000002   Code   RO         1602    i.HardFault_Handler  stm32f7xx_it.o
    0x080055ca   0x080055ca   0x00000002   PAD
    0x080055cc   0x080055cc   0x0000000c   Code   RO         1603    i.I2C4_ER_IRQHandler  stm32f7xx_it.o
    0x080055d8   0x080055d8   0x0000000c   Code   RO         1604    i.I2C4_EV_IRQHandler  stm32f7xx_it.o
    0x080055e4   0x080055e4   0x00000032   Code   RO         3043    i.I2C_DMAAbort      stm32f7xx_hal_i2c.o
    0x08005616   0x08005616   0x00000064   Code   RO         3049    i.I2C_Disable_IRQ   stm32f7xx_hal_i2c.o
    0x0800567a   0x0800567a   0x00000002   PAD
    0x0800567c   0x0800567c   0x000000ec   Code   RO         3051    i.I2C_ITError       stm32f7xx_hal_i2c.o
    0x08005768   0x08005768   0x00000168   Code   RO         3053    i.I2C_ITSlaveCplt   stm32f7xx_hal_i2c.o
    0x080058d0   0x080058d0   0x000002dc   Code   RO         3059    i.I2C_Slave_ISR_IT  stm32f7xx_hal_i2c.o
    0x08005bac   0x08005bac   0x00000066   Code   RO         3060    i.I2C_WaitOnFlagUntilTimeout  stm32f7xx_hal_i2c.o
    0x08005c12   0x08005c12   0x00000002   PAD
    0x08005c14   0x08005c14   0x000000d4   Code   RO         3061    i.I2C_WaitOnSTOPFlagUntilTimeout  stm32f7xx_hal_i2c.o
    0x08005ce8   0x08005ce8   0x000000d8   Code   RO         3062    i.I2C_WaitOnTXISFlagUntilTimeout  stm32f7xx_hal_i2c.o
    0x08005dc0   0x08005dc0   0x000001d0   Code   RO          425    i.Imu_Dcu_Conversion_To_Buffer  data.o
    0x08005f90   0x08005f90   0x000000bc   Code   RO          453    i.MPU_Config        system.o
    0x0800604c   0x0800604c   0x00000094   Code   RO          815    i.MX_ADC1_Init      adc.o
    0x080060e0   0x080060e0   0x0000005c   Code   RO          873    i.MX_CAN1_Init      can.o
    0x0800613c   0x0800613c   0x0000002c   Code   RO          946    i.MX_DMA_Init       dma.o
    0x08006168   0x08006168   0x00000014   Code   RO         1569    i.MX_DriverVbusHS   usbh_platform.o
    0x0800617c   0x0800617c   0x00000034   Code   RO         1026    i.MX_FATFS_Init     fatfs.o
    0x080061b0   0x080061b0   0x0000016c   Code   RO          788    i.MX_GPIO_Init      gpio.o
    0x0800631c   0x0800631c   0x00000078   Code   RO         1066    i.MX_I2C4_Init      i2c.o
    0x08006394   0x08006394   0x00000118   Code   RO         1106    i.MX_LWIP_Init      lwip.o
    0x080064ac   0x080064ac   0x0000001c   Code   RO         1107    i.MX_LWIP_Process   lwip.o
    0x080064c8   0x080064c8   0x000000a0   Code   RO         1264    i.MX_RTC_Init       rtc.o
    0x08006568   0x08006568   0x0000007c   Code   RO         1331    i.MX_TIM5_Init      tim.o
    0x080065e4   0x080065e4   0x00000064   Code   RO         1332    i.MX_TIM6_Init      tim.o
    0x08006648   0x08006648   0x00000064   Code   RO         1333    i.MX_TIM7_Init      tim.o
    0x080066ac   0x080066ac   0x0000002c   Code   RO         1383    i.MX_USB_HOST_Init  usb_host.o
    0x080066d8   0x080066d8   0x0000000c   Code   RO         1384    i.MX_USB_HOST_Process  usb_host.o
    0x080066e4   0x080066e4   0x00000002   Code   RO         1605    i.MemManage_Handler  stm32f7xx_it.o
    0x080066e6   0x080066e6   0x00000002   Code   RO         1606    i.NMI_Handler       stm32f7xx_it.o
    0x080066e8   0x080066e8   0x0000000c   Code   RO         1607    i.OTG_HS_EP1_IN_IRQHandler  stm32f7xx_it.o
    0x080066f4   0x080066f4   0x0000000c   Code   RO         1608    i.OTG_HS_EP1_OUT_IRQHandler  stm32f7xx_it.o
    0x08006700   0x08006700   0x0000000c   Code   RO         1609    i.OTG_HS_IRQHandler  stm32f7xx_it.o
    0x0800670c   0x0800670c   0x00000002   Code   RO         1610    i.PendSV_Handler    stm32f7xx_it.o
    0x0800670e   0x0800670e   0x00000032   Code   RO         3446    i.RTC_ByteToBcd2    stm32f7xx_hal_rtc.o
    0x08006740   0x08006740   0x00000020   Code   RO         1308    i.RTC_Get_Value     rtc.o
    0x08006760   0x08006760   0x00000002   Code   RO         1611    i.SVC_Handler       stm32f7xx_it.o
    0x08006762   0x08006762   0x0000000e   Code   RO         1612    i.SysTick_Handler   stm32f7xx_it.o
    0x08006770   0x08006770   0x000000dc   Code   RO          684    i.SystemClock_Config  main.o
    0x0800684c   0x0800684c   0x00000060   Code   RO         5591    i.SystemInit        system_stm32f7xx.o
    0x080068ac   0x080068ac   0x00000014   Code   RO         1613    i.TIM5_IRQHandler   stm32f7xx_it.o
    0x080068c0   0x080068c0   0x00000060   Code   RO          723    i.TIM5_IRQ_User_Handler  main.o
    0x08006920   0x08006920   0x00000014   Code   RO         1614    i.TIM6_DAC_IRQHandler  stm32f7xx_it.o
    0x08006934   0x08006934   0x00000044   Code   RO          717    i.TIM6_IRQ_User_Handler  main.o
    0x08006978   0x08006978   0x00000014   Code   RO         1615    i.TIM7_IRQHandler   stm32f7xx_it.o
    0x0800698c   0x0800698c   0x00000074   Code   RO          729    i.TIM7_IRQ_User_Handler  main.o
    0x08006a00   0x08006a00   0x000000cc   Code   RO         3890    i.TIM_Base_SetConfig  stm32f7xx_hal_tim.o
    0x08006acc   0x08006acc   0x00000060   Code   RO           54    i.UDP_Deinit        user_ethernet_udp.o
    0x08006b2c   0x08006b2c   0x00000120   Code   RO            4    i.UDP_Init          user_ethernet_udp.o
    0x08006c4c   0x08006c4c   0x000000ac   Code   RO          370    i.UDP_Packet_Comand  command_processing.o
    0x08006cf8   0x08006cf8   0x00000054   Code   RO           77    i.UDP_Receive_Processig  user_ethernet_udp.o
    0x08006d4c   0x08006d4c   0x00000058   Code   RO            5    i.UDP_Receive_Telemetry_Command  user_ethernet_udp.o
    0x08006da4   0x08006da4   0x0000007c   Code   RO           48    i.UDP_Send_Error    user_ethernet_udp.o
    0x08006e20   0x08006e20   0x00000100   Code   RO           71    i.UDP_Send_Processig  user_ethernet_udp.o
    0x08006f20   0x08006f20   0x00000074   Code   RO           43    i.UDP_Send_Queue    user_ethernet_udp.o
    0x08006f94   0x08006f94   0x0000003e   Code   RO         8394    i.USBH_AllocPipe    usbh_pipes.o
    0x08006fd2   0x08006fd2   0x00000026   Code   RO         8322    i.USBH_BulkReceiveData  usbh_ioreq.o
    0x08006ff8   0x08006ff8   0x00000030   Code   RO         8323    i.USBH_BulkSendData  usbh_ioreq.o
    0x08007028   0x08007028   0x0000000a   Code   RO         8395    i.USBH_ClosePipe    usbh_pipes.o
    0x08007032   0x08007032   0x00000022   Code   RO         8245    i.USBH_ClrFeature   usbh_ctlreq.o
    0x08007054   0x08007054   0x00000026   Code   RO         8324    i.USBH_CtlReceiveData  usbh_ioreq.o
    0x0800707a   0x0800707a   0x00000196   Code   RO         8246    i.USBH_CtlReq       usbh_ctlreq.o
    0x08007210   0x08007210   0x00000030   Code   RO         8325    i.USBH_CtlSendData  usbh_ioreq.o
    0x08007240   0x08007240   0x00000022   Code   RO         8326    i.USBH_CtlSendSetup  usbh_ioreq.o
    0x08007262   0x08007262   0x00000004   Code   RO         1428    i.USBH_Delay        usbh_conf.o
    0x08007266   0x08007266   0x00000052   Code   RO         8133    i.USBH_FindInterface  usbh_core.o
    0x080072b8   0x080072b8   0x00000018   Code   RO         8396    i.USBH_FreePipe     usbh_pipes.o
    0x080072d0   0x080072d0   0x00000166   Code   RO         8249    i.USBH_Get_CfgDesc  usbh_ctlreq.o
    0x08007436   0x08007436   0x000000c8   Code   RO         8250    i.USBH_Get_DevDesc  usbh_ctlreq.o
    0x080074fe   0x080074fe   0x00000002   PAD
    0x08007500   0x08007500   0x00000090   Code   RO         8251    i.USBH_Get_StringDesc  usbh_ctlreq.o
    0x08007590   0x08007590   0x0000006a   Code   RO         8136    i.USBH_Init         usbh_core.o
    0x080075fa   0x080075fa   0x00000020   Code   RO         1429    i.USBH_LL_ClosePipe  usbh_conf.o
    0x0800761a   0x0800761a   0x00000028   Code   RO         8137    i.USBH_LL_Connect   usbh_core.o
    0x08007642   0x08007642   0x00000038   Code   RO         8138    i.USBH_LL_Disconnect  usbh_core.o
    0x0800767a   0x0800767a   0x0000001a   Code   RO         1431    i.USBH_LL_DriverVBUS  usbh_conf.o
    0x08007694   0x08007694   0x00000008   Code   RO         1432    i.USBH_LL_GetLastXferSize  usbh_conf.o
    0x0800769c   0x0800769c   0x00000020   Code   RO         1433    i.USBH_LL_GetSpeed  usbh_conf.o
    0x080076bc   0x080076bc   0x0000001e   Code   RO         1434    i.USBH_LL_GetToggle  usbh_conf.o
    0x080076da   0x080076da   0x00000008   Code   RO         1435    i.USBH_LL_GetURBState  usbh_conf.o
    0x080076e2   0x080076e2   0x00000020   Code   RO         8139    i.USBH_LL_IncTimer  usbh_core.o
    0x08007702   0x08007702   0x00000002   PAD
    0x08007704   0x08007704   0x00000074   Code   RO         1436    i.USBH_LL_Init      usbh_conf.o
    0x08007778   0x08007778   0x00000034   Code   RO         1437    i.USBH_LL_OpenPipe  usbh_conf.o
    0x080077ac   0x080077ac   0x00000020   Code   RO         1438    i.USBH_LL_ResetPort  usbh_conf.o
    0x080077cc   0x080077cc   0x00000006   Code   RO         8140    i.USBH_LL_SetTimer  usbh_core.o
    0x080077d2   0x080077d2   0x00000020   Code   RO         1439    i.USBH_LL_SetToggle  usbh_conf.o
    0x080077f2   0x080077f2   0x00000020   Code   RO         1440    i.USBH_LL_Start     usbh_conf.o
    0x08007812   0x08007812   0x00000020   Code   RO         1441    i.USBH_LL_Stop      usbh_conf.o
    0x08007832   0x08007832   0x0000002e   Code   RO         1442    i.USBH_LL_SubmitURB  usbh_conf.o
    0x08007860   0x08007860   0x00000024   Code   RO         8522    i.USBH_MSC_BOT_Init  usbh_msc_bot.o
    0x08007884   0x08007884   0x00000200   Code   RO         8523    i.USBH_MSC_BOT_Process  usbh_msc_bot.o
    0x08007a84   0x08007a84   0x00000020   Code   RO         8524    i.USBH_MSC_BOT_REQ_GetMaxLUN  usbh_msc_bot.o
    0x08007aa4   0x08007aa4   0x00000076   Code   RO         8436    i.USBH_MSC_ClassRequest  usbh_msc.o
    0x08007b1a   0x08007b1a   0x0000004a   Code   RO         8437    i.USBH_MSC_GetLUNInfo  usbh_msc.o
    0x08007b64   0x08007b64   0x0000004a   Code   RO         8439    i.USBH_MSC_InterfaceDeInit  usbh_msc.o
    0x08007bae   0x08007bae   0x00000154   Code   RO         8440    i.USBH_MSC_InterfaceInit  usbh_msc.o
    0x08007d02   0x08007d02   0x00000002   PAD
    0x08007d04   0x08007d04   0x000002b6   Code   RO         8442    i.USBH_MSC_Process  usbh_msc.o
    0x08007fba   0x08007fba   0x000001a0   Code   RO         8443    i.USBH_MSC_Read     usbh_msc.o
    0x0800815a   0x0800815a   0x000000d6   Code   RO         8564    i.USBH_MSC_SCSI_Inquiry  usbh_msc_scsi.o
    0x08008230   0x08008230   0x00000098   Code   RO         8565    i.USBH_MSC_SCSI_Read  usbh_msc_scsi.o
    0x080082c8   0x080082c8   0x0000009a   Code   RO         8566    i.USBH_MSC_SCSI_ReadCapacity  usbh_msc_scsi.o
    0x08008362   0x08008362   0x000000a8   Code   RO         8567    i.USBH_MSC_SCSI_RequestSense  usbh_msc_scsi.o
    0x0800840a   0x0800840a   0x0000005c   Code   RO         8568    i.USBH_MSC_SCSI_TestUnitReady  usbh_msc_scsi.o
    0x08008466   0x08008466   0x00000096   Code   RO         8569    i.USBH_MSC_SCSI_Write  usbh_msc_scsi.o
    0x080084fc   0x080084fc   0x00000004   Code   RO         8444    i.USBH_MSC_SOFProcess  usbh_msc.o
    0x08008500   0x08008500   0x00000028   Code   RO         8445    i.USBH_MSC_UnitIsReady  usbh_msc.o
    0x08008528   0x08008528   0x000001a0   Code   RO         8446    i.USBH_MSC_Write    usbh_msc.o
    0x080086c8   0x080086c8   0x0000001c   Code   RO         8397    i.USBH_OpenPipe     usbh_pipes.o
    0x080086e4   0x080086e4   0x000002f4   Code   RO         8141    i.USBH_Process      usbh_core.o
    0x080089d8   0x080089d8   0x0000001e   Code   RO         8143    i.USBH_RegisterClass  usbh_core.o
    0x080089f6   0x080089f6   0x00000014   Code   RO         8144    i.USBH_SelectInterface  usbh_core.o
    0x08008a0a   0x08008a0a   0x0000001c   Code   RO         8252    i.USBH_SetAddress   usbh_ctlreq.o
    0x08008a26   0x08008a26   0x0000001c   Code   RO         8253    i.USBH_SetCfg       usbh_ctlreq.o
    0x08008a42   0x08008a42   0x00000014   Code   RO         8145    i.USBH_Start        usbh_core.o
    0x08008a56   0x08008a56   0x00000002   PAD
    0x08008a58   0x08008a58   0x00000070   Code   RO         1385    i.USBH_UserProcess  usb_host.o
    0x08008ac8   0x08008ac8   0x00000004   Code   RO          970    i.USBH_initialize   usbh_diskio.o
    0x08008acc   0x08008acc   0x00000074   Code   RO          971    i.USBH_ioctl        usbh_diskio.o
    0x08008b40   0x08008b40   0x00000090   Code   RO          972    i.USBH_read         usbh_diskio.o
    0x08008bd0   0x08008bd0   0x0000001c   Code   RO          973    i.USBH_status       usbh_diskio.o
    0x08008bec   0x08008bec   0x000000a0   Code   RO          974    i.USBH_write        usbh_diskio.o
    0x08008c8c   0x08008c8c   0x0000003c   Code   RO          515    i.USB_Close_File    user_usb.o
    0x08008cc8   0x08008cc8   0x000000cc   Code   RO         2092    i.USB_CoreInit      stm32f7xx_ll_usb.o
    0x08008d94   0x08008d94   0x0000000c   Code   RO         2098    i.USB_DisableGlobalInt  stm32f7xx_ll_usb.o
    0x08008da0   0x08008da0   0x00000036   Code   RO         2100    i.USB_DriveVbus     stm32f7xx_ll_usb.o
    0x08008dd6   0x08008dd6   0x0000000c   Code   RO         2106    i.USB_EnableGlobalInt  stm32f7xx_ll_usb.o
    0x08008de2   0x08008de2   0x00000008   Code   RO         2109    i.USB_GetCurrentFrame  stm32f7xx_ll_usb.o
    0x08008dea   0x08008dea   0x00000010   Code   RO         2111    i.USB_GetHostSpeed  stm32f7xx_ll_usb.o
    0x08008dfa   0x08008dfa   0x00000008   Code   RO         2112    i.USB_GetMode       stm32f7xx_ll_usb.o
    0x08008e02   0x08008e02   0x000000ce   Code   RO         2113    i.USB_HC_Halt       stm32f7xx_ll_usb.o
    0x08008ed0   0x08008ed0   0x000000ea   Code   RO         2114    i.USB_HC_Init       stm32f7xx_ll_usb.o
    0x08008fba   0x08008fba   0x00000008   Code   RO         2115    i.USB_HC_ReadInterrupt  stm32f7xx_ll_usb.o
    0x08008fc2   0x08008fc2   0x00000002   PAD
    0x08008fc4   0x08008fc4   0x000001d8   Code   RO         2116    i.USB_HC_StartXfer  stm32f7xx_ll_usb.o
    0x0800919c   0x0800919c   0x00000110   Code   RO         2117    i.USB_HostInit      stm32f7xx_ll_usb.o
    0x080092ac   0x080092ac   0x00000038   Code   RO         2118    i.USB_InitFSLSPClkSel  stm32f7xx_ll_usb.o
    0x080092e4   0x080092e4   0x000000ac   Code   RO          509    i.USB_Open_File     user_usb.o
    0x08009390   0x08009390   0x00000008   Code   RO         2123    i.USB_ReadInterrupts  stm32f7xx_ll_usb.o
    0x08009398   0x08009398   0x0000003a   Code   RO         2124    i.USB_ReadPacket    stm32f7xx_ll_usb.o
    0x080093d2   0x080093d2   0x00000030   Code   RO         2125    i.USB_ResetPort     stm32f7xx_ll_usb.o
    0x08009402   0x08009402   0x0000002e   Code   RO         2126    i.USB_SetCurrentMode  stm32f7xx_ll_usb.o
    0x08009430   0x08009430   0x000000b4   Code   RO         2130    i.USB_StopHost      stm32f7xx_ll_usb.o
    0x080094e4   0x080094e4   0x00000020   Code   RO          521    i.USB_Write_Block   user_usb.o
    0x08009504   0x08009504   0x00000002   Code   RO         1616    i.UsageFault_Handler  stm32f7xx_it.o
    0x08009506   0x08009506   0x00000002   Code   RO          685    i._Error_Handler    main.o
    0x08009508   0x08009508   0x00000020   Code   RO         8721    i.__0printf$3       mc_w.l(printf3.o)
    0x08009528   0x08009528   0x00000028   Code   RO         8723    i.__0sprintf$3      mc_w.l(printf3.o)
    0x08009550   0x08009550   0x0000000e   Code   RO         8973    i.__scatterload_copy  mc_w.l(handlers.o)
    0x0800955e   0x0800955e   0x00000002   Code   RO         8974    i.__scatterload_null  mc_w.l(handlers.o)
    0x08009560   0x08009560   0x0000000e   Code   RO         8975    i.__scatterload_zeroinit  mc_w.l(handlers.o)
    0x0800956e   0x0800956e   0x00000002   PAD
    0x08009570   0x08009570   0x000001b8   Code   RO         8728    i._printf_core      mc_w.l(printf3.o)
    0x08009728   0x08009728   0x0000000a   Code   RO         8730    i._sputc            mc_w.l(printf3.o)
    0x08009732   0x08009732   0x000000b8   Code   RO         7984    i.create_chain      ff.o
    0x080097ea   0x080097ea   0x00000002   PAD
    0x080097ec   0x080097ec   0x0000001c   Code   RO         7147    i.cyclic_timer      timeouts.o
    0x08009808   0x08009808   0x00000fb0   Code   RO          419    i.data_Conversion   data.o
    0x0800a7b8   0x0800a7b8   0x00000014   Code   RO          852    i.dcu_Debug_Get_Data  adc.o
    0x0800a7cc   0x0800a7cc   0x000001d4   Code   RO          431    i.debug_Data_Conversion  data.o
    0x0800a9a0   0x0800a9a0   0x00000104   Code   RO          604    i.decimal_To_String  string_utility.o
    0x0800aaa4   0x0800aaa4   0x000000fc   Code   RO          610    i.decimal_To_String_Unsigned  string_utility.o
    0x0800aba0   0x0800aba0   0x000001ae   Code   RO         7985    i.dir_next          ff.o
    0x0800ad4e   0x0800ad4e   0x00000098   Code   RO         7986    i.dir_sdi           ff.o
    0x0800ade6   0x0800ade6   0x00000002   PAD
    0x0800ade8   0x0800ade8   0x00000028   Code   RO         7929    i.disk_initialize   diskio.o
    0x0800ae10   0x0800ae10   0x00000018   Code   RO         7930    i.disk_ioctl        diskio.o
    0x0800ae28   0x0800ae28   0x00000020   Code   RO         7931    i.disk_read         diskio.o
    0x0800ae48   0x0800ae48   0x00000014   Code   RO         7932    i.disk_status       diskio.o
    0x0800ae5c   0x0800ae5c   0x00000020   Code   RO         7933    i.disk_write        diskio.o
    0x0800ae7c   0x0800ae7c   0x00000044   Code   RO         7380    i.etharp_cleanup_netif  etharp.o
    0x0800aec0   0x0800aec0   0x00000280   Code   RO         7382    i.etharp_find_entry  etharp.o
    0x0800b140   0x0800b140   0x00000218   Code   RO         7384    i.etharp_input      etharp.o
    0x0800b358   0x0800b358   0x00000288   Code   RO         7385    i.etharp_output     etharp.o
    0x0800b5e0   0x0800b5e0   0x000000b4   Code   RO         7386    i.etharp_output_to_arp_index  etharp.o
    0x0800b694   0x0800b694   0x00000204   Code   RO         7387    i.etharp_query      etharp.o
    0x0800b898   0x0800b898   0x0000011c   Code   RO         7388    i.etharp_raw        etharp.o
    0x0800b9b4   0x0800b9b4   0x0000002c   Code   RO         7389    i.etharp_request    etharp.o
    0x0800b9e0   0x0800b9e0   0x00000098   Code   RO         7390    i.etharp_tmr        etharp.o
    0x0800ba78   0x0800ba78   0x000000ac   Code   RO         6066    i.ethernet_input    ethernet.o
    0x0800bb24   0x0800bb24   0x000000f8   Code   RO         6067    i.ethernet_output   ethernet.o
    0x0800bc1c   0x0800bc1c   0x00000174   Code   RO         1176    i.ethernetif_init   ethernetif.o
    0x0800bd90   0x0800bd90   0x00000100   Code   RO         1177    i.ethernetif_input  ethernetif.o
    0x0800be90   0x0800be90   0x000000b4   Code   RO            6    i.ethernetif_notify_conn_changed  user_ethernet_udp.o
    0x0800bf44   0x0800bf44   0x0000005c   Code   RO         1179    i.ethernetif_set_link  ethernetif.o
    0x0800bfa0   0x0800bfa0   0x000000b4   Code   RO         1180    i.ethernetif_update_config  ethernetif.o
    0x0800c054   0x0800c054   0x00000070   Code   RO         7987    i.f_close           ff.o
    0x0800c0c4   0x0800c0c4   0x00000088   Code   RO         7988    i.f_mount           ff.o
    0x0800c14c   0x0800c14c   0x00000620   Code   RO         7989    i.f_open            ff.o
    0x0800c76c   0x0800c76c   0x000001c8   Code   RO         7991    i.f_sync            ff.o
    0x0800c934   0x0800c934   0x00000334   Code   RO         7992    i.f_write           ff.o
    0x0800cc68   0x0800cc68   0x00000484   Code   RO         7993    i.find_volume       ff.o
    0x0800d0ec   0x0800d0ec   0x00000012   Code   RO         8943    i.fputc             mc_w.l(fputc.o)
    0x0800d0fe   0x0800d0fe   0x00000002   PAD
    0x0800d100   0x0800d100   0x00000050   Code   RO         8893    i.free              mc_w.l(malloc.o)
    0x0800d150   0x0800d150   0x000000d6   Code   RO         7994    i.get_fat           ff.o
    0x0800d226   0x0800d226   0x00000004   Code   RO         1027    i.get_fattime       fatfs.o
    0x0800d22a   0x0800d22a   0x00000002   PAD
    0x0800d22c   0x0800d22c   0x00000114   Code   RO         7465    i.icmp_dest_unreach  icmp.o
    0x0800d340   0x0800d340   0x000001f8   Code   RO         7466    i.icmp_input        icmp.o
    0x0800d538   0x0800d538   0x00000090   Code   RO         7467    i.icmp_time_exceeded  icmp.o
    0x0800d5c8   0x0800d5c8   0x000001fc   Code   RO          397    i.initialize_Data   data.o
    0x0800d7c4   0x0800d7c4   0x0000018c   Code   RO          598    i.int_To_String     string_utility.o
    0x0800d950   0x0800d950   0x0000015c   Code   RO          616    i.int_To_String_Unsigned  string_utility.o
    0x0800daac   0x0800daac   0x0000003c   Code   RO         7585    i.ip4_addr_isbroadcast_u32  ip4_addr.o
    0x0800dae8   0x0800dae8   0x0000029c   Code   RO         7650    i.ip4_frag          ip4_frag.o
    0x0800dd84   0x0800dd84   0x00000194   Code   RO         7530    i.ip4_input         ip4.o
    0x0800df18   0x0800df18   0x00000028   Code   RO         7532    i.ip4_output_if     ip4.o
    0x0800df40   0x0800df40   0x0000017c   Code   RO         7533    i.ip4_output_if_src  ip4.o
    0x0800e0bc   0x0800e0bc   0x00000508   Code   RO         7651    i.ip4_reass         ip4_frag.o
    0x0800e5c4   0x0800e5c4   0x0000007c   Code   RO         7534    i.ip4_route         ip4.o
    0x0800e640   0x0800e640   0x0000022c   Code   RO         7652    i.ip_reass_free_complete_datagram  ip4_frag.o
    0x0800e86c   0x0800e86c   0x00000030   Code   RO         7653    i.ip_reass_tmr      ip4_frag.o
    0x0800e89c   0x0800e89c   0x000000c0   Code   RO         7654    i.ipfrag_free_pbuf_custom  ip4_frag.o
    0x0800e95c   0x0800e95c   0x000000a8   Code   RO         1181    i.low_level_output  ethernetif.o
    0x0800ea04   0x0800ea04   0x00000004   Code   RO         6354    i.lwip_htons        def.o
    0x0800ea08   0x0800ea08   0x0000001a   Code   RO         6495    i.lwip_init         init.o
    0x0800ea22   0x0800ea22   0x00000002   PAD
    0x0800ea24   0x0800ea24   0x000000e8   Code   RO          686    i.main              main.o
    0x0800eb0c   0x0800eb0c   0x00000004   PAD
    0x0800eb10   0x0800eb10   0x000003bc   Code   RO          413    i.makeDataAvg       data.o
    0x0800eecc   0x0800eecc   0x0000006c   Code   RO         8894    i.malloc            mc_w.l(malloc.o)
    0x0800ef38   0x0800ef38   0x00000290   Code   RO         6584    i.mem_free          mem.o
    0x0800f1c8   0x0800f1c8   0x00000040   Code   RO         6585    i.mem_init          mem.o
    0x0800f208   0x0800f208   0x00000224   Code   RO         6586    i.mem_malloc        mem.o
    0x0800f42c   0x0800f42c   0x00000038   Code   RO         7995    i.mem_set           ff.o
    0x0800f464   0x0800f464   0x00000184   Code   RO         6587    i.mem_trim          mem.o
    0x0800f5e8   0x0800f5e8   0x000000c8   Code   RO         6645    i.memp_free         memp.o
    0x0800f6b0   0x0800f6b0   0x000000d4   Code   RO         6646    i.memp_free_pool    memp.o
    0x0800f784   0x0800f784   0x0000004c   Code   RO         6647    i.memp_init         memp.o
    0x0800f7d0   0x0800f7d0   0x000000c8   Code   RO         6649    i.memp_malloc       memp.o
    0x0800f898   0x0800f898   0x000000d0   Code   RO         6650    i.memp_malloc_pool  memp.o
    0x0800f968   0x0800f968   0x0000007c   Code   RO         7996    i.move_window       ff.o
    0x0800f9e4   0x0800f9e4   0x000000e8   Code   RO         6756    i.netif_add         netif.o
    0x0800facc   0x0800facc   0x00000002   Code   RO         6758    i.netif_init        netif.o
    0x0800face   0x0800face   0x00000002   PAD
    0x0800fad0   0x0800fad0   0x000000c0   Code   RO         6761    i.netif_set_addr    netif.o
    0x0800fb90   0x0800fb90   0x0000000c   Code   RO         6762    i.netif_set_default  netif.o
    0x0800fb9c   0x0800fb9c   0x00000034   Code   RO         6763    i.netif_set_down    netif.o
    0x0800fbd0   0x0800fbd0   0x00000008   Code   RO         6766    i.netif_set_link_callback  netif.o
    0x0800fbd8   0x0800fbd8   0x0000001e   Code   RO         6767    i.netif_set_link_down  netif.o
    0x0800fbf6   0x0800fbf6   0x00000044   Code   RO         6768    i.netif_set_link_up  netif.o
    0x0800fc3a   0x0800fc3a   0x00000008   Code   RO         6770    i.netif_set_status_callback  netif.o
    0x0800fc42   0x0800fc42   0x00000048   Code   RO         6771    i.netif_set_up      netif.o
    0x0800fc8a   0x0800fc8a   0x0000000e   Code   RO            7    i.netif_status_callback  user_ethernet_udp.o
    0x0800fc98   0x0800fc98   0x00000300   Code   RO         6882    i.pbuf_alloc        pbuf.o
    0x0800ff98   0x0800ff98   0x000000e4   Code   RO         6883    i.pbuf_alloced_custom  pbuf.o
    0x0801007c   0x0801007c   0x000000ec   Code   RO         6884    i.pbuf_cat          pbuf.o
    0x08010168   0x08010168   0x00000038   Code   RO         6885    i.pbuf_chain        pbuf.o
    0x080101a0   0x080101a0   0x00000014   Code   RO         6886    i.pbuf_clen         pbuf.o
    0x080101b4   0x080101b4   0x00000208   Code   RO         6888    i.pbuf_copy         pbuf.o
    0x080103bc   0x080103bc   0x00000168   Code   RO         6891    i.pbuf_free         pbuf.o
    0x08010524   0x08010524   0x00000006   Code   RO         6893    i.pbuf_header       pbuf.o
    0x0801052a   0x0801052a   0x00000006   Code   RO         6894    i.pbuf_header_force  pbuf.o
    0x08010530   0x08010530   0x000000f0   Code   RO         6895    i.pbuf_header_impl  pbuf.o
    0x08010620   0x08010620   0x000001a4   Code   RO         6899    i.pbuf_realloc      pbuf.o
    0x080107c4   0x080107c4   0x00000090   Code   RO         6900    i.pbuf_ref          pbuf.o
    0x08010854   0x08010854   0x00000144   Code   RO         6903    i.pbuf_take         pbuf.o
    0x08010998   0x08010998   0x00000128   Code   RO         7997    i.put_fat           ff.o
    0x08010ac0   0x08010ac0   0x00000050   Code   RO         7148    i.sys_check_timeouts  timeouts.o
    0x08010b10   0x08010b10   0x00000004   Code   RO         1183    i.sys_now           ethernetif.o
    0x08010b14   0x08010b14   0x0000013c   Code   RO         7150    i.sys_timeout       timeouts.o
    0x08010c50   0x08010c50   0x00000030   Code   RO         7151    i.sys_timeouts_init  timeouts.o
    0x08010c80   0x08010c80   0x000000cc   Code   RO         7225    i.udp_bind          udp.o
    0x08010d4c   0x08010d4c   0x00000054   Code   RO         7226    i.udp_connect       udp.o
    0x08010da0   0x08010da0   0x00000010   Code   RO         7227    i.udp_disconnect    udp.o
    0x08010db0   0x08010db0   0x00000002   Code   RO         7228    i.udp_init          udp.o
    0x08010db2   0x08010db2   0x00000002   PAD
    0x08010db4   0x08010db4   0x000001bc   Code   RO         7229    i.udp_input         udp.o
    0x08010f70   0x08010f70   0x00000038   Code   RO         7230    i.udp_netif_ip_addr_changed  udp.o
    0x08010fa8   0x08010fa8   0x00000026   Code   RO         7231    i.udp_new           udp.o
    0x08010fce   0x08010fce   0x00000006   Code   RO         7233    i.udp_recv          udp.o
    0x08010fd4   0x08010fd4   0x00000030   Code   RO         7234    i.udp_remove        udp.o
    0x08011004   0x08011004   0x00000068   Code   RO         7235    i.udp_send          udp.o
    0x0801106c   0x0801106c   0x0000014c   Code   RO         7238    i.udp_sendto_if_src  udp.o
    0x080111b8   0x080111b8   0x00000140   Code   RO          622    i.uint32_To_String  string_utility.o
    0x080112f8   0x080112f8   0x00000014   Data   RO          976    .constdata          usbh_diskio.o
    0x0801130c   0x0801130c   0x00000008   Data   RO         5052    .constdata          stm32f7xx_hal_dma.o
    0x08011314   0x08011314   0x00000010   Data   RO         5592    .constdata          system_stm32f7xx.o
    0x08011324   0x08011324   0x00000006   Data   RO         6068    .constdata          ethernet.o
    0x0801132a   0x0801132a   0x00000006   Data   RO         6069    .constdata          ethernet.o
    0x08011330   0x08011330   0x0000000c   Data   RO         6657    .constdata          memp.o
    0x0801133c   0x0801133c   0x0000000c   Data   RO         6658    .constdata          memp.o
    0x08011348   0x08011348   0x0000000c   Data   RO         6659    .constdata          memp.o
    0x08011354   0x08011354   0x0000000c   Data   RO         6660    .constdata          memp.o
    0x08011360   0x08011360   0x0000000c   Data   RO         6661    .constdata          memp.o
    0x0801136c   0x0801136c   0x0000000c   Data   RO         6662    .constdata          memp.o
    0x08011378   0x08011378   0x00000018   Data   RO         6663    .constdata          memp.o
    0x08011390   0x08011390   0x00000010   Data   RO         7154    .constdata          timeouts.o
    0x080113a0   0x080113a0   0x00000004   Data   RO         7592    .constdata          ip4_addr.o
    0x080113a4   0x080113a4   0x00000080   Data   RO         7999    .constdata          ff.o
    0x08011424   0x08011424   0x00000041   Data   RO         7392    .conststring        etharp.o
    0x08011465   0x08011465   0x00000003   PAD
    0x08011468   0x08011468   0x00000004   Data   RO         8447    .conststring        usbh_msc.o
    0x0801146c   0x0801146c   0x00000020   Data   RO         8971    Region$$Table       anon$$obj.o


    Execution Region RW_IRAM1 (Exec base: 0x20000000, Load base: 0x0801148c, Size: 0x00016be8, Max: 0x00080000, ABSOLUTE, COMPRESSED[0x00000214])

    Exec Addr    Load Addr    Size         Type   Attr      Idx    E Section Name        Object

    0x20000000   COMPRESSED   0x00000038   Data   RW            9    .data               user_ethernet_udp.o
    0x20000038   COMPRESSED   0x00000001   Data   RW          356    .data               command_processing.o
    0x20000039   COMPRESSED   0x00000003   PAD
    0x2000003c   COMPRESSED   0x00000004   Data   RW          399    .data               data.o
    0x20000040   COMPRESSED   0x00000001   Data   RW          400    .data               data.o
    0x20000041   COMPRESSED   0x00000003   PAD
    0x20000044   COMPRESSED   0x00000024   Data   RW          401    .data               data.o
    0x20000068   COMPRESSED   0x00000001   Data   RW          402    .data               data.o
    0x20000069   COMPRESSED   0x00000301   Data   RW          490    .data               user_usb.o
    0x2000036a   COMPRESSED   0x00000002   PAD
    0x2000036c   COMPRESSED   0x0000000c   Data   RW          817    .data               adc.o
    0x20000378   COMPRESSED   0x00000020   Data   RW          875    .data               can.o
    0x20000398   COMPRESSED   0x00000005   Data   RW         1030    .data               fatfs.o
    0x2000039d   COMPRESSED   0x00000003   PAD
    0x200003a0   COMPRESSED   0x00000018   Data   RW         1113    .data               lwip.o
    0x200003b8   COMPRESSED   0x00000004   Data   RW         1185    .data               ethernetif.o
    0x200003bc   COMPRESSED   0x00000001   Data   RW         1387    .data               usb_host.o
    0x200003bd   COMPRESSED   0x00000003   PAD
    0x200003c0   COMPRESSED   0x00000008   Data   RW         2132    .data               stm32f7xx_ll_usb.o
    0x200003c8   COMPRESSED   0x0000000c   Data   RW         5414    .data               stm32f7xx_hal.o
    0x200003d4   COMPRESSED   0x00000004   Data   RW         5594    .data               system_stm32f7xx.o
    0x200003d8   COMPRESSED   0x0000000c   Data   RW         6589    .data               mem.o
    0x200003e4   COMPRESSED   0x00000004   Data   RW         6664    .data               memp.o
    0x200003e8   COMPRESSED   0x00000004   Data   RW         6665    .data               memp.o
    0x200003ec   COMPRESSED   0x00000004   Data   RW         6666    .data               memp.o
    0x200003f0   COMPRESSED   0x00000004   Data   RW         6667    .data               memp.o
    0x200003f4   COMPRESSED   0x00000004   Data   RW         6668    .data               memp.o
    0x200003f8   COMPRESSED   0x00000004   Data   RW         6669    .data               memp.o
    0x200003fc   COMPRESSED   0x0000000c   Data   RW         6772    .data               netif.o
    0x20000408   COMPRESSED   0x00000008   Data   RW         7155    .data               timeouts.o
    0x20000410   COMPRESSED   0x00000008   Data   RW         7239    .data               udp.o
    0x20000418   COMPRESSED   0x00000001   Data   RW         7393    .data               etharp.o
    0x20000419   COMPRESSED   0x00000001   PAD
    0x2000041a   COMPRESSED   0x00000002   Data   RW         7535    .data               ip4.o
    0x2000041c   COMPRESSED   0x00000008   Data   RW         7655    .data               ip4_frag.o
    0x20000424   COMPRESSED   0x00000008   Data   RW         8000    .data               ff.o
    0x2000042c   COMPRESSED   0x00000020   Data   RW         8448    .data               usbh_msc.o
    0x2000044c   COMPRESSED   0x00000004   Data   RW         8945    .data               mc_w.l(stdout.o)
    0x20000450   COMPRESSED   0x00000004   Data   RW         8952    .data               mc_w.l(mvars.o)
    0x20000454   COMPRESSED   0x00000004   Data   RW         8953    .data               mc_w.l(mvars.o)
    0x20000458        -       0x00003400   Zero   RW            8    .bss                user_ethernet_udp.o
    0x20003858        -       0x00000a11   Zero   RW          398    .bss                data.o
    0x20004269   COMPRESSED   0x00000003   PAD
    0x2000426c        -       0x00000025   Zero   RW          489    .bss                user_usb.o
    0x20004291   COMPRESSED   0x00000003   PAD
    0x20004294        -       0x0000002c   Zero   RW          635    .bss                bno055.o
    0x200042c0        -       0x000000a8   Zero   RW          816    .bss                adc.o
    0x20004368        -       0x000000b8   Zero   RW          874    .bss                can.o
    0x20004420        -       0x00000200   Zero   RW          975    .bss                usbh_diskio.o
    0x20004620        -       0x00000230   Zero   RW         1028    .bss                fatfs.o
    0x20004850        -       0x00000230   Zero   RW         1029    .bss                fatfs.o
    0x20004a80        -       0x0000004c   Zero   RW         1067    .bss                i2c.o
    0x20004acc        -       0x00000038   Zero   RW         1112    .bss                lwip.o
    0x20004b04        -       0x000030e8   Zero   RW         1184    .bss                ethernetif.o
    0x20007bec        -       0x00000038   Zero   RW         1267    .bss                rtc.o
    0x20007c24        -       0x000000c0   Zero   RW         1334    .bss                tim.o
    0x20007ce4        -       0x000004c8   Zero   RW         1386    .bss                usb_host.o
    0x200081ac        -       0x00000298   Zero   RW         1443    .bss                usbh_conf.o
    0x20008444        -       0x00000018   Zero   RW         6552    .bss                ip.o
    0x2000845c        -       0x00002593   Zero   RW         6588    .bss                mem.o
    0x2000a9ef        -       0x000000a3   Zero   RW         6651    .bss                memp.o
    0x2000aa92        -       0x000000a3   Zero   RW         6652    .bss                memp.o
    0x2000ab35        -       0x0000016b   Zero   RW         6653    .bss                memp.o
    0x2000aca0        -       0x00000023   Zero   RW         6654    .bss                memp.o
    0x2000acc3        -       0x00000403   Zero   RW         6655    .bss                memp.o
    0x2000b0c6        -       0x00009803   Zero   RW         6656    .bss                memp.o
    0x200148c9   COMPRESSED   0x00000003   PAD
    0x200148cc        -       0x000000f0   Zero   RW         7391    .bss                etharp.o
    0x200149bc        -       0x00000020   Zero   RW         7998    .bss                ff.o
    0x200149dc        -       0x0000000c   Zero   RW         8087    .bss                ff_gen_drv.o
    0x200149e8        -       0x00001000   Zero   RW         1781    HEAP                startup_stm32f767xx.o
    0x200159e8        -       0x00001200   Zero   RW         1780    STACK               startup_stm32f767xx.o


==============================================================================

Image component sizes


      Code (inc. data)   RO Data    RW Data    ZI Data      Debug   Object Name

       484        108          0         12        168       3303   adc.o
         0          0          0          0          0       1636   auth.o
       376         20          0          0         44       4275   bno055.o
       796        112          0         32        184       5984   can.o
       172         14          0          1          0       2676   command_processing.o
      6412        170          0         42       2577      10021   data.o
         4          0          0          0          0        577   def.o
       148         28          0          0          0       3861   diskio.o
        44          4          0          0          0        802   dma.o
         0          0          0          0          0        664   err.o
      3068       1022         65          1        240      12687   etharp.o
       420        154         12          0          0       2862   ethernet.o
      1232        148          0          4      12520       7217   ethernetif.o
        56         16          0          5       1120       1712   fatfs.o
      5704         70        128          8         32      31116   ff.o
        84          6          0          0         12       1820   ff_gen_drv.o
       364         30          0          0          0       1127   gpio.o
       236         38          0          0         76       1777   i2c.o
       924        356          0          0          0       6869   icmp.o
        26          0          0          0          0        596   init.o
         0          0          0          0         24       6097   ip.o
       948        182          0          2          0       5548   ip4.o
        60          0          4          0          0       7468   ip4_addr.o
      2752        814          0          8          0       9846   ip4_frag.o
       308         30          0         24         56       2071   lwip.o
       798        104          0          0          0       6416   main.o
      1656        796          0         12       9619       5473   mem.o
       896        552         96         24      40666      10050   memp.o
       676        134          0         12          0      11377   netif.o
      3328       1544          0          0          0      14422   pbuf.o
       224         38          0          0         56       2395   rtc.o
         0          0          0          0          0       1236   slipif.o
        36          8        504          0       8704        828   startup_stm32f767xx.o
       176         30          0         12          0       4165   stm32f7xx_hal.o
      1692         56          0          0          0       8606   stm32f7xx_hal_adc.o
         2          0          0          0          0       1053   stm32f7xx_hal_adc_ex.o
      1884          6          0          0          0      14061   stm32f7xx_hal_can.o
       392         36          0          0          0      39147   stm32f7xx_hal_cortex.o
      1040         18          8          0          0       5242   stm32f7xx_hal_dma.o
      2880         64          0          0          0      16138   stm32f7xx_hal_eth.o
       652         24          0          0          0       4531   stm32f7xx_hal_gpio.o
      2404          6          0          0          0      13060   stm32f7xx_hal_hcd.o
      3352         62          0          0          0      20898   stm32f7xx_hal_i2c.o
       196          0          0          0          0       2147   stm32f7xx_hal_i2c_ex.o
       132          8          0          0          0        950   stm32f7xx_hal_msp.o
       124          8          0          0          0       1304   stm32f7xx_hal_pwr_ex.o
      1432         68          0          0          0       4020   stm32f7xx_hal_rcc.o
      1504         36          0          0          0       2324   stm32f7xx_hal_rcc_ex.o
      1110         12          0          0          0       6954   stm32f7xx_hal_rtc.o
      1190         20          0          0          0      10754   stm32f7xx_hal_tim.o
        98          0          0          0          0       2854   stm32f7xx_hal_tim_ex.o
       228         78          0          0          0      11781   stm32f7xx_it.o
      1902         44          0          8          0      16675   stm32f7xx_ll_usb.o
      1576         16          0          0          0       8141   string_utility.o
       312         24          0          0          0      33163   system.o
        96         20         16          4          0       1303   system_stm32f7xx.o
       476         82          0          0        192       3272   tim.o
       472        184         16          8          0       5588   timeouts.o
      1334        274          0          8          0      13394   udp.o
       168         40          0          1       1224       2446   usb_host.o
       640         38          0          0        664      12328   usbh_conf.o
      1148         20          0          0          0       9140   usbh_core.o
      1198         12          0          0          0       8930   usbh_ctlreq.o
       452         26         20          0        512       4757   usbh_diskio.o
       206          0          0          0          0       4568   usbh_ioreq.o
      2176         10          4         32          0      11713   usbh_msc.o
       580         26          0          0          0       3965   usbh_msc_bot.o
       930          0          0          0          0       6907   usbh_msc_scsi.o
       124          0          0          0          0       3494   usbh_pipes.o
        20          4          0          0          0        538   usbh_platform.o
      1246         88          0         56      13312     970270   user_ethernet_udp.o
       264         62          0        769         37      20550   user_usb.o

    ----------------------------------------------------------------------
     68108       8004        908       1100      92048    1495940   Object Totals
         0          0         32          0          0          0   (incl. Generated)
        68          4          3         15          9          0   (incl. Padding)

    ----------------------------------------------------------------------

      Code (inc. data)   RO Data    RW Data    ZI Data      Debug   Library Member Name

        86          0          0          0          0          0   __dczerorl2.o
         0          0          0          0          0          0   entry.o
         0          0          0          0          0          0   entry10a.o
         0          0          0          0          0          0   entry11a.o
         8          4          0          0          0          0   entry2.o
         4          0          0          0          0          0   entry5.o
         0          0          0          0          0          0   entry7b.o
         0          0          0          0          0          0   entry8b.o
         8          4          0          0          0          0   entry9a.o
        18          0          0          0          0         80   fputc.o
        30          0          0          0          0          0   handlers.o
        36          8          0          0          0         68   init.o
         0          0          0          0          0          0   iusefp.o
         0          0          0          0          0          0   iusesemip.o
        30          0          0          0          0         68   llshl.o
        32          0          0          0          0         68   llushr.o
       188         20          0          0          0        160   malloc.o
        26          0          0          0          0         80   memcmp.o
        36          0          0          0          0         68   memcpya.o
        36          0          0          0          0        108   memseta.o
         0          0          0          8          0          0   mvars.o
       522         20          0          0          0        336   printf3.o
         0          0          0          0          0          0   semi.o
         0          0          0          4          0          0   stdout.o
        14          0          0          0          0         68   strlen.o
        44          0          0          0          0         80   uidiv.o
        98          0          0          0          0         92   uldiv.o
       222          0          0          0          0        100   ddiv.o
       186          0          0          0          0        176   depilogue.o
        62          0          0          0          0         80   dfixi.o
        50          0          0          0          0         76   dfixui.o
        38          0          0          0          0         68   f2d.o

    ----------------------------------------------------------------------
      1780         56          0         12          0       1776   Library Totals
         6          0          0          0          0          0   (incl. Padding)

    ----------------------------------------------------------------------

      Code (inc. data)   RO Data    RW Data    ZI Data      Debug   Library Name

      1216         56          0         12          0       1276   mc_w.l
       558          0          0          0          0        500   mf_w.l

    ----------------------------------------------------------------------
      1780         56          0         12          0       1776   Library Totals

    ----------------------------------------------------------------------

==============================================================================


      Code (inc. data)   RO Data    RW Data    ZI Data      Debug   

     69888       8060        908       1112      92048    1457364   Grand Totals
     69888       8060        908        532      92048    1457364   ELF Image Totals (compressed)
     69888       8060        908        532          0          0   ROM Totals

==============================================================================

    Total RO  Size (Code + RO Data)                70796 (  69.14kB)
    Total RW  Size (RW Data + ZI Data)             93160 (  90.98kB)
    Total ROM Size (Code + RO Data + RW Data)      71328 (  69.66kB)

==============================================================================

