Component: ARM Compiler 5.06 update 3 (build 300) Tool: armlink [4d35c9]

==============================================================================

Section Cross References

    user_ethernet_udp.o(i.UDP_Init) refers to user_ethernet_udp.o(i.UDP_Deinit) for UDP_Deinit
    user_ethernet_udp.o(i.UDP_Init) refers to udp.o(i.udp_new) for udp_new
    user_ethernet_udp.o(i.UDP_Init) refers to udp.o(i.udp_bind) for udp_bind
    user_ethernet_udp.o(i.UDP_Init) refers to udp.o(i.udp_remove) for udp_remove
    user_ethernet_udp.o(i.UDP_Init) refers to udp.o(i.udp_connect) for udp_connect
    user_ethernet_udp.o(i.UDP_Init) refers to udp.o(i.udp_recv) for udp_recv
    user_ethernet_udp.o(i.UDP_Init) refers to user_ethernet_udp.o(.bss) for .bss
    user_ethernet_udp.o(i.UDP_Init) refers to user_ethernet_udp.o(.data) for .data
    user_ethernet_udp.o(i.UDP_Init) refers to ip4_addr.o(.constdata) for ip_addr_any
    user_ethernet_udp.o(i.UDP_Init) refers to user_ethernet_udp.o(i.UDP_Receive_Telemetry_Command) for UDP_Receive_Telemetry_Command
    user_ethernet_udp.o(i.UDP_Receive_Telemetry_Command) refers to pbuf.o(i.pbuf_free) for pbuf_free
    user_ethernet_udp.o(i.UDP_Receive_Telemetry_Command) refers to user_ethernet_udp.o(i.UDP_Send_Error) for UDP_Send_Error
    user_ethernet_udp.o(i.UDP_Receive_Telemetry_Command) refers to user_ethernet_udp.o(.data) for .data
    user_ethernet_udp.o(i.UDP_Receive_Telemetry_Command) refers to user_ethernet_udp.o(.bss) for .bss
    user_ethernet_udp.o(i.ethernetif_notify_conn_changed) refers to netif.o(i.netif_set_addr) for netif_set_addr
    user_ethernet_udp.o(i.ethernetif_notify_conn_changed) refers to netif.o(i.netif_set_up) for netif_set_up
    user_ethernet_udp.o(i.ethernetif_notify_conn_changed) refers to netif.o(i.netif_set_down) for netif_set_down
    user_ethernet_udp.o(i.ethernetif_notify_conn_changed) refers to lwip.o(.data) for IP_ADDRESS
    user_ethernet_udp.o(i.netif_status_callback) refers to user_ethernet_udp.o(i.UDP_Deinit) for UDP_Deinit
    user_ethernet_udp.o(i.netif_status_callback) refers to user_ethernet_udp.o(i.UDP_Init) for UDP_Init
    data.o(i.initialize_Data) refers to memseta.o(.text) for __aeabi_memset
    data.o(i.initialize_Data) refers to data.o(.bss) for .bss
    data.o(i.initialize_Data) refers to data.o(.data) for .data
    system.o(i.MPU_Config) refers to stm32f7xx_hal_cortex.o(i.HAL_MPU_Disable) for HAL_MPU_Disable
    system.o(i.MPU_Config) refers to stm32f7xx_hal_cortex.o(i.HAL_MPU_ConfigRegion) for HAL_MPU_ConfigRegion
    system.o(i.MPU_Config) refers to stm32f7xx_hal_cortex.o(i.HAL_MPU_Enable) for HAL_MPU_Enable
    bno055.o(i.BNO055_Init) refers to stm32f7xx_hal.o(i.HAL_Delay) for HAL_Delay
    bno055.o(i.BNO055_Init) refers to stm32f7xx_hal_i2c.o(i.HAL_I2C_Master_Transmit) for HAL_I2C_Master_Transmit
    bno055.o(i.BNO055_Init) refers to stm32f7xx_hal_i2c.o(i.HAL_I2C_Master_Receive) for HAL_I2C_Master_Receive
    bno055.o(i.BNO055_Init) refers to i2c.o(.bss) for hi2c4
    bno055.o(i.BNO055_Init) refers to bno055.o(.data) for .data
    main.o(i.HAL_GPIO_EXTI_Callback) refers to stm32f7xx_hal_gpio.o(i.HAL_GPIO_ReadPin) for HAL_GPIO_ReadPin
    main.o(i.HAL_GPIO_EXTI_Callback) refers to usbh_platform.o(i.MX_DriverVbusHS) for MX_DriverVbusHS
    main.o(i.HAL_GPIO_EXTI_Callback) refers to stm32f7xx_hal_gpio.o(i.HAL_GPIO_WritePin) for HAL_GPIO_WritePin
    main.o(i.HAL_GPIO_EXTI_Callback) refers to user_ethernet_udp.o(i.UDP_Send_Error) for UDP_Send_Error
    main.o(i.HAL_GPIO_EXTI_Callback) refers to data.o(.data) for dcu_State_Packet
    main.o(i.SystemClock_Config) refers to stm32f7xx_hal_rcc.o(i.HAL_RCC_OscConfig) for HAL_RCC_OscConfig
    main.o(i.SystemClock_Config) refers to stm32f7xx_hal_gpio.o(i.HAL_GPIO_WritePin) for HAL_GPIO_WritePin
    main.o(i.SystemClock_Config) refers to stm32f7xx_hal_gpio.o(i.HAL_GPIO_TogglePin) for HAL_GPIO_TogglePin
    main.o(i.SystemClock_Config) refers to stm32f7xx_hal.o(i.HAL_Delay) for HAL_Delay
    main.o(i.SystemClock_Config) refers to stm32f7xx_hal_pwr_ex.o(i.HAL_PWREx_EnableOverDrive) for HAL_PWREx_EnableOverDrive
    main.o(i.SystemClock_Config) refers to stm32f7xx_hal_rcc.o(i.HAL_RCC_ClockConfig) for HAL_RCC_ClockConfig
    main.o(i.SystemClock_Config) refers to stm32f7xx_hal_rcc_ex.o(i.HAL_RCCEx_PeriphCLKConfig) for HAL_RCCEx_PeriphCLKConfig
    main.o(i.SystemClock_Config) refers to stm32f7xx_hal_rcc.o(i.HAL_RCC_GetHCLKFreq) for HAL_RCC_GetHCLKFreq
    main.o(i.SystemClock_Config) refers to stm32f7xx_hal_cortex.o(i.HAL_SYSTICK_Config) for HAL_SYSTICK_Config
    main.o(i.SystemClock_Config) refers to stm32f7xx_hal_cortex.o(i.HAL_SYSTICK_CLKSourceConfig) for HAL_SYSTICK_CLKSourceConfig
    main.o(i.SystemClock_Config) refers to stm32f7xx_hal_cortex.o(i.HAL_NVIC_SetPriority) for HAL_NVIC_SetPriority
    main.o(i._Error_Handler) refers to stm32f7xx_hal_gpio.o(i.HAL_GPIO_WritePin) for HAL_GPIO_WritePin
[...]
    MX_I2C4_Init                             0x08008ae5   Thumb Code    92  i2c.o(i.MX_I2C4_Init)
    MX_LWIP_Init                             0x08008b5d   Thumb Code   256  lwip.o(i.MX_LWIP_Init)
    MX_LWIP_Process                          0x08008c75   Thumb Code    22  lwip.o(i.MX_LWIP_Process)
    MX_RTC_Init                              0x08008c91   Thumb Code    52  rtc.o(i.MX_RTC_Init)
    MX_TIM5_Init                             0x08008cdd   Thumb Code   100  tim.o(i.MX_TIM5_Init)
    MX_TIM6_Init                             0x08008d59   Thumb Code    74  tim.o(i.MX_TIM6_Init)
    MX_TIM7_Init                             0x08008dbd   Thumb Code    74  tim.o(i.MX_TIM7_Init)
    MX_USB_HOST_Init                         0x08008e21   Thumb Code    30  usb_host.o(i.MX_USB_HOST_Init)
    MX_USB_HOST_Process                      0x08008e4d   Thumb Code     6  usb_host.o(i.MX_USB_HOST_Process)
    MemManage_Handler                        0x08008e59   Thumb Code     2  stm32f7xx_it.o(i.MemManage_Handler)
    NMI_Handler                              0x08008e5b   Thumb Code     2  stm32f7xx_it.o(i.NMI_Handler)
    OTG_HS_EP1_IN_IRQHandler                 0x08008e5d   Thumb Code     6  stm32f7xx_it.o(i.OTG_HS_EP1_IN_IRQHandler)
    OTG_HS_EP1_OUT_IRQHandler                0x08008e69   Thumb Code     6  stm32f7xx_it.o(i.OTG_HS_EP1_OUT_IRQHandler)
    OTG_HS_IRQHandler                        0x08008e75   Thumb Code     6  stm32f7xx_it.o(i.OTG_HS_IRQHandler)
    PendSV_Handler                           0x08008e81   Thumb Code     2  stm32f7xx_it.o(i.PendSV_Handler)
    RTC_ByteToBcd2                           0x08008e83   Thumb Code    50  stm32f7xx_hal_rtc.o(i.RTC_ByteToBcd2)
    RTC_Get_Value                            0x08008eb5   Thumb Code    26  rtc.o(i.RTC_Get_Value)
    SVC_Handler                              0x08008ed5   Thumb Code     2  stm32f7xx_it.o(i.SVC_Handler)
    SysTick_Handler                          0x08008ed7   Thumb Code    14  stm32f7xx_it.o(i.SysTick_Handler)
    SystemClock_Config                       0x08008ee5   Thumb Code   376  main.o(i.SystemClock_Config)
    SystemInit                               0x0800906d   Thumb Code    76  system_stm32f7xx.o(i.SystemInit)
    TIM5_IRQHandler                          0x080090cd   Thumb Code    16  stm32f7xx_it.o(i.TIM5_IRQHandler)
    TIM5_IRQ_User_Handler                    0x080090e1   Thumb Code    82  main.o(i.TIM5_IRQ_User_Handler)
    TIM6_DAC_IRQHandler                      0x08009149   Thumb Code    16  stm32f7xx_it.o(i.TIM6_DAC_IRQHandler)
    TIM6_IRQ_User_Handler                    0x0800915d   Thumb Code    48  main.o(i.TIM6_IRQ_User_Handler)
    TIM7_IRQHandler                          0x08009195   Thumb Code    16  stm32f7xx_it.o(i.TIM7_IRQHandler)
    TIM7_IRQ_User_Handler                    0x080091a9   Thumb Code   126  main.o(i.TIM7_IRQ_User_Handler)
    TIM_Base_SetConfig                       0x08009241   Thumb Code   180  stm32f7xx_hal_tim.o(i.TIM_Base_SetConfig)
    UDP_Deinit                               0x08009309   Thumb Code    92  user_ethernet_udp.o(i.UDP_Deinit)
    UDP_Init                                 0x08009369   Thumb Code   272  user_ethernet_udp.o(i.UDP_Init)
    UDP_Packet_Comand                        0x08009491   Thumb Code   224  command_processing.o(i.UDP_Packet_Comand)
    UDP_Receive_Processig                    0x0800957d   Thumb Code    74  user_ethernet_udp.o(i.UDP_Receive_Processig)
    UDP_Receive_Telemetry_Command            0x080095d1   Thumb Code    80  user_ethernet_udp.o(i.UDP_Receive_Telemetry_Command)
    UDP_Send_Date_Time                       0x08009629   Thumb Code   158  user_ethernet_udp.o(i.UDP_Send_Date_Time)
    UDP_Send_Error                           0x080096dd   Thumb Code   110  user_ethernet_udp.o(i.UDP_Send_Error)
    UDP_Send_Processig                       0x08009759   Thumb Code   244  user_ethernet_udp.o(i.UDP_Send_Processig)
    UDP_Send_Queue                           0x08009859   Thumb Code   108  user_ethernet_udp.o(i.UDP_Send_Queue)
    USBH_AllocPipe                           0x080098cd   Thumb Code    62  usbh_pipes.o(i.USBH_AllocPipe)
    USBH_BulkReceiveData                     0x0800990b   Thumb Code    38  usbh_ioreq.o(i.USBH_BulkReceiveData)
    USBH_BulkSendData                        0x08009931   Thumb Code    48  usbh_ioreq.o(i.USBH_BulkSendData)
    USBH_ClosePipe                           0x08009961   Thumb Code    10  usbh_pipes.o(i.USBH_ClosePipe)
    USBH_ClrFeature                          0x0800996b   Thumb Code    34  usbh_ctlreq.o(i.USBH_ClrFeature)
    USBH_CtlReceiveData                      0x0800998d   Thumb Code    38  usbh_ioreq.o(i.USBH_CtlReceiveData)
    USBH_CtlReq                              0x080099b3   Thumb Code   406  usbh_ctlreq.o(i.USBH_CtlReq)
    USBH_CtlSendData                         0x08009b49   Thumb Code    48  usbh_ioreq.o(i.USBH_CtlSendData)
    USBH_CtlSendSetup                        0x08009b79   Thumb Code    34  usbh_ioreq.o(i.USBH_CtlSendSetup)
    USBH_Delay                               0x08009b9b   Thumb Code     4  usbh_conf.o(i.USBH_Delay)
    USBH_FindInterface                       0x08009b9f   Thumb Code    80  usbh_core.o(i.USBH_FindInterface)
    USBH_FreePipe                            0x08009bef   Thumb Code    24  usbh_pipes.o(i.USBH_FreePipe)
    USBH_Get_CfgDesc                         0x08009c07   Thumb Code   358  usbh_ctlreq.o(i.USBH_Get_CfgDesc)
    USBH_Get_DevDesc                         0x08009d6d   Thumb Code   200  usbh_ctlreq.o(i.USBH_Get_DevDesc)
    USBH_Get_StringDesc                      0x08009e35   Thumb Code   144  usbh_ctlreq.o(i.USBH_Get_StringDesc)
    USBH_Init                                0x08009ec5   Thumb Code   106  usbh_core.o(i.USBH_Init)
    USBH_LL_ClosePipe                        0x08009f2f   Thumb Code    32  usbh_conf.o(i.USBH_LL_ClosePipe)
    USBH_LL_Connect                          0x08009f4f   Thumb Code    40  usbh_core.o(i.USBH_LL_Connect)
    USBH_LL_Disconnect                       0x08009f77   Thumb Code    56  usbh_core.o(i.USBH_LL_Disconnect)
    USBH_LL_DriverVBUS                       0x08009faf   Thumb Code    26  usbh_conf.o(i.USBH_LL_DriverVBUS)
    USBH_LL_GetLastXferSize                  0x08009fc9   Thumb Code     8  usbh_conf.o(i.USBH_LL_GetLastXferSize)
    USBH_LL_GetSpeed                         0x08009fd1   Thumb Code    32  usbh_conf.o(i.USBH_LL_GetSpeed)
    USBH_LL_GetToggle                        0x08009ff1   Thumb Code    30  usbh_conf.o(i.USBH_LL_GetToggle)
    USBH_LL_GetURBState                      0x0800a00f   Thumb Code     8  usbh_conf.o(i.USBH_LL_GetURBState)
    USBH_LL_IncTimer                         0x0800a017   Thumb Code    32  usbh_core.o(i.USBH_LL_IncTimer)
    USBH_LL_Init                             0x0800a039   Thumb Code    88  usbh_conf.o(i.USBH_LL_Init)
    USBH_LL_OpenPipe                         0x0800a0ad   Thumb Code    52  usbh_conf.o(i.USBH_LL_OpenPipe)
    USBH_LL_ResetPort                        0x0800a0e1   Thumb Code    32  usbh_conf.o(i.USBH_LL_ResetPort)
    USBH_LL_SetTimer                         0x0800a101   Thumb Code     6  usbh_core.o(i.USBH_LL_SetTimer)
    USBH_LL_SetToggle                        0x0800a107   Thumb Code    32  usbh_conf.o(i.USBH_LL_SetToggle)
    USBH_LL_Start                            0x0800a127   Thumb Code    32  usbh_conf.o(i.USBH_LL_Start)
    USBH_LL_Stop                             0x0800a147   Thumb Code    32  usbh_conf.o(i.USBH_LL_Stop)
    USBH_LL_SubmitURB                        0x0800a167   Thumb Code    46  usbh_conf.o(i.USBH_LL_SubmitURB)
    USBH_MSC_BOT_Init                        0x0800a195   Thumb Code    28  usbh_msc_bot.o(i.USBH_MSC_BOT_Init)
    USBH_MSC_BOT_Process                     0x0800a1b9   Thumb Code   502  usbh_msc_bot.o(i.USBH_MSC_BOT_Process)
    USBH_MSC_BOT_REQ_GetMaxLUN               0x0800a3b5   Thumb Code    32  usbh_msc_bot.o(i.USBH_MSC_BOT_REQ_GetMaxLUN)
    USBH_MSC_GetLUNInfo                      0x0800a44b   Thumb Code    74  usbh_msc.o(i.USBH_MSC_GetLUNInfo)
    USBH_MSC_Read                            0x0800a8e5   Thumb Code   416  usbh_msc.o(i.USBH_MSC_Read)
    USBH_MSC_SCSI_Inquiry                    0x0800aa85   Thumb Code   214  usbh_msc_scsi.o(i.USBH_MSC_SCSI_Inquiry)
    USBH_MSC_SCSI_Read                       0x0800ab5b   Thumb Code   152  usbh_msc_scsi.o(i.USBH_MSC_SCSI_Read)
    USBH_MSC_SCSI_ReadCapacity               0x0800abf3   Thumb Code   154  usbh_msc_scsi.o(i.USBH_MSC_SCSI_ReadCapacity)
    USBH_MSC_SCSI_RequestSense               0x0800ac8d   Thumb Code   168  usbh_msc_scsi.o(i.USBH_MSC_SCSI_RequestSense)
    USBH_MSC_SCSI_TestUnitReady              0x0800ad35   Thumb Code    92  usbh_msc_scsi.o(i.USBH_MSC_SCSI_TestUnitReady)
    USBH_MSC_SCSI_Write                      0x0800ad91   Thumb Code   150  usbh_msc_scsi.o(i.USBH_MSC_SCSI_Write)
    USBH_MSC_UnitIsReady                     0x0800ae2b   Thumb Code    40  usbh_msc.o(i.USBH_MSC_UnitIsReady)
    USBH_MSC_Write                           0x0800ae53   Thumb Code   416  usbh_msc.o(i.USBH_MSC_Write)
    USBH_OpenPipe                            0x0800aff3   Thumb Code    28  usbh_pipes.o(i.USBH_OpenPipe)
    USBH_Process                             0x0800b011   Thumb Code   756  usbh_core.o(i.USBH_Process)
    USBH_RegisterClass                       0x0800b305   Thumb Code    30  usbh_core.o(i.USBH_RegisterClass)
    USBH_SelectInterface                     0x0800b323   Thumb Code    20  usbh_core.o(i.USBH_SelectInterface)
    USBH_SetAddress                          0x0800b337   Thumb Code    28  usbh_ctlreq.o(i.USBH_SetAddress)
    USBH_SetCfg                              0x0800b353   Thumb Code    28  usbh_ctlreq.o(i.USBH_SetCfg)
    USBH_Start                               0x0800b36f   Thumb Code    20  usbh_core.o(i.USBH_Start)
    USBH_initialize                          0x0800b3f5   Thumb Code     4  usbh_diskio.o(i.USBH_initialize)
    USBH_ioctl                               0x0800b3f9   Thumb Code   112  usbh_diskio.o(i.USBH_ioctl)
    USBH_read                                0x0800b46d   Thumb Code   136  usbh_diskio.o(i.USBH_read)
    USBH_status                              0x0800b4fd   Thumb Code    22  usbh_diskio.o(i.USBH_status)
    USBH_write                               0x0800b519   Thumb Code   148  usbh_diskio.o(i.USBH_write)
    USB_Close_And_Open_File                  0x0800b5b5   Thumb Code    78  user_usb.o(i.USB_Close_And_Open_File)
    USB_Close_File                           0x0800b615   Thumb Code    48  user_usb.o(i.USB_Close_File)
    USB_CoreInit                             0x0800b651   Thumb Code   198  stm32f7xx_ll_usb.o(i.USB_CoreInit)
    USB_DisableGlobalInt                     0x0800b71d   Thumb Code    12  stm32f7xx_ll_usb.o(i.USB_DisableGlobalInt)
    USB_DriveVbus                            0x0800b729   Thumb Code    54  stm32f7xx_ll_usb.o(i.USB_DriveVbus)
    USB_EnableGlobalInt                      0x0800b75f   Thumb Code    12  stm32f7xx_ll_usb.o(i.USB_EnableGlobalInt)
    USB_GetCurrentFrame                      0x0800b76b   Thumb Code     8  stm32f7xx_ll_usb.o(i.USB_GetCurrentFrame)
    USB_GetHostSpeed                         0x0800b773   Thumb Code    16  stm32f7xx_ll_usb.o(i.USB_GetHostSpeed)
    USB_GetMode                              0x0800b783   Thumb Code     8  stm32f7xx_ll_usb.o(i.USB_GetMode)
    USB_HC_Halt                              0x0800b78b   Thumb Code   206  stm32f7xx_ll_usb.o(i.USB_HC_Halt)
    USB_HC_Init                              0x0800b859   Thumb Code   234  stm32f7xx_ll_usb.o(i.USB_HC_Init)
    USB_HC_ReadInterrupt                     0x0800b943   Thumb Code     8  stm32f7xx_ll_usb.o(i.USB_HC_ReadInterrupt)
    USB_HC_StartXfer                         0x0800b94d   Thumb Code   462  stm32f7xx_ll_usb.o(i.USB_HC_StartXfer)
    USB_HostInit                             0x0800bb25   Thumb Code   248  stm32f7xx_ll_usb.o(i.USB_HostInit)
    USB_InitFSLSPClkSel                      0x0800bc35   Thumb Code    56  stm32f7xx_ll_usb.o(i.USB_InitFSLSPClkSel)
    USB_Open_File                            0x0800bc6d   Thumb Code   122  user_usb.o(i.USB_Open_File)
    USB_ReadInterrupts                       0x0800bd15   Thumb Code     8  stm32f7xx_ll_usb.o(i.USB_ReadInterrupts)
    USB_ReadPacket                           0x0800bd1d   Thumb Code    58  stm32f7xx_ll_usb.o(i.USB_ReadPacket)
    USB_ResetPort                            0x0800bd57   Thumb Code    48  stm32f7xx_ll_usb.o(i.USB_ResetPort)
    USB_SetCurrentMode                       0x0800bd87   Thumb Code    46  stm32f7xx_ll_usb.o(i.USB_SetCurrentMode)
    USB_StopHost                             0x0800bdb5   Thumb Code   176  stm32f7xx_ll_usb.o(i.USB_StopHost)
    USB_Write_Block                          0x0800be69   Thumb Code    28  user_usb.o(i.USB_Write_Block)
    UsageFault_Handler                       0x0800be89   Thumb Code     2  stm32f7xx_it.o(i.UsageFault_Handler)
    _Error_Handler                           0x0800be8d   Thumb Code    46  main.o(i._Error_Handler)
    __0printf$3                              0x0800bec1   Thumb Code    22  printf3.o(i.__0printf$3)
    __1printf$3                              0x0800bec1   Thumb Code     0  printf3.o(i.__0printf$3)
    __2printf                                0x0800bec1   Thumb Code     0  printf3.o(i.__0printf$3)
    __0sprintf$3                             0x0800bee1   Thumb Code    34  printf3.o(i.__0sprintf$3)
    __1sprintf$3                             0x0800bee1   Thumb Code     0  printf3.o(i.__0sprintf$3)
    __2sprintf                               0x0800bee1   Thumb Code     0  printf3.o(i.__0sprintf$3)
    __scatterload_copy                       0x0800bf09   Thumb Code    14  handlers.o(i.__scatterload_copy)
    __scatterload_null                       0x0800bf17   Thumb Code     2  handlers.o(i.__scatterload_null)
    __scatterload_zeroinit                   0x0800bf19   Thumb Code    14  handlers.o(i.__scatterload_zeroinit)
    assert_failed                            0x0800c0eb   Thumb Code     2  main.o(i.assert_failed)
    data_Conversion                          0x0800c229   Thumb Code  4680  data.o(i.data_Conversion)
    dcu_Debug_Get_Data                       0x0800d475   Thumb Code    10  adc.o(i.dcu_Debug_Get_Data)
    debug_Data_Conversion                    0x0800d489   Thumb Code   718  data.o(i.debug_Data_Conversion)
    decimal_To_String                        0x0800d761   Thumb Code   260  string_utility.o(i.decimal_To_String)
    decimal_To_String_Unsigned               0x0800d865   Thumb Code   252  string_utility.o(i.decimal_To_String_Unsigned)
    disk_initialize                          0x0800dbfd   Thumb Code    34  diskio.o(i.disk_initialize)
    disk_ioctl                               0x0800dc25   Thumb Code    18  diskio.o(i.disk_ioctl)
    disk_read                                0x0800dc3d   Thumb Code    26  diskio.o(i.disk_read)
    disk_status                              0x0800dc5d   Thumb Code    16  diskio.o(i.disk_status)
    disk_write                               0x0800dc71   Thumb Code    26  diskio.o(i.disk_write)
    etharp_cleanup_netif                     0x0800dc91   Thumb Code    62  etharp.o(i.etharp_cleanup_netif)
    etharp_input                             0x0800df55   Thumb Code   286  etharp.o(i.etharp_input)
    etharp_output                            0x0800e16d   Thumb Code   438  etharp.o(i.etharp_output)
    etharp_query                             0x0800e4a9   Thumb Code   334  etharp.o(i.etharp_query)
    etharp_request                           0x0800e7c9   Thumb Code    34  etharp.o(i.etharp_request)
    etharp_tmr                               0x0800e7f5   Thumb Code   140  etharp.o(i.etharp_tmr)
    ethernet_input                           0x0800e88d   Thumb Code   166  ethernet.o(i.ethernet_input)
    ethernet_output                          0x0800e939   Thumb Code   100  ethernet.o(i.ethernet_output)
    ethernetif_init                          0x0800ea31   Thumb Code   266  ethernetif.o(i.ethernetif_init)
    ethernetif_input                         0x0800eba5   Thumb Code   252  ethernetif.o(i.ethernetif_input)
    ethernetif_notify_conn_changed           0x0800eca5   Thumb Code   168  user_ethernet_udp.o(i.ethernetif_notify_conn_changed)
    ethernetif_set_link                      0x0800ed59   Thumb Code    82  ethernetif.o(i.ethernetif_set_link)
    ethernetif_update_config                 0x0800edb5   Thumb Code   218  ethernetif.o(i.ethernetif_update_config)
    f_close                                  0x0800eea9   Thumb Code    82  ff.o(i.f_close)
    f_mount                                  0x0800ef01   Thumb Code   130  ff.o(i.f_mount)
    f_open                                   0x0800ef89   Thumb Code   906  ff.o(i.f_open)
    f_sync                                   0x0800f319   Thumb Code   180  ff.o(i.f_sync)
    f_write                                  0x0800f3cd   Thumb Code   478  ff.o(i.f_write)
    fputc                                    0x0800fc0d   Thumb Code    18  fputc.o(i.fputc)
    free                                     0x0800fc21   Thumb Code    76  malloc.o(i.free)
    get_fattime                              0x0800fd47   Thumb Code     4  fatfs.o(i.get_fattime)
    icmp_dest_unreach                        0x0800fd4d   Thumb Code   134  icmp.o(i.icmp_dest_unreach)
    icmp_input                               0x0800fe61   Thumb Code   296  icmp.o(i.icmp_input)
    icmp_time_exceeded                       0x08010059   Thumb Code   138  icmp.o(i.icmp_time_exceeded)
    initialize_Data                          0x080100e9   Thumb Code   550  data.o(i.initialize_Data)
    int_To_String                            0x08010325   Thumb Code   390  string_utility.o(i.int_To_String)
    int_To_String_Unsigned                   0x080104b1   Thumb Code   344  string_utility.o(i.int_To_String_Unsigned)
    ip4_addr_isbroadcast_u32                 0x0801060d   Thumb Code    54  ip4_addr.o(i.ip4_addr_isbroadcast_u32)
    ip4_frag                                 0x08010645   Thumb Code   462  ip4_frag.o(i.ip4_frag)
    ip4_input                                0x080108e1   Thumb Code   394  ip4.o(i.ip4_input)
    ip4_output_if                            0x08010a75   Thumb Code    40  ip4.o(i.ip4_output_if)
    ip4_output_if_src                        0x08010a9d   Thumb Code   218  ip4.o(i.ip4_output_if_src)
    ip4_reass                                0x08010c19   Thumb Code  1140  ip4_frag.o(i.ip4_reass)
    ip4_route                                0x08011121   Thumb Code   112  ip4.o(i.ip4_route)
    ip_reass_tmr                             0x080113c1   Thumb Code    44  ip4_frag.o(i.ip_reass_tmr)
    lwip_htons                               0x08011559   Thumb Code     4  def.o(i.lwip_htons)
    lwip_init                                0x0801155d   Thumb Code    26  init.o(i.lwip_init)
    main                                     0x08011579   Thumb Code   240  main.o(i.main)
    malloc                                   0x08011685   Thumb Code    92  malloc.o(i.malloc)
    mem_free                                 0x08011749   Thumb Code   272  mem.o(i.mem_free)
    mem_init                                 0x080119d9   Thumb Code    54  mem.o(i.mem_init)
    mem_malloc                               0x08011a19   Thumb Code   294  mem.o(i.mem_malloc)
    mem_trim                                 0x08011c75   Thumb Code   240  mem.o(i.mem_trim)
    memp_free                                0x08011df9   Thumb Code    72  memp.o(i.memp_free)
    memp_free_pool                           0x08011ec1   Thumb Code    66  memp.o(i.memp_free_pool)
    memp_init                                0x08011f95   Thumb Code    72  memp.o(i.memp_init)
    memp_malloc                              0x08011fe1   Thumb Code    70  memp.o(i.memp_malloc)
    memp_malloc_pool                         0x080120a9   Thumb Code    64  memp.o(i.memp_malloc_pool)
    netif_add                                0x080121b1   Thumb Code   110  netif.o(i.netif_add)
    netif_init                               0x08012299   Thumb Code     2  netif.o(i.netif_init)
    netif_set_addr                           0x0801229d   Thumb Code   186  netif.o(i.netif_set_addr)
    netif_set_default                        0x0801235d   Thumb Code     6  netif.o(i.netif_set_default)
    netif_set_down                           0x08012369   Thumb Code    52  netif.o(i.netif_set_down)
    netif_set_link_callback                  0x0801239d   Thumb Code     8  netif.o(i.netif_set_link_callback)
    netif_set_link_down                      0x080123a5   Thumb Code    30  netif.o(i.netif_set_link_down)
    netif_set_link_up                        0x080123c3   Thumb Code    64  netif.o(i.netif_set_link_up)
    netif_set_status_callback                0x08012403   Thumb Code     8  netif.o(i.netif_set_status_callback)
    netif_set_up                             0x0801240b   Thumb Code    70  netif.o(i.netif_set_up)
    netif_status_callback                    0x08012451   Thumb Code    14  user_ethernet_udp.o(i.netif_status_callback)
    pbuf_alloc                               0x08012461   Thumb Code   452  pbuf.o(i.pbuf_alloc)
    pbuf_alloced_custom                      0x08012761   Thumb Code   102  pbuf.o(i.pbuf_alloced_custom)
    pbuf_cat                                 0x08012845   Thumb Code   110  pbuf.o(i.pbuf_cat)
    pbuf_chain                               0x08012931   Thumb Code    50  pbuf.o(i.pbuf_chain)
    pbuf_clen                                0x08012969   Thumb Code    20  pbuf.o(i.pbuf_clen)
    pbuf_copy                                0x0801297d   Thumb Code   272  pbuf.o(i.pbuf_copy)
    pbuf_free                                0x08012b85   Thumb Code   176  pbuf.o(i.pbuf_free)
    pbuf_header                              0x08012ced   Thumb Code     6  pbuf.o(i.pbuf_header)
    pbuf_header_force                        0x08012cf3   Thumb Code     6  pbuf.o(i.pbuf_header_force)
    pbuf_realloc                             0x08012de9   Thumb Code   208  pbuf.o(i.pbuf_realloc)
    pbuf_ref                                 0x08012f8d   Thumb Code    34  pbuf.o(i.pbuf_ref)
    pbuf_take                                0x0801301d   Thumb Code   186  pbuf.o(i.pbuf_take)
    prepare_Next_Buffer_Block                0x08013161   Thumb Code    20  data.o(i.prepare_Next_Buffer_Block)
    set_Rtc_Date                             0x08013325   Thumb Code    30  rtc.o(i.set_Rtc_Date)
    set_Rtc_Time                             0x0801334d   Thumb Code    32  rtc.o(i.set_Rtc_Time)
    sys_check_timeouts                       0x08013479   Thumb Code    76  timeouts.o(i.sys_check_timeouts)
    sys_now                                  0x080134c9   Thumb Code     4  ethernetif.o(i.sys_now)
    sys_timeout                              0x080134cd   Thumb Code   154  timeouts.o(i.sys_timeout)
    sys_timeouts_init                        0x08013609   Thumb Code    36  timeouts.o(i.sys_timeouts_init)
    udp_bind                                 0x08013639   Thumb Code   196  udp.o(i.udp_bind)
    udp_connect                              0x08013705   Thumb Code    80  udp.o(i.udp_connect)
    udp_disconnect                           0x08013759   Thumb Code    16  udp.o(i.udp_disconnect)
    udp_init                                 0x08013769   Thumb Code     2  udp.o(i.udp_init)
    udp_input                                0x0801376d   Thumb Code   328  udp.o(i.udp_input)
    udp_netif_ip_addr_changed                0x08013929   Thumb Code    52  udp.o(i.udp_netif_ip_addr_changed)
    udp_new                                  0x08013961   Thumb Code    38  udp.o(i.udp_new)
    udp_recv                                 0x08013987   Thumb Code     6  udp.o(i.udp_recv)
    udp_remove                               0x0801398d   Thumb Code    42  udp.o(i.udp_remove)
    udp_send                                 0x080139bd   Thumb Code   104  udp.o(i.udp_send)
    udp_sendto_if_src                        0x08013a25   Thumb Code   196  udp.o(i.udp_sendto_if_src)
    uint32_To_String                         0x08013b71   Thumb Code   314  string_utility.o(i.uint32_To_String)
    USBH_Driver                              0x08013ce4   Data          20  usbh_diskio.o(.constdata)
    AHBPrescTable                            0x08013d00   Data          16  system_stm32f7xx.o(.constdata)
    ethbroadcast                             0x08013d10   Data           6  ethernet.o(.constdata)
    ethzero                                  0x08013d16   Data           6  ethernet.o(.constdata)
    memp_UDP_PCB                             0x08013d1c   Data          12  memp.o(.constdata)
    memp_REASSDATA                           0x08013d28   Data          12  memp.o(.constdata)
    memp_FRAG_PBUF                           0x08013d34   Data          12  memp.o(.constdata)
    memp_SYS_TIMEOUT                         0x08013d40   Data          12  memp.o(.constdata)
    memp_PBUF                                0x08013d4c   Data          12  memp.o(.constdata)
    memp_PBUF_POOL                           0x08013d58   Data          12  memp.o(.constdata)
    memp_pools                               0x08013d64   Data          24  memp.o(.constdata)
    lwip_cyclic_timers                       0x08013d7c   Data          16  timeouts.o(.constdata)
    ip_addr_any                              0x08013d8c   Data           4  ip4_addr.o(.constdata)
    Region$$Table$$Base                      0x08013e68   Number         0  anon$$obj.o(Region$$Table)
    Region$$Table$$Limit                     0x08013e88   Number         0  anon$$obj.o(Region$$Table)
    header_Packet_Buffer                     0x20000039   Data         898  data.o(.data)
    USB_Timestamp                            0x200003bc   Data           4  data.o(.data)
    start_Acquisition_Request                0x200003c0   Data           1  data.o(.data)
    buffer_Write_Pointer                     0x200003c4   Data           1  data.o(.data)
    buffer_Telemetry_Pointer                 0x200003c5   Data           1  data.o(.data)
    dcu_State_Packet                         0x200003e0   Data           8  data.o(.data)
    buffer_Read_Pointer                      0x200003e8   Data           1  data.o(.data)
    accelerometer_Divisor                    0x200003f0   Data           4  bno055.o(.data)
    gyroscope_Divisor                        0x200003f4   Data           4  bno055.o(.data)
    euler_Divisor                            0x200003f8   Data           4  bno055.o(.data)
    temperature_Divisor                      0x200003fc   Data           4  bno055.o(.data)
    calibration_State                        0x20000400   Data           4  bno055.o(.data)
    self_Test_Result                         0x20000404   Data           4  bno055.o(.data)
    DCU_Debug_Temperature                    0x20000408   Data           2  adc.o(.data)
    DCU_Debug_Current                        0x2000040a   Data           2  adc.o(.data)
    retUSBH                                  0x2000042a   Data           1  fatfs.o(.data)
    USBHPath                                 0x2000042b   Data           4  fatfs.o(.data)
    ipaddr                                   0x20000430   Data           4  lwip.o(.data)
    netmask                                  0x20000434   Data           4  lwip.o(.data)
    gw                                       0x20000438   Data           4  lwip.o(.data)
    IP_ADDRESS                               0x2000043c   Data           4  lwip.o(.data)
    NETMASK_ADDRESS                          0x20000440   Data           4  lwip.o(.data)
    GATEWAY_ADDRESS                          0x20000444   Data           4  lwip.o(.data)
    EthernetLinkTimer                        0x20000448   Data           4  ethernetif.o(.data)
    Appli_state                              0x20000450   Data           1  usb_host.o(.data)
    uwTickFreq                               0x2000045c   Data           1  stm32f7xx_hal.o(.data)
    uwTickPrio                               0x20000460   Data           4  stm32f7xx_hal.o(.data)
    uwTick                                   0x20000464   Data           4  stm32f7xx_hal.o(.data)
    SystemCoreClock                          0x20000468   Data           4  system_stm32f7xx.o(.data)
    netif_list                               0x20000494   Data           4  netif.o(.data)
    netif_default                            0x20000498   Data           4  netif.o(.data)
    udp_pcbs                                 0x200004a8   Data           4  udp.o(.data)
    USBH_msc                                 0x200004c4   Data          32  usbh_msc.o(.data)
    __stdout                                 0x200004e4   Data           4  stdout.o(.data)
    __microlib_freelist                      0x200004e8   Data           4  mvars.o(.data)
    __microlib_freelist_initialised          0x200004ec   Data           4  mvars.o(.data)
    dcu_Debug_Packet                         0x20006914   Data          94  data.o(.bss)
    block_Buffer                             0x20006972   Data        1536  data.o(.bss)
    raw_Data                                 0x20007350   Data          14  bno055.o(.bss)
    converted_Data                           0x20007360   Data          28  bno055.o(.bss)
    converted_All_Data                       0x2000737c   Data          92  bno055.o(.bss)
    hadc1                                    0x20007434   Data          72  adc.o(.bss)
    hdma_adc1                                0x2000747c   Data          96  adc.o(.bss)
    hcan1                                    0x20007554   Data          40  can.o(.bss)
    USBHFatFS                                0x2000777c   Data         560  fatfs.o(.bss)
    USBHFile                                 0x200079ac   Data         560  fatfs.o(.bss)
    hi2c4                                    0x20007bdc   Data          76  i2c.o(.bss)
    gnetif                                   0x20007c28   Data          56  lwip.o(.bss)
    DMARxDscrTab                             0x20007c60   Data         512  ethernetif.o(.bss)
    DMATxDscrTab                             0x20007e60   Data         512  ethernetif.o(.bss)
    Rx_Buff                                  0x20008060   Data       24384  ethernetif.o(.bss)
    Tx_Buff                                  0x2000dfa0   Data       24384  ethernetif.o(.bss)
    heth                                     0x20013ee0   Data          72  ethernetif.o(.bss)
    hrtc                                     0x20013f40   Data          32  rtc.o(.bss)
    htim5                                    0x20013f60   Data          64  tim.o(.bss)
    htim6                                    0x20013fa0   Data          64  tim.o(.bss)
    htim7                                    0x20013fe0   Data          64  tim.o(.bss)
    hUsbHostHS                               0x20014020   Data        1224  usb_host.o(.bss)
    hhcd_USB_OTG_HS                          0x200144e8   Data         664  usbh_conf.o(.bss)
    ip_data                                  0x20014780   Data          24  ip.o(.bss)
    ram_heap                                 0x20014798   Data        9619  mem.o(.bss)
    memp_memory_UDP_PCB_base                 0x20016d2b   Data         163  memp.o(.bss)
    memp_memory_REASSDATA_base               0x20016dce   Data         163  memp.o(.bss)
    memp_memory_FRAG_PBUF_base               0x20016e71   Data         363  memp.o(.bss)
    memp_memory_SYS_TIMEOUT_base             0x20016fdc   Data          35  memp.o(.bss)
    memp_memory_PBUF_base                    0x20016fff   Data        1027  memp.o(.bss)
    memp_memory_PBUF_POOL_base               0x20017402   Data       38915  memp.o(.bss)
    disk                                     0x20020d78   Data          16  ff_gen_drv.o(.bss)
    __heap_base                              0x20020d88   Data           0  startup_stm32f767xx.o(HEAP)
    __heap_limit                             0x20021d88   Data           0  startup_stm32f767xx.o(HEAP)
    __initial_sp                             0x20022f88   Data           0  startup_stm32f767xx.o(STACK)



==============================================================================

Memory Map of the image

  Image Entry point : 0x080001f9

  Load Region LR_IROM1 (Base: 0x08000000, Size: 0x00014378, Max: 0x00200000, ABSOLUTE, COMPRESSED[0x000140c0])

    Execution Region ER_IROM1 (Base: 0x08000000, Size: 0x00013e88, Max: 0x00200000, ABSOLUTE)

    Base Addr    Size         Type   Attr      Idx    E Section Name        Object

    0x08000000   0x000001f8   Data   RO         1860    RESET               startup_stm32f767xx.o
    0x080001f8   0x00000000   Code   RO         8827  * .ARM.Collect$$$$00000000  mc_w.l(entry.o)
    0x080001f8   0x00000004   Code   RO         9133    .ARM.Collect$$$$00000001  mc_w.l(entry2.o)
    0x080001fc   0x00000004   Code   RO         9136    .ARM.Collect$$$$00000004  mc_w.l(entry5.o)
    0x08000200   0x00000000   Code   RO         9138    .ARM.Collect$$$$00000008  mc_w.l(entry7b.o)
    0x08000200   0x00000000   Code   RO         9140    .ARM.Collect$$$$0000000A  mc_w.l(entry8b.o)
    0x08000200   0x00000008   Code   RO         9141    .ARM.Collect$$$$0000000B  mc_w.l(entry9a.o)
    0x08000208   0x00000000   Code   RO         9143    .ARM.Collect$$$$0000000D  mc_w.l(entry10a.o)
    0x08000208   0x00000000   Code   RO         9145    .ARM.Collect$$$$0000000F  mc_w.l(entry11a.o)
    0x08000208   0x00000004   Code   RO         9134    .ARM.Collect$$$$00002712  mc_w.l(entry2.o)
    0x0800020c   0x00000024   Code   RO         1861    .text               startup_stm32f767xx.o
    0x08000230   0x00000062   Code   RO         8830    .text               mc_w.l(uldiv.o)
    0x08000292   0x00000024   Code   RO         8832    .text               mc_w.l(memcpya.o)
    0x080002b6   0x00000024   Code   RO         8834    .text               mc_w.l(memseta.o)
    0x080002da   0x0000000e   Code   RO         8836    .text               mc_w.l(strlen.o)
    0x080002e8   0x0000001a   Code   RO         8838    .text               mc_w.l(memcmp.o)
    0x08000302   0x0000002c   Code   RO         9150    .text               mc_w.l(uidiv.o)
    0x0800032e   0x0000001e   Code   RO         9152    .text               mc_w.l(llshl.o)
    0x0800034c   0x00000020   Code   RO         9154    .text               mc_w.l(llushr.o)
    0x0800036c   0x00000024   Code   RO         9169    .text               mc_w.l(init.o)
    0x08000390   0x00000000   Code   RO         9171    .text               mc_w.l(semi.o)
    0x08000390   0x00000000   Code   RO         9174    .text               mc_w.l(iusesemip.o)
    0x08000390   0x00000056   Code   RO         9185    .text               mc_w.l(__dczerorl2.o)
    0x080003e6   0x00000068   Code   RO         2443    i.ADC_DMAConvCplt   stm32f7xx_hal_adc.o
    0x0800044e   0x00000016   Code   RO         2444    i.ADC_DMAError      stm32f7xx_hal_adc.o
    0x08000464   0x0000000a   Code   RO         2445    i.ADC_DMAHalfConvCplt  stm32f7xx_hal_adc.o
    0x0800046e   0x00000002   PAD
    0x08000470   0x0000000c   Code   RO         1671    i.ADC_IRQHandler    stm32f7xx_it.o
    0x0800047c   0x000000b4   Code   RO          681    i.BNO055_Imu_Read_Data  bno055.o
    0x08000530   0x00000280   Code   RO          659    i.BNO055_Init       bno055.o
    0x080007b0   0x00000002   Code   RO         1672    i.BusFault_Handler  stm32f7xx_it.o
    0x080007b2   0x00000002   PAD
    0x080007b4   0x0000000c   Code   RO         1673    i.CAN1_RX0_IRQHandler  stm32f7xx_it.o
    0x080007c0   0x0000000c   Code   RO         1674    i.CAN1_RX1_IRQHandler  stm32f7xx_it.o
    0x080007cc   0x00000138   Code   RO          939    i.CAN1_Start        can.o
    0x08000904   0x0000000c   Code   RO         1675    i.CAN1_TX_IRQHandler  stm32f7xx_it.o
    0x08000910   0x00000038   Code   RO         1009    i.CAN_Send_Dcu_Debug_Pakcet  can.o
    0x08000948   0x0000000c   Code   RO          997    i.CAN_Set_Dcu_Is_Alive_Packet  can.o
    0x08000954   0x0000000c   Code   RO         1003    i.CAN_Set_Dcu_Is_Not_Alive_Packet  can.o
    0x08000960   0x0000007c   Code   RO          473    i.CPU_Cache_Enable  system.o
    0x080009dc   0x0000000c   Code   RO         1676    i.DMA2_Stream0_IRQHandler  stm32f7xx_it.o
    0x080009e8   0x00000002   Code   RO         1677    i.DebugMon_Handler  stm32f7xx_it.o
    0x080009ea   0x00000002   PAD
    0x080009ec   0x0000000c   Code   RO         1678    i.ETH_IRQHandler    stm32f7xx_it.o
    0x080009f8   0x00000124   Code   RO         1868    i.ETH_MACDMAConfig  stm32f7xx_hal_eth.o
    0x08000b1c   0x00000006   Code   RO         1679    i.EXTI0_IRQHandler  stm32f7xx_it.o
    0x08000b22   0x00000002   PAD
    0x08000b24   0x00000054   Code   RO         8295    i.FATFS_LinkDriver  ff_gen_drv.o
    0x08000b78   0x00000002   Code   RO         2612    i.HAL_ADCEx_InjectedConvCpltCallback  stm32f7xx_hal_adc_ex.o
    0x08000b7a   0x00000002   PAD
    0x08000b7c   0x00000280   Code   RO         2447    i.HAL_ADC_ConfigChannel  stm32f7xx_hal_adc.o
    0x08000dfc   0x000000cc   Code   RO          884    i.HAL_ADC_ConvCpltCallback  adc.o
    0x08000ec8   0x00000002   Code   RO         2449    i.HAL_ADC_ConvHalfCpltCallback  stm32f7xx_hal_adc.o
    0x08000eca   0x00000002   Code   RO         2451    i.HAL_ADC_ErrorCallback  stm32f7xx_hal_adc.o
    0x08000ecc   0x000001cc   Code   RO         2455    i.HAL_ADC_IRQHandler  stm32f7xx_hal_adc.o
    0x08001098   0x0000038c   Code   RO         2456    i.HAL_ADC_Init      stm32f7xx_hal_adc.o
    0x08001424   0x00000002   Code   RO         2457    i.HAL_ADC_LevelOutOfWindowCallback  stm32f7xx_hal_adc.o
    0x08001426   0x00000002   PAD
    0x08001428   0x000000a4   Code   RO          886    i.HAL_ADC_MspInit   adc.o
    0x080014cc   0x000001c4   Code   RO         2463    i.HAL_ADC_Start_DMA  stm32f7xx_hal_adc.o
    0x08001690   0x0000007c   Code   RO         2714    i.HAL_CAN_ActivateNotification  stm32f7xx_hal_can.o
    0x0800170c   0x000001a8   Code   RO         2715    i.HAL_CAN_AddTxMessage  stm32f7xx_hal_can.o
    0x080018b4   0x00000220   Code   RO         2716    i.HAL_CAN_ConfigFilter  stm32f7xx_hal_can.o
    0x08001ad4   0x00000002   Code   RO         2719    i.HAL_CAN_ErrorCallback  stm32f7xx_hal_can.o
    0x08001ad6   0x00000002   PAD
    0x08001ad8   0x0000016c   Code   RO         2722    i.HAL_CAN_GetRxMessage  stm32f7xx_hal_can.o
    0x08001c44   0x00000236   Code   RO         2726    i.HAL_CAN_IRQHandler  stm32f7xx_hal_can.o
    0x08001e7a   0x00000002   PAD
    0x08001e7c   0x000002e8   Code   RO         2727    i.HAL_CAN_Init      stm32f7xx_hal_can.o
    0x08002164   0x00000084   Code   RO          941    i.HAL_CAN_MspInit   can.o
    0x080021e8   0x00000002   Code   RO         2734    i.HAL_CAN_RxFifo0FullCallback  stm32f7xx_hal_can.o
    0x080021ea   0x00000002   PAD
    0x080021ec   0x00000024   Code   RO          942    i.HAL_CAN_RxFifo0MsgPendingCallback  can.o
    0x08002210   0x00000002   Code   RO         2736    i.HAL_CAN_RxFifo1FullCallback  stm32f7xx_hal_can.o
    0x08002212   0x00000002   PAD
    0x08002214   0x00000044   Code   RO          943    i.HAL_CAN_RxFifo1MsgPendingCallback  can.o
    0x08002258   0x00000002   Code   RO         2738    i.HAL_CAN_SleepCallback  stm32f7xx_hal_can.o
    0x0800225a   0x00000002   PAD
    0x0800225c   0x00000064   Code   RO         2739    i.HAL_CAN_Start     stm32f7xx_hal_can.o
    0x080022c0   0x00000002   Code   RO         2741    i.HAL_CAN_TxMailbox0AbortCallback  stm32f7xx_hal_can.o
    0x080022c2   0x00000002   Code   RO          944    i.HAL_CAN_TxMailbox0CompleteCallback  can.o
    0x080022c4   0x00000002   Code   RO         2743    i.HAL_CAN_TxMailbox1AbortCallback  stm32f7xx_hal_can.o
    0x080022c6   0x00000002   Code   RO         2744    i.HAL_CAN_TxMailbox1CompleteCallback  stm32f7xx_hal_can.o
    0x080022c8   0x00000002   Code   RO         2745    i.HAL_CAN_TxMailbox2AbortCallback  stm32f7xx_hal_can.o
    0x080022ca   0x00000002   Code   RO         2746    i.HAL_CAN_TxMailbox2CompleteCallback  stm32f7xx_hal_can.o
    0x080022cc   0x00000002   Code   RO         2748    i.HAL_CAN_WakeUpFromRxMsgCallback  stm32f7xx_hal_can.o
    0x080022ce   0x00000024   Code   RO         5136    i.HAL_DMA_Abort_IT  stm32f7xx_hal_dma.o
    0x080022f2   0x00000002   PAD
    0x080022f4   0x000001d8   Code   RO         5140    i.HAL_DMA_IRQHandler  stm32f7xx_hal_dma.o
    0x080024cc   0x000003c8   Code   RO         5141    i.HAL_DMA_Init      stm32f7xx_hal_dma.o
    0x08002894   0x000000f4   Code   RO         5145    i.HAL_DMA_Start_IT  stm32f7xx_hal_dma.o
    0x08002988   0x00000028   Code   RO         5485    i.HAL_Delay         stm32f7xx_hal.o
    0x080029b0   0x0000043c   Code   RO         1870    i.HAL_ETH_ConfigMAC  stm32f7xx_hal_eth.o
    0x08002dec   0x00000084   Code   RO         1871    i.HAL_ETH_DMARxDescListInit  stm32f7xx_hal_eth.o
    0x08002e70   0x00000090   Code   RO         1872    i.HAL_ETH_DMATxDescListInit  stm32f7xx_hal_eth.o
    0x08002f00   0x00000002   Code   RO         1874    i.HAL_ETH_ErrorCallback  stm32f7xx_hal_eth.o
    0x08002f02   0x000000a4   Code   RO         1875    i.HAL_ETH_GetReceivedFrame  stm32f7xx_hal_eth.o
    0x08002fa6   0x00000006   Code   RO         1877    i.HAL_ETH_GetState  stm32f7xx_hal_eth.o
    0x08002fac   0x00000086   Code   RO         1878    i.HAL_ETH_IRQHandler  stm32f7xx_hal_eth.o
    0x08003032   0x00000002   PAD
    0x08003034   0x000002c0   Code   RO         1879    i.HAL_ETH_Init      stm32f7xx_hal_eth.o
    0x080032f4   0x000000a0   Code   RO         1253    i.HAL_ETH_MspInit   ethernetif.o
    0x08003394   0x000000d8   Code   RO         1882    i.HAL_ETH_ReadPHYRegister  stm32f7xx_hal_eth.o
    0x0800346c   0x00000002   Code   RO         1883    i.HAL_ETH_RxCpltCallback  stm32f7xx_hal_eth.o
    0x0800346e   0x000000a6   Code   RO         1884    i.HAL_ETH_Start     stm32f7xx_hal_eth.o
    0x08003514   0x000000a6   Code   RO         1885    i.HAL_ETH_Stop      stm32f7xx_hal_eth.o
    0x080035ba   0x00000132   Code   RO         1886    i.HAL_ETH_TransmitFrame  stm32f7xx_hal_eth.o
    0x080036ec   0x00000002   Code   RO         1887    i.HAL_ETH_TxCpltCallback  stm32f7xx_hal_eth.o
    0x080036ee   0x00000002   PAD
    0x080036f0   0x000000cc   Code   RO         1888    i.HAL_ETH_WritePHYRegister  stm32f7xx_hal_eth.o
    0x080037bc   0x00000040   Code   RO          745    i.HAL_GPIO_EXTI_Callback  main.o
    0x080037fc   0x00000018   Code   RO         5071    i.HAL_GPIO_EXTI_IRQHandler  stm32f7xx_hal_gpio.o
    0x08003814   0x0000038c   Code   RO         5072    i.HAL_GPIO_Init     stm32f7xx_hal_gpio.o
    0x08003ba0   0x00000058   Code   RO         5074    i.HAL_GPIO_ReadPin  stm32f7xx_hal_gpio.o
    0x08003bf8   0x00000058   Code   RO         5075    i.HAL_GPIO_TogglePin  stm32f7xx_hal_gpio.o
    0x08003c50   0x0000006c   Code   RO         5076    i.HAL_GPIO_WritePin  stm32f7xx_hal_gpio.o
    0x08003cbc   0x0000000c   Code   RO         5495    i.HAL_GetTick       stm32f7xx_hal.o
    0x08003cc8   0x00000008   Code   RO         1500    i.HAL_HCD_Connect_Callback  usbh_conf.o
    0x08003cd0   0x00000008   Code   RO         1501    i.HAL_HCD_Disconnect_Callback  usbh_conf.o
    0x08003cd8   0x00000006   Code   RO         2014    i.HAL_HCD_GetCurrentFrame  stm32f7xx_hal_hcd.o
    0x08003cde   0x00000006   Code   RO         2015    i.HAL_HCD_GetCurrentSpeed  stm32f7xx_hal_hcd.o
    0x08003ce4   0x0000000e   Code   RO         2018    i.HAL_HCD_HC_GetURBState  stm32f7xx_hal_hcd.o
    0x08003cf2   0x0000000c   Code   RO         2019    i.HAL_HCD_HC_GetXferCount  stm32f7xx_hal_hcd.o
    0x08003cfe   0x00000024   Code   RO         2020    i.HAL_HCD_HC_Halt   stm32f7xx_hal_hcd.o
    0x08003d22   0x00000070   Code   RO         2021    i.HAL_HCD_HC_Init   stm32f7xx_hal_hcd.o
    0x08003d92   0x00000002   Code   RO         1502    i.HAL_HCD_HC_NotifyURBChange_Callback  usbh_conf.o
    0x08003d94   0x000000ac   Code   RO         2023    i.HAL_HCD_HC_SubmitRequest  stm32f7xx_hal_hcd.o
    0x08003e40   0x00000730   Code   RO         2024    i.HAL_HCD_IRQHandler  stm32f7xx_hal_hcd.o
    0x08004570   0x000000c4   Code   RO         2025    i.HAL_HCD_Init      stm32f7xx_hal_hcd.o
    0x08004634   0x00000084   Code   RO         1504    i.HAL_HCD_MspInit   usbh_conf.o
    0x080046b8   0x00000002   Code   RO         2028    i.HAL_HCD_PortDisabled_Callback  stm32f7xx_hal_hcd.o
    0x080046ba   0x00000002   Code   RO         2029    i.HAL_HCD_PortEnabled_Callback  stm32f7xx_hal_hcd.o
    0x080046bc   0x00000006   Code   RO         2030    i.HAL_HCD_ResetPort  stm32f7xx_hal_hcd.o
    0x080046c2   0x00000008   Code   RO         1505    i.HAL_HCD_SOF_Callback  usbh_conf.o
    0x080046ca   0x0000002c   Code   RO         2032    i.HAL_HCD_Start     stm32f7xx_hal_hcd.o
    0x080046f6   0x00000024   Code   RO         2033    i.HAL_HCD_Stop      stm32f7xx_hal_hcd.o
    0x0800471a   0x00000002   PAD
    0x0800471c   0x000000dc   Code   RO         3470    i.HAL_I2CEx_ConfigAnalogFilter  stm32f7xx_hal_i2c_ex.o
    0x080047f8   0x000000d4   Code   RO         3471    i.HAL_I2CEx_ConfigDigitalFilter  stm32f7xx_hal_i2c_ex.o
    0x080048cc   0x00000002   Code   RO         3077    i.HAL_I2C_AbortCpltCallback  stm32f7xx_hal_i2c.o
    0x080048ce   0x00000002   Code   RO         3078    i.HAL_I2C_AddrCallback  stm32f7xx_hal_i2c.o
    0x080048d0   0x00000078   Code   RO         3081    i.HAL_I2C_ER_IRQHandler  stm32f7xx_hal_i2c.o
    0x08004948   0x00000010   Code   RO         3082    i.HAL_I2C_EV_IRQHandler  stm32f7xx_hal_i2c.o
    0x08004958   0x00000002   Code   RO         3084    i.HAL_I2C_ErrorCallback  stm32f7xx_hal_i2c.o
    0x0800495a   0x00000002   PAD
    0x0800495c   0x000001c4   Code   RO         3088    i.HAL_I2C_Init      stm32f7xx_hal_i2c.o
    0x08004b20   0x00000002   Code   RO         3090    i.HAL_I2C_ListenCpltCallback  stm32f7xx_hal_i2c.o
    0x08004b22   0x00000002   PAD
    0x08004b24   0x0000023c   Code   RO         3094    i.HAL_I2C_Master_Receive  stm32f7xx_hal_i2c.o
    0x08004d60   0x00000160   Code   RO         3099    i.HAL_I2C_Master_Transmit  stm32f7xx_hal_i2c.o
    0x08004ec0   0x00000074   Code   RO         1143    i.HAL_I2C_MspInit   i2c.o
    0x08004f34   0x00000002   Code   RO         3112    i.HAL_I2C_SlaveRxCpltCallback  stm32f7xx_hal_i2c.o
    0x08004f36   0x00000002   Code   RO         3113    i.HAL_I2C_SlaveTxCpltCallback  stm32f7xx_hal_i2c.o
    0x08004f38   0x00000010   Code   RO         5501    i.HAL_IncTick       stm32f7xx_hal.o
    0x08004f48   0x0000002c   Code   RO         5502    i.HAL_Init          stm32f7xx_hal.o
    0x08004f74   0x00000040   Code   RO         5503    i.HAL_InitTick      stm32f7xx_hal.o
    0x08004fb4   0x000001f4   Code   RO         2947    i.HAL_MPU_ConfigRegion  stm32f7xx_hal_cortex.o
    0x080051a8   0x00000020   Code   RO         2948    i.HAL_MPU_Disable   stm32f7xx_hal_cortex.o
    0x080051c8   0x00000024   Code   RO         2949    i.HAL_MPU_Enable    stm32f7xx_hal_cortex.o
    0x080051ec   0x00000084   Code   RO         1837    i.HAL_MspInit       stm32f7xx_hal_msp.o
    0x08005270   0x00000060   Code   RO         2952    i.HAL_NVIC_EnableIRQ  stm32f7xx_hal_cortex.o
    0x080052d0   0x000000b4   Code   RO         2958    i.HAL_NVIC_SetPriority  stm32f7xx_hal_cortex.o
    0x08005384   0x0000007c   Code   RO         2959    i.HAL_NVIC_SetPriorityGrouping  stm32f7xx_hal_cortex.o
    0x08005400   0x0000007c   Code   RO         5392    i.HAL_PWREx_EnableOverDrive  stm32f7xx_hal_pwr_ex.o
    0x0800547c   0x00000b44   Code   RO         4874    i.HAL_RCCEx_PeriphCLKConfig  stm32f7xx_hal_rcc_ex.o
    0x08005fc0   0x000002e8   Code   RO         4768    i.HAL_RCC_ClockConfig  stm32f7xx_hal_rcc.o
    0x080062a8   0x0000000c   Code   RO         4773    i.HAL_RCC_GetHCLKFreq  stm32f7xx_hal_rcc.o
    0x080062b4   0x0000052c   Code   RO         4780    i.HAL_RCC_OscConfig  stm32f7xx_hal_rcc.o
    0x080067e0   0x000000ac   Code   RO         3517    i.HAL_RTC_GetDate   stm32f7xx_hal_rtc.o
    0x0800688c   0x000000c4   Code   RO         3519    i.HAL_RTC_GetTime   stm32f7xx_hal_rtc.o
    0x08006950   0x00000190   Code   RO         3520    i.HAL_RTC_Init      stm32f7xx_hal_rtc.o
    0x08006ae0   0x00000020   Code   RO         1341    i.HAL_RTC_MspInit   rtc.o
    0x08006b00   0x0000020c   Code   RO         3526    i.HAL_RTC_SetDate   stm32f7xx_hal_rtc.o
    0x08006d0c   0x000002bc   Code   RO         3527    i.HAL_RTC_SetTime   stm32f7xx_hal_rtc.o
    0x08006fc8   0x00000064   Code   RO         2961    i.HAL_SYSTICK_CLKSourceConfig  stm32f7xx_hal_cortex.o
    0x0800702c   0x00000002   Code   RO         2962    i.HAL_SYSTICK_Callback  stm32f7xx_hal_cortex.o
    0x0800702e   0x00000002   PAD
    0x08007030   0x00000028   Code   RO         2963    i.HAL_SYSTICK_Config  stm32f7xx_hal_cortex.o
    0x08007058   0x00000008   Code   RO         2964    i.HAL_SYSTICK_IRQHandler  stm32f7xx_hal_cortex.o
    0x08007060   0x00000002   Code   RO         4498    i.HAL_TIMEx_BreakCallback  stm32f7xx_hal_tim_ex.o
    0x08007062   0x00000002   Code   RO         4499    i.HAL_TIMEx_CommutationCallback  stm32f7xx_hal_tim_ex.o
    0x08007064   0x000001a0   Code   RO         4517    i.HAL_TIMEx_MasterConfigSynchronization  stm32f7xx_hal_tim_ex.o
    0x08007204   0x00000150   Code   RO         3890    i.HAL_TIM_Base_Init  stm32f7xx_hal_tim.o
    0x08007354   0x00000098   Code   RO         1408    i.HAL_TIM_Base_MspInit  tim.o
    0x080073ec   0x000000e8   Code   RO         3895    i.HAL_TIM_Base_Start_IT  stm32f7xx_hal_tim.o
    0x080074d4   0x000000fc   Code   RO         3898    i.HAL_TIM_Base_Stop_IT  stm32f7xx_hal_tim.o
    0x080075d0   0x00000574   Code   RO         3899    i.HAL_TIM_ConfigClockSource  stm32f7xx_hal_tim.o
    0x08007b44   0x00000002   Code   RO         3919    i.HAL_TIM_IC_CaptureCallback  stm32f7xx_hal_tim.o
    0x08007b46   0x00000184   Code   RO         3932    i.HAL_TIM_IRQHandler  stm32f7xx_hal_tim.o
    0x08007cca   0x00000002   Code   RO         3935    i.HAL_TIM_OC_DelayElapsedCallback  stm32f7xx_hal_tim.o
    0x08007ccc   0x00000002   Code   RO         3962    i.HAL_TIM_PWM_PulseFinishedCallback  stm32f7xx_hal_tim.o
    0x08007cce   0x00000002   Code   RO         3969    i.HAL_TIM_PeriodElapsedCallback  stm32f7xx_hal_tim.o
    0x08007cd0   0x00000002   Code   RO         3973    i.HAL_TIM_TriggerCallback  stm32f7xx_hal_tim.o
    0x08007cd2   0x00000002   Code   RO         1680    i.HardFault_Handler  stm32f7xx_it.o
    0x08007cd4   0x0000000c   Code   RO         1681    i.I2C4_ER_IRQHandler  stm32f7xx_it.o
    0x08007ce0   0x0000000c   Code   RO         1682    i.I2C4_EV_IRQHandler  stm32f7xx_it.o
    0x08007cec   0x00000032   Code   RO         3122    i.I2C_DMAAbort      stm32f7xx_hal_i2c.o
    0x08007d1e   0x00000064   Code   RO         3128    i.I2C_Disable_IRQ   stm32f7xx_hal_i2c.o
    0x08007d82   0x00000002   PAD
    0x08007d84   0x000000ec   Code   RO         3130    i.I2C_ITError       stm32f7xx_hal_i2c.o
    0x08007e70   0x00000168   Code   RO         3132    i.I2C_ITSlaveCplt   stm32f7xx_hal_i2c.o
    0x08007fd8   0x000002c4   Code   RO         3138    i.I2C_Slave_ISR_IT  stm32f7xx_hal_i2c.o
    0x0800829c   0x000000f0   Code   RO         3139    i.I2C_TransferConfig  stm32f7xx_hal_i2c.o
    0x0800838c   0x00000066   Code   RO         3140    i.I2C_WaitOnFlagUntilTimeout  stm32f7xx_hal_i2c.o
    0x080083f2   0x00000002   PAD
    0x080083f4   0x000000d4   Code   RO         3141    i.I2C_WaitOnSTOPFlagUntilTimeout  stm32f7xx_hal_i2c.o
    0x080084c8   0x000000d8   Code   RO         3142    i.I2C_WaitOnTXISFlagUntilTimeout  stm32f7xx_hal_i2c.o
    0x080085a0   0x000001b8   Code   RO          446    i.Imu_Dcu_Conversion_To_Buffer  data.o
    0x08008758   0x000000bc   Code   RO          474    i.MPU_Config        system.o
    0x08008814   0x00000094   Code   RO          887    i.MX_ADC1_Init      adc.o
    0x080088a8   0x0000005c   Code   RO          945    i.MX_CAN1_Init      can.o
    0x08008904   0x0000002c   Code   RO         1024    i.MX_DMA_Init       dma.o
    0x08008930   0x00000014   Code   RO         1647    i.MX_DriverVbusHS   usbh_platform.o
    0x08008944   0x00000034   Code   RO         1104    i.MX_FATFS_Init     fatfs.o
    0x08008978   0x0000016c   Code   RO          860    i.MX_GPIO_Init      gpio.o
    0x08008ae4   0x00000078   Code   RO         1144    i.MX_I2C4_Init      i2c.o
    0x08008b5c   0x00000118   Code   RO         1184    i.MX_LWIP_Init      lwip.o
    0x08008c74   0x0000001c   Code   RO         1185    i.MX_LWIP_Process   lwip.o
    0x08008c90   0x0000004c   Code   RO         1342    i.MX_RTC_Init       rtc.o
    0x08008cdc   0x0000007c   Code   RO         1409    i.MX_TIM5_Init      tim.o
    0x08008d58   0x00000064   Code   RO         1410    i.MX_TIM6_Init      tim.o
    0x08008dbc   0x00000064   Code   RO         1411    i.MX_TIM7_Init      tim.o
    0x08008e20   0x0000002c   Code   RO         1461    i.MX_USB_HOST_Init  usb_host.o
    0x08008e4c   0x0000000c   Code   RO         1462    i.MX_USB_HOST_Process  usb_host.o
    0x08008e58   0x00000002   Code   RO         1683    i.MemManage_Handler  stm32f7xx_it.o
    0x08008e5a   0x00000002   Code   RO         1684    i.NMI_Handler       stm32f7xx_it.o
    0x08008e5c   0x0000000c   Code   RO         1685    i.OTG_HS_EP1_IN_IRQHandler  stm32f7xx_it.o
    0x08008e68   0x0000000c   Code   RO         1686    i.OTG_HS_EP1_OUT_IRQHandler  stm32f7xx_it.o
    0x08008e74   0x0000000c   Code   RO         1687    i.OTG_HS_IRQHandler  stm32f7xx_it.o
    0x08008e80   0x00000002   Code   RO         1688    i.PendSV_Handler    stm32f7xx_it.o
    0x08008e82   0x00000032   Code   RO         3530    i.RTC_ByteToBcd2    stm32f7xx_hal_rtc.o
    0x08008eb4   0x00000020   Code   RO         1374    i.RTC_Get_Value     rtc.o
    0x08008ed4   0x00000002   Code   RO         1689    i.SVC_Handler       stm32f7xx_it.o
    0x08008ed6   0x0000000e   Code   RO         1690    i.SysTick_Handler   stm32f7xx_it.o
    0x08008ee4   0x00000188   Code   RO          746    i.SystemClock_Config  main.o
    0x0800906c   0x00000060   Code   RO         5686    i.SystemInit        system_stm32f7xx.o
    0x080090cc   0x00000014   Code   RO         1691    i.TIM5_IRQHandler   stm32f7xx_it.o
    0x080090e0   0x00000068   Code   RO          792    i.TIM5_IRQ_User_Handler  main.o
    0x08009148   0x00000014   Code   RO         1692    i.TIM6_DAC_IRQHandler  stm32f7xx_it.o
    0x0800915c   0x00000038   Code   RO          786    i.TIM6_IRQ_User_Handler  main.o
    0x08009194   0x00000014   Code   RO         1693    i.TIM7_IRQHandler   stm32f7xx_it.o
    0x080091a8   0x00000098   Code   RO          798    i.TIM7_IRQ_User_Handler  main.o
    0x08009240   0x000000c8   Code   RO         3974    i.TIM_Base_SetConfig  stm32f7xx_hal_tim.o
    0x08009308   0x00000060   Code   RO           55    i.UDP_Deinit        user_ethernet_udp.o
    0x08009368   0x00000128   Code   RO            4    i.UDP_Init          user_ethernet_udp.o
    0x08009490   0x000000ec   Code   RO          380    i.UDP_Packet_Comand  command_processing.o
    0x0800957c   0x00000054   Code   RO           84    i.UDP_Receive_Processig  user_ethernet_udp.o
    0x080095d0   0x00000058   Code   RO            5    i.UDP_Receive_Telemetry_Command  user_ethernet_udp.o
    0x08009628   0x000000b4   Code   RO           72    i.UDP_Send_Date_Time  user_ethernet_udp.o
    0x080096dc   0x0000007c   Code   RO           49    i.UDP_Send_Error    user_ethernet_udp.o
    0x08009758   0x00000100   Code   RO           78    i.UDP_Send_Processig  user_ethernet_udp.o
    0x08009858   0x00000074   Code   RO           44    i.UDP_Send_Queue    user_ethernet_udp.o
    0x080098cc   0x0000003e   Code   RO         8606    i.USBH_AllocPipe    usbh_pipes.o
    0x0800990a   0x00000026   Code   RO         8534    i.USBH_BulkReceiveData  usbh_ioreq.o
    0x08009930   0x00000030   Code   RO         8535    i.USBH_BulkSendData  usbh_ioreq.o
    0x08009960   0x0000000a   Code   RO         8607    i.USBH_ClosePipe    usbh_pipes.o
    0x0800996a   0x00000022   Code   RO         8457    i.USBH_ClrFeature   usbh_ctlreq.o
    0x0800998c   0x00000026   Code   RO         8536    i.USBH_CtlReceiveData  usbh_ioreq.o
    0x080099b2   0x00000196   Code   RO         8458    i.USBH_CtlReq       usbh_ctlreq.o
    0x08009b48   0x00000030   Code   RO         8537    i.USBH_CtlSendData  usbh_ioreq.o
    0x08009b78   0x00000022   Code   RO         8538    i.USBH_CtlSendSetup  usbh_ioreq.o
    0x08009b9a   0x00000004   Code   RO         1506    i.USBH_Delay        usbh_conf.o
    0x08009b9e   0x00000050   Code   RO         8345    i.USBH_FindInterface  usbh_core.o
    0x08009bee   0x00000018   Code   RO         8608    i.USBH_FreePipe     usbh_pipes.o
    0x08009c06   0x00000166   Code   RO         8461    i.USBH_Get_CfgDesc  usbh_ctlreq.o
    0x08009d6c   0x000000c8   Code   RO         8462    i.USBH_Get_DevDesc  usbh_ctlreq.o
    0x08009e34   0x00000090   Code   RO         8463    i.USBH_Get_StringDesc  usbh_ctlreq.o
    0x08009ec4   0x0000006a   Code   RO         8348    i.USBH_Init         usbh_core.o
    0x08009f2e   0x00000020   Code   RO         1507    i.USBH_LL_ClosePipe  usbh_conf.o
    0x08009f4e   0x00000028   Code   RO         8349    i.USBH_LL_Connect   usbh_core.o
    0x08009f76   0x00000038   Code   RO         8350    i.USBH_LL_Disconnect  usbh_core.o
    0x08009fae   0x0000001a   Code   RO         1509    i.USBH_LL_DriverVBUS  usbh_conf.o
    0x08009fc8   0x00000008   Code   RO         1510    i.USBH_LL_GetLastXferSize  usbh_conf.o
    0x08009fd0   0x00000020   Code   RO         1511    i.USBH_LL_GetSpeed  usbh_conf.o
    0x08009ff0   0x0000001e   Code   RO         1512    i.USBH_LL_GetToggle  usbh_conf.o
    0x0800a00e   0x00000008   Code   RO         1513    i.USBH_LL_GetURBState  usbh_conf.o
    0x0800a016   0x00000020   Code   RO         8351    i.USBH_LL_IncTimer  usbh_core.o
    0x0800a036   0x00000002   PAD
    0x0800a038   0x00000074   Code   RO         1514    i.USBH_LL_Init      usbh_conf.o
    0x0800a0ac   0x00000034   Code   RO         1515    i.USBH_LL_OpenPipe  usbh_conf.o
    0x0800a0e0   0x00000020   Code   RO         1516    i.USBH_LL_ResetPort  usbh_conf.o
    0x0800a100   0x00000006   Code   RO         8352    i.USBH_LL_SetTimer  usbh_core.o
    0x0800a106   0x00000020   Code   RO         1517    i.USBH_LL_SetToggle  usbh_conf.o
    0x0800a126   0x00000020   Code   RO         1518    i.USBH_LL_Start     usbh_conf.o
    0x0800a146   0x00000020   Code   RO         1519    i.USBH_LL_Stop      usbh_conf.o
    0x0800a166   0x0000002e   Code   RO         1520    i.USBH_LL_SubmitURB  usbh_conf.o
    0x0800a194   0x00000024   Code   RO         8734    i.USBH_MSC_BOT_Init  usbh_msc_bot.o
    0x0800a1b8   0x000001fc   Code   RO         8735    i.USBH_MSC_BOT_Process  usbh_msc_bot.o
    0x0800a3b4   0x00000020   Code   RO         8736    i.USBH_MSC_BOT_REQ_GetMaxLUN  usbh_msc_bot.o
    0x0800a3d4   0x00000076   Code   RO         8648    i.USBH_MSC_ClassRequest  usbh_msc.o
    0x0800a44a   0x0000004a   Code   RO         8649    i.USBH_MSC_GetLUNInfo  usbh_msc.o
    0x0800a494   0x0000004a   Code   RO         8651    i.USBH_MSC_InterfaceDeInit  usbh_msc.o
    0x0800a4de   0x00000154   Code   RO         8652    i.USBH_MSC_InterfaceInit  usbh_msc.o
    0x0800a632   0x000002b2   Code   RO         8654    i.USBH_MSC_Process  usbh_msc.o
    0x0800a8e4   0x000001a0   Code   RO         8655    i.USBH_MSC_Read     usbh_msc.o
    0x0800aa84   0x000000d6   Code   RO         8776    i.USBH_MSC_SCSI_Inquiry  usbh_msc_scsi.o
    0x0800ab5a   0x00000098   Code   RO         8777    i.USBH_MSC_SCSI_Read  usbh_msc_scsi.o
    0x0800abf2   0x0000009a   Code   RO         8778    i.USBH_MSC_SCSI_ReadCapacity  usbh_msc_scsi.o
    0x0800ac8c   0x000000a8   Code   RO         8779    i.USBH_MSC_SCSI_RequestSense  usbh_msc_scsi.o
    0x0800ad34   0x0000005c   Code   RO         8780    i.USBH_MSC_SCSI_TestUnitReady  usbh_msc_scsi.o
    0x0800ad90   0x00000096   Code   RO         8781    i.USBH_MSC_SCSI_Write  usbh_msc_scsi.o
    0x0800ae26   0x00000004   Code   RO         8656    i.USBH_MSC_SOFProcess  usbh_msc.o
    0x0800ae2a   0x00000028   Code   RO         8657    i.USBH_MSC_UnitIsReady  usbh_msc.o
    0x0800ae52   0x000001a0   Code   RO         8658    i.USBH_MSC_Write    usbh_msc.o
    0x0800aff2   0x0000001c   Code   RO         8609    i.USBH_OpenPipe     usbh_pipes.o
    0x0800b00e   0x00000002   PAD
    0x0800b010   0x000002f4   Code   RO         8353    i.USBH_Process      usbh_core.o
    0x0800b304   0x0000001e   Code   RO         8355    i.USBH_RegisterClass  usbh_core.o
    0x0800b322   0x00000014   Code   RO         8356    i.USBH_SelectInterface  usbh_core.o
    0x0800b336   0x0000001c   Code   RO         8464    i.USBH_SetAddress   usbh_ctlreq.o
    0x0800b352   0x0000001c   Code   RO         8465    i.USBH_SetCfg       usbh_ctlreq.o
    0x0800b36e   0x00000014   Code   RO         8357    i.USBH_Start        usbh_core.o
    0x0800b382   0x00000002   PAD
    0x0800b384   0x00000070   Code   RO         1463    i.USBH_UserProcess  usb_host.o
    0x0800b3f4   0x00000004   Code   RO         1048    i.USBH_initialize   usbh_diskio.o
    0x0800b3f8   0x00000074   Code   RO         1049    i.USBH_ioctl        usbh_diskio.o
    0x0800b46c   0x00000090   Code   RO         1050    i.USBH_read         usbh_diskio.o
    0x0800b4fc   0x0000001c   Code   RO         1051    i.USBH_status       usbh_diskio.o
    0x0800b518   0x0000009c   Code   RO         1052    i.USBH_write        usbh_diskio.o
    0x0800b5b4   0x00000060   Code   RO          542    i.USB_Close_And_Open_File  user_usb.o
    0x0800b614   0x0000003c   Code   RO          536    i.USB_Close_File    user_usb.o
    0x0800b650   0x000000cc   Code   RO         2171    i.USB_CoreInit      stm32f7xx_ll_usb.o
    0x0800b71c   0x0000000c   Code   RO         2177    i.USB_DisableGlobalInt  stm32f7xx_ll_usb.o
    0x0800b728   0x00000036   Code   RO         2179    i.USB_DriveVbus     stm32f7xx_ll_usb.o
    0x0800b75e   0x0000000c   Code   RO         2185    i.USB_EnableGlobalInt  stm32f7xx_ll_usb.o
    0x0800b76a   0x00000008   Code   RO         2188    i.USB_GetCurrentFrame  stm32f7xx_ll_usb.o
    0x0800b772   0x00000010   Code   RO         2190    i.USB_GetHostSpeed  stm32f7xx_ll_usb.o
    0x0800b782   0x00000008   Code   RO         2191    i.USB_GetMode       stm32f7xx_ll_usb.o
    0x0800b78a   0x000000ce   Code   RO         2192    i.USB_HC_Halt       stm32f7xx_ll_usb.o
    0x0800b858   0x000000ea   Code   RO         2193    i.USB_HC_Init       stm32f7xx_ll_usb.o
    0x0800b942   0x00000008   Code   RO         2194    i.USB_HC_ReadInterrupt  stm32f7xx_ll_usb.o
    0x0800b94a   0x00000002   PAD
    0x0800b94c   0x000001d8   Code   RO         2195    i.USB_HC_StartXfer  stm32f7xx_ll_usb.o
    0x0800bb24   0x00000110   Code   RO         2196    i.USB_HostInit      stm32f7xx_ll_usb.o
    0x0800bc34   0x00000038   Code   RO         2197    i.USB_InitFSLSPClkSel  stm32f7xx_ll_usb.o
    0x0800bc6c   0x000000a8   Code   RO          530    i.USB_Open_File     user_usb.o
    0x0800bd14   0x00000008   Code   RO         2202    i.USB_ReadInterrupts  stm32f7xx_ll_usb.o
    0x0800bd1c   0x0000003a   Code   RO         2203    i.USB_ReadPacket    stm32f7xx_ll_usb.o
    0x0800bd56   0x00000030   Code   RO         2204    i.USB_ResetPort     stm32f7xx_ll_usb.o
    0x0800bd86   0x0000002e   Code   RO         2205    i.USB_SetCurrentMode  stm32f7xx_ll_usb.o
    0x0800bdb4   0x000000b4   Code   RO         2209    i.USB_StopHost      stm32f7xx_ll_usb.o
    0x0800be68   0x00000020   Code   RO          548    i.USB_Write_Block   user_usb.o
    0x0800be88   0x00000002   Code   RO         1694    i.UsageFault_Handler  stm32f7xx_it.o
    0x0800be8a   0x00000002   PAD
    0x0800be8c   0x00000034   Code   RO          747    i._Error_Handler    main.o
    0x0800bec0   0x00000020   Code   RO         8933    i.__0printf$3       mc_w.l(printf3.o)
    0x0800bee0   0x00000028   Code   RO         8935    i.__0sprintf$3      mc_w.l(printf3.o)
    0x0800bf08   0x0000000e   Code   RO         9179    i.__scatterload_copy  mc_w.l(handlers.o)
    0x0800bf16   0x00000002   Code   RO         9180    i.__scatterload_null  mc_w.l(handlers.o)
    0x0800bf18   0x0000000e   Code   RO         9181    i.__scatterload_zeroinit  mc_w.l(handlers.o)
    0x0800bf26   0x00000002   PAD
    0x0800bf28   0x000001b8   Code   RO         8940    i._printf_core      mc_w.l(printf3.o)
    0x0800c0e0   0x0000000a   Code   RO         8942    i._sputc            mc_w.l(printf3.o)
    0x0800c0ea   0x00000002   Code   RO          748    i.assert_failed     main.o
    0x0800c0ec   0x00000068   Code   RO         8079    i.clear_lock        ff.o
    0x0800c154   0x000000b8   Code   RO         8080    i.create_chain      ff.o
    0x0800c20c   0x0000001c   Code   RO         7242    i.cyclic_timer      timeouts.o
    0x0800c228   0x0000124c   Code   RO          440    i.data_Conversion   data.o
    0x0800d474   0x00000014   Code   RO          924    i.dcu_Debug_Get_Data  adc.o
    0x0800d488   0x000002d8   Code   RO          452    i.debug_Data_Conversion  data.o
    0x0800d760   0x00000104   Code   RO          627    i.decimal_To_String  string_utility.o
    0x0800d864   0x000000fc   Code   RO          638    i.decimal_To_String_Unsigned  string_utility.o
    0x0800d960   0x0000016e   Code   RO         8081    i.dir_next          ff.o
    0x0800dace   0x00000094   Code   RO         8083    i.dir_register      ff.o
    0x0800db62   0x00000098   Code   RO         8084    i.dir_sdi           ff.o
    0x0800dbfa   0x00000002   PAD
    0x0800dbfc   0x00000028   Code   RO         8024    i.disk_initialize   diskio.o
    0x0800dc24   0x00000018   Code   RO         8025    i.disk_ioctl        diskio.o
    0x0800dc3c   0x00000020   Code   RO         8026    i.disk_read         diskio.o
    0x0800dc5c   0x00000014   Code   RO         8027    i.disk_status       diskio.o
    0x0800dc70   0x00000020   Code   RO         8028    i.disk_write        diskio.o
    0x0800dc90   0x00000044   Code   RO         7475    i.etharp_cleanup_netif  etharp.o
    0x0800dcd4   0x00000280   Code   RO         7477    i.etharp_find_entry  etharp.o
    0x0800df54   0x00000218   Code   RO         7479    i.etharp_input      etharp.o
    0x0800e16c   0x00000288   Code   RO         7480    i.etharp_output     etharp.o
    0x0800e3f4   0x000000b4   Code   RO         7481    i.etharp_output_to_arp_index  etharp.o
    0x0800e4a8   0x00000204   Code   RO         7482    i.etharp_query      etharp.o
    0x0800e6ac   0x0000011c   Code   RO         7483    i.etharp_raw        etharp.o
    0x0800e7c8   0x0000002c   Code   RO         7484    i.etharp_request    etharp.o
    0x0800e7f4   0x00000098   Code   RO         7485    i.etharp_tmr        etharp.o
    0x0800e88c   0x000000ac   Code   RO         6161    i.ethernet_input    ethernet.o
    0x0800e938   0x000000f8   Code   RO         6162    i.ethernet_output   ethernet.o
    0x0800ea30   0x00000174   Code   RO         1254    i.ethernetif_init   ethernetif.o
    0x0800eba4   0x00000100   Code   RO         1255    i.ethernetif_input  ethernetif.o
    0x0800eca4   0x000000b4   Code   RO            6    i.ethernetif_notify_conn_changed  user_ethernet_udp.o
    0x0800ed58   0x0000005c   Code   RO         1257    i.ethernetif_set_link  ethernetif.o
    0x0800edb4   0x000000f4   Code   RO         1258    i.ethernetif_update_config  ethernetif.o
    0x0800eea8   0x00000058   Code   RO         8085    i.f_close           ff.o
    0x0800ef00   0x00000088   Code   RO         8091    i.f_mount           ff.o
    0x0800ef88   0x00000390   Code   RO         8092    i.f_open            ff.o
    0x0800f318   0x000000b4   Code   RO         8099    i.f_sync            ff.o
    0x0800f3cc   0x000001de   Code   RO         8102    i.f_write           ff.o
    0x0800f5aa   0x00000002   PAD
    0x0800f5ac   0x00000472   Code   RO         8103    i.find_volume       ff.o
    0x0800fa1e   0x00000002   PAD
    0x0800fa20   0x000001ec   Code   RO         8104    i.follow_path       ff.o
    0x0800fc0c   0x00000012   Code   RO         9147    i.fputc             mc_w.l(fputc.o)
    0x0800fc1e   0x00000002   PAD
    0x0800fc20   0x00000050   Code   RO         9105    i.free              mc_w.l(malloc.o)
    0x0800fc70   0x000000d6   Code   RO         8105    i.get_fat           ff.o
    0x0800fd46   0x00000004   Code   RO         1105    i.get_fattime       fatfs.o
    0x0800fd4a   0x00000002   PAD
    0x0800fd4c   0x00000114   Code   RO         7560    i.icmp_dest_unreach  icmp.o
    0x0800fe60   0x000001f8   Code   RO         7561    i.icmp_input        icmp.o
    0x08010058   0x00000090   Code   RO         7562    i.icmp_time_exceeded  icmp.o
    0x080100e8   0x0000023c   Code   RO          411    i.initialize_Data   data.o
    0x08010324   0x0000018c   Code   RO          621    i.int_To_String     string_utility.o
    0x080104b0   0x0000015c   Code   RO          633    i.int_To_String_Unsigned  string_utility.o
    0x0801060c   0x00000036   Code   RO         7680    i.ip4_addr_isbroadcast_u32  ip4_addr.o
    0x08010642   0x00000002   PAD
    0x08010644   0x0000029c   Code   RO         7745    i.ip4_frag          ip4_frag.o
    0x080108e0   0x00000194   Code   RO         7625    i.ip4_input         ip4.o
    0x08010a74   0x00000028   Code   RO         7627    i.ip4_output_if     ip4.o
    0x08010a9c   0x0000017c   Code   RO         7628    i.ip4_output_if_src  ip4.o
    0x08010c18   0x00000508   Code   RO         7746    i.ip4_reass         ip4_frag.o
    0x08011120   0x00000078   Code   RO         7629    i.ip4_route         ip4.o
    0x08011198   0x00000228   Code   RO         7747    i.ip_reass_free_complete_datagram  ip4_frag.o
    0x080113c0   0x00000030   Code   RO         7748    i.ip_reass_tmr      ip4_frag.o
    0x080113f0   0x000000c0   Code   RO         7749    i.ipfrag_free_pbuf_custom  ip4_frag.o
    0x080114b0   0x000000a8   Code   RO         1259    i.low_level_output  ethernetif.o
    0x08011558   0x00000004   Code   RO         6449    i.lwip_htons        def.o
    0x0801155c   0x0000001a   Code   RO         6590    i.lwip_init         init.o
    0x08011576   0x00000002   PAD
    0x08011578   0x0000010c   Code   RO          749    i.main              main.o
    0x08011684   0x0000006c   Code   RO         9106    i.malloc            mc_w.l(malloc.o)
    0x080116f0   0x00000056   Code   RO         8106    i.mem_cpy           ff.o
    0x08011746   0x00000002   PAD
    0x08011748   0x00000290   Code   RO         6679    i.mem_free          mem.o
    0x080119d8   0x00000040   Code   RO         6680    i.mem_init          mem.o
    0x08011a18   0x00000224   Code   RO         6681    i.mem_malloc        mem.o
    0x08011c3c   0x00000038   Code   RO         8107    i.mem_set           ff.o
    0x08011c74   0x00000184   Code   RO         6682    i.mem_trim          mem.o
    0x08011df8   0x000000c8   Code   RO         6740    i.memp_free         memp.o
    0x08011ec0   0x000000d4   Code   RO         6741    i.memp_free_pool    memp.o
    0x08011f94   0x0000004c   Code   RO         6742    i.memp_init         memp.o
    0x08011fe0   0x000000c8   Code   RO         6744    i.memp_malloc       memp.o
    0x080120a8   0x000000d0   Code   RO         6745    i.memp_malloc_pool  memp.o
    0x08012178   0x00000036   Code   RO         8108    i.move_window       ff.o
    0x080121ae   0x00000002   PAD
    0x080121b0   0x000000e8   Code   RO         6851    i.netif_add         netif.o
    0x08012298   0x00000002   Code   RO         6853    i.netif_init        netif.o
    0x0801229a   0x00000002   PAD
    0x0801229c   0x000000c0   Code   RO         6856    i.netif_set_addr    netif.o
    0x0801235c   0x0000000c   Code   RO         6857    i.netif_set_default  netif.o
    0x08012368   0x00000034   Code   RO         6858    i.netif_set_down    netif.o
    0x0801239c   0x00000008   Code   RO         6861    i.netif_set_link_callback  netif.o
    0x080123a4   0x0000001e   Code   RO         6862    i.netif_set_link_down  netif.o
    0x080123c2   0x00000040   Code   RO         6863    i.netif_set_link_up  netif.o
    0x08012402   0x00000008   Code   RO         6865    i.netif_set_status_callback  netif.o
    0x0801240a   0x00000046   Code   RO         6866    i.netif_set_up      netif.o
    0x08012450   0x0000000e   Code   RO            7    i.netif_status_callback  user_ethernet_udp.o
    0x0801245e   0x00000002   PAD
    0x08012460   0x00000300   Code   RO         6977    i.pbuf_alloc        pbuf.o
    0x08012760   0x000000e4   Code   RO         6978    i.pbuf_alloced_custom  pbuf.o
    0x08012844   0x000000ec   Code   RO         6979    i.pbuf_cat          pbuf.o
    0x08012930   0x00000038   Code   RO         6980    i.pbuf_chain        pbuf.o
    0x08012968   0x00000014   Code   RO         6981    i.pbuf_clen         pbuf.o
    0x0801297c   0x00000208   Code   RO         6983    i.pbuf_copy         pbuf.o
    0x08012b84   0x00000168   Code   RO         6986    i.pbuf_free         pbuf.o
    0x08012cec   0x00000006   Code   RO         6988    i.pbuf_header       pbuf.o
    0x08012cf2   0x00000006   Code   RO         6989    i.pbuf_header_force  pbuf.o
    0x08012cf8   0x000000f0   Code   RO         6990    i.pbuf_header_impl  pbuf.o
    0x08012de8   0x000001a4   Code   RO         6994    i.pbuf_realloc      pbuf.o
    0x08012f8c   0x00000090   Code   RO         6995    i.pbuf_ref          pbuf.o
    0x0801301c   0x00000144   Code   RO         6998    i.pbuf_take         pbuf.o
    0x08013160   0x00000018   Code   RO          428    i.prepare_Next_Buffer_Block  data.o
    0x08013178   0x00000128   Code   RO         8109    i.put_fat           ff.o
    0x080132a0   0x00000082   Code   RO         8110    i.remove_chain      ff.o
    0x08013322   0x00000002   PAD
    0x08013324   0x00000028   Code   RO         1392    i.set_Rtc_Date      rtc.o
    0x0801334c   0x00000024   Code   RO         1386    i.set_Rtc_Time      rtc.o
    0x08013370   0x000000b4   Code   RO         8111    i.sync_fs           ff.o
    0x08013424   0x00000054   Code   RO         8112    i.sync_window       ff.o
    0x08013478   0x00000050   Code   RO         7243    i.sys_check_timeouts  timeouts.o
    0x080134c8   0x00000004   Code   RO         1261    i.sys_now           ethernetif.o
    0x080134cc   0x0000013c   Code   RO         7245    i.sys_timeout       timeouts.o
    0x08013608   0x00000030   Code   RO         7246    i.sys_timeouts_init  timeouts.o
    0x08013638   0x000000cc   Code   RO         7320    i.udp_bind          udp.o
    0x08013704   0x00000054   Code   RO         7321    i.udp_connect       udp.o
    0x08013758   0x00000010   Code   RO         7322    i.udp_disconnect    udp.o
    0x08013768   0x00000002   Code   RO         7323    i.udp_init          udp.o
    0x0801376a   0x00000002   PAD
    0x0801376c   0x000001bc   Code   RO         7324    i.udp_input         udp.o
    0x08013928   0x00000038   Code   RO         7325    i.udp_netif_ip_addr_changed  udp.o
    0x08013960   0x00000026   Code   RO         7326    i.udp_new           udp.o
    0x08013986   0x00000006   Code   RO         7328    i.udp_recv          udp.o
    0x0801398c   0x00000030   Code   RO         7329    i.udp_remove        udp.o
    0x080139bc   0x00000068   Code   RO         7330    i.udp_send          udp.o
    0x08013a24   0x0000014c   Code   RO         7333    i.udp_sendto_if_src  udp.o
    0x08013b70   0x00000140   Code   RO          644    i.uint32_To_String  string_utility.o
    0x08013cb0   0x00000034   Code   RO         8113    i.validate          ff.o
    0x08013ce4   0x00000014   Data   RO         1054    .constdata          usbh_diskio.o
    0x08013cf8   0x00000008   Data   RO         5147    .constdata          stm32f7xx_hal_dma.o
    0x08013d00   0x00000010   Data   RO         5687    .constdata          system_stm32f7xx.o
    0x08013d10   0x00000006   Data   RO         6163    .constdata          ethernet.o
    0x08013d16   0x00000006   Data   RO         6164    .constdata          ethernet.o
    0x08013d1c   0x0000000c   Data   RO         6752    .constdata          memp.o
    0x08013d28   0x0000000c   Data   RO         6753    .constdata          memp.o
    0x08013d34   0x0000000c   Data   RO         6754    .constdata          memp.o
    0x08013d40   0x0000000c   Data   RO         6755    .constdata          memp.o
    0x08013d4c   0x0000000c   Data   RO         6756    .constdata          memp.o
    0x08013d58   0x0000000c   Data   RO         6757    .constdata          memp.o
    0x08013d64   0x00000018   Data   RO         6758    .constdata          memp.o
    0x08013d7c   0x00000010   Data   RO         7249    .constdata          timeouts.o
    0x08013d8c   0x00000004   Data   RO         7687    .constdata          ip4_addr.o
    0x08013d90   0x00000090   Data   RO         8115    .constdata          ff.o
    0x08013e20   0x00000041   Data   RO         7487    .conststring        etharp.o
    0x08013e61   0x00000003   PAD
    0x08013e64   0x00000004   Data   RO         8659    .conststring        usbh_msc.o
    0x08013e68   0x00000020   Data   RO         9177    Region$$Table       anon$$obj.o


    Execution Region RW_IRAM1 (Base: 0x20000000, Size: 0x00022f88, Max: 0x00080000, ABSOLUTE, COMPRESSED[0x00000238])

    Base Addr    Size         Type   Attr      Idx    E Section Name        Object

    0x20000000   0x00000038   Data   RW            9    .data               user_ethernet_udp.o
    0x20000038   0x00000001   Data   RW          366    .data               command_processing.o
    0x20000039   0x00000382   Data   RW          413    .data               data.o
    0x200003bb   0x00000001   PAD
    0x200003bc   0x00000004   Data   RW          414    .data               data.o
    0x200003c0   0x00000001   Data   RW          415    .data               data.o
    0x200003c1   0x00000003   PAD
    0x200003c4   0x00000024   Data   RW          416    .data               data.o
    0x200003e8   0x00000001   Data   RW          417    .data               data.o
    0x200003e9   0x00000004   Data   RW          511    .data               user_usb.o
    0x200003ed   0x00000003   PAD
    0x200003f0   0x00000018   Data   RW          661    .data               bno055.o
    0x20000408   0x0000000c   Data   RW          889    .data               adc.o
    0x20000414   0x00000016   Data   RW          947    .data               can.o
    0x2000042a   0x00000005   Data   RW         1108    .data               fatfs.o
    0x2000042f   0x00000001   PAD
    0x20000430   0x00000018   Data   RW         1191    .data               lwip.o
    0x20000448   0x00000004   Data   RW         1263    .data               ethernetif.o
    0x2000044c   0x00000004   Data   RW         1344    .data               rtc.o
    0x20000450   0x00000001   Data   RW         1465    .data               usb_host.o
    0x20000451   0x00000003   PAD
    0x20000454   0x00000008   Data   RW         2211    .data               stm32f7xx_ll_usb.o
    0x2000045c   0x0000000c   Data   RW         5509    .data               stm32f7xx_hal.o
    0x20000468   0x00000004   Data   RW         5689    .data               system_stm32f7xx.o
    0x2000046c   0x0000000c   Data   RW         6684    .data               mem.o
    0x20000478   0x00000004   Data   RW         6759    .data               memp.o
    0x2000047c   0x00000004   Data   RW         6760    .data               memp.o
    0x20000480   0x00000004   Data   RW         6761    .data               memp.o
    0x20000484   0x00000004   Data   RW         6762    .data               memp.o
    0x20000488   0x00000004   Data   RW         6763    .data               memp.o
    0x2000048c   0x00000004   Data   RW         6764    .data               memp.o
    0x20000490   0x0000000c   Data   RW         6867    .data               netif.o
    0x2000049c   0x00000008   Data   RW         7250    .data               timeouts.o
    0x200004a4   0x00000008   Data   RW         7334    .data               udp.o
    0x200004ac   0x00000001   Data   RW         7488    .data               etharp.o
    0x200004ad   0x00000001   PAD
    0x200004ae   0x00000002   Data   RW         7630    .data               ip4.o
    0x200004b0   0x00000008   Data   RW         7750    .data               ip4_frag.o
    0x200004b8   0x0000000c   Data   RW         8116    .data               ff.o
    0x200004c4   0x00000020   Data   RW         8660    .data               usbh_msc.o
    0x200004e4   0x00000004   Data   RW         9149    .data               mc_w.l(stdout.o)
    0x200004e8   0x00000004   Data   RW         9156    .data               mc_w.l(mvars.o)
    0x200004ec   0x00000004   Data   RW         9157    .data               mc_w.l(mvars.o)
    0x200004f0   0x00006421   Zero   RW            8    .bss                user_ethernet_udp.o
    0x20006911   0x00000003   PAD
    0x20006914   0x00000a11   Zero   RW          412    .bss                data.o
    0x20007325   0x00000003   PAD
    0x20007328   0x00000025   Zero   RW          510    .bss                user_usb.o
    0x2000734d   0x00000003   PAD
    0x20007350   0x000000e4   Zero   RW          660    .bss                bno055.o
    0x20007434   0x000000a8   Zero   RW          888    .bss                adc.o
    0x200074dc   0x000000a0   Zero   RW          946    .bss                can.o
    0x2000757c   0x00000200   Zero   RW         1053    .bss                usbh_diskio.o
    0x2000777c   0x00000230   Zero   RW         1106    .bss                fatfs.o
    0x200079ac   0x00000230   Zero   RW         1107    .bss                fatfs.o
    0x20007bdc   0x0000004c   Zero   RW         1145    .bss                i2c.o
    0x20007c28   0x00000038   Zero   RW         1190    .bss                lwip.o
    0x20007c60   0x0000c2c8   Zero   RW         1262    .bss                ethernetif.o
    0x20013f28   0x00000038   Zero   RW         1343    .bss                rtc.o
    0x20013f60   0x000000c0   Zero   RW         1412    .bss                tim.o
    0x20014020   0x000004c8   Zero   RW         1464    .bss                usb_host.o
    0x200144e8   0x00000298   Zero   RW         1521    .bss                usbh_conf.o
    0x20014780   0x00000018   Zero   RW         6647    .bss                ip.o
    0x20014798   0x00002593   Zero   RW         6683    .bss                mem.o
    0x20016d2b   0x000000a3   Zero   RW         6746    .bss                memp.o
    0x20016dce   0x000000a3   Zero   RW         6747    .bss                memp.o
    0x20016e71   0x0000016b   Zero   RW         6748    .bss                memp.o
    0x20016fdc   0x00000023   Zero   RW         6749    .bss                memp.o
    0x20016fff   0x00000403   Zero   RW         6750    .bss                memp.o
    0x20017402   0x00009803   Zero   RW         6751    .bss                memp.o
    0x20020c05   0x00000003   PAD
    0x20020c08   0x000000f0   Zero   RW         7486    .bss                etharp.o
    0x20020cf8   0x00000080   Zero   RW         8114    .bss                ff.o
    0x20020d78   0x00000010   Zero   RW         8299    .bss                ff_gen_drv.o
    0x20020d88   0x00001000   Zero   RW         1859    HEAP                startup_stm32f767xx.o
    0x20021d88   0x00001200   Zero   RW         1858    STACK               startup_stm32f767xx.o


==============================================================================

Image component sizes


      Code (inc. data)   RO Data    RW Data    ZI Data      Debug   Object Name

       536        120          0         12        168       3111   adc.o
         0          0          0          0          0       1612   auth.o
       820         30          0         24        228      16183   bno055.o
       722         88          0         22        160       5899   can.o
       236         12          0          1          0       2696   command_processing.o
      6448        176          0        940       2577      10099   data.o
         4          0          0          0          0        553   def.o
       148         28          0          0          0       3705   diskio.o
        44          4          0          0          0        754   dma.o
         0          0          0          0          0        640   err.o
      3068       1024         65          1        240      12411   etharp.o
       420        154         12          0          0       2762   ethernet.o
      1296        168          0          4      49864       7001   ethernetif.o
        56         16          0          5       1120       1612   fatfs.o
      5530         70        144         12        128      35325   ff.o
        84          6          0          0         16       1744   ff_gen_drv.o
       364         30          0          0          0       1071   gpio.o
       236         38          0          0         76       1677   i2c.o
       924        356          0          0          0       6717   icmp.o
        26          0          0          0          0        568   init.o
         0          0          0          0         24       6001   ip.o
       944        180          0          2          0       5392   ip4.o
        54          0          4          0          0       7344   ip4_addr.o
      2748        812          0          8          0       9674   ip4_frag.o
       308         30          0         24         56       1975   lwip.o
      1090        120          0          0          0       6690   main.o
      1656        796          0         12       9619       5301   mem.o
       896        552         96         24      40666       9830   memp.o
       670        134          0         12          0      11053   netif.o
      3328       1544          0          0          0      14042   pbuf.o
       216         50          0          4         56       3285   rtc.o
         0          0          0          0          0       1208   slipif.o
        36          8        504          0       8704        804   startup_stm32f767xx.o
       176         30          0         12          0       3989   stm32f7xx_hal.o
      2602        346          0          0          0       8494   stm32f7xx_hal_adc.o
         2          0          0          0          0       1005   stm32f7xx_hal_adc_ex.o
      2886        292          0          0          0      13781   stm32f7xx_hal_can.o
      1118        334          0          0          0      39115   stm32f7xx_hal_cortex.o
      1720        196          8          0          0       5186   stm32f7xx_hal_dma.o
      3724        290          0          0          0      15548   stm32f7xx_hal_eth.o
      1216        278          0          0          0       4599   stm32f7xx_hal_gpio.o
      2484         64          0          0          0      12704   stm32f7xx_hal_hcd.o
      3748        184          0          0          0      20550   stm32f7xx_hal_i2c.o
       432        122          0          0          0       2035   stm32f7xx_hal_i2c_ex.o
       132          8          0          0          0        902   stm32f7xx_hal_msp.o
       124          8          0          0          0       1256   stm32f7xx_hal_pwr_ex.o
      2080        182          0          0          0       4072   stm32f7xx_hal_rcc.o
      2884         96          0          0          0       2516   stm32f7xx_hal_rcc_ex.o
      2042        294          0          0          0       7326   stm32f7xx_hal_rtc.o
      2814        266          0          0          0      10800   stm32f7xx_hal_tim.o
       420         70          0          0          0       2714   stm32f7xx_hal_tim_ex.o
       228         78          0          0          0      11185   stm32f7xx_it.o
      1902         44          0          8          0      16171   stm32f7xx_ll_usb.o
      1576         16          0          0          0       8277   string_utility.o
       312         24          0          0          0      33091   system.o
        96         20         16          4          0       1231   system_stm32f7xx.o
       476         82          0          0        192       3124   tim.o
       472        184         16          8          0       5384   timeouts.o
      1334        274          0          8          0      13014   udp.o
       168         40          0          1       1224       2322   usb_host.o
       640         38          0          0        664      11792   usbh_conf.o
      1146         20          0          0          0       8816   usbh_core.o
      1198         12          0          0          0       8722   usbh_ctlreq.o
       448         26         20          0        512       4577   usbh_diskio.o
       206          0          0          0          0       4420   usbh_ioreq.o
      2172         10          4         32          0      11413   usbh_msc.o
       576         26          0          0          0       3865   usbh_msc_bot.o
       930          0          0          0          0       6727   usbh_msc_scsi.o
       124          0          0          0          0       3370   usbh_pipes.o
        20          4          0          0          0        514   usbh_platform.o
      1434        114          0         56      25633     969939   user_ethernet_udp.o
       356         80          0          4         37      20736   user_usb.o

    ----------------------------------------------------------------------
     79400      10698        924       1252     141976    1504021   Object Totals
         0          0         32          0          0          0   (incl. Generated)
        74          0          3         12         12          0   (incl. Padding)

    ----------------------------------------------------------------------

      Code (inc. data)   RO Data    RW Data    ZI Data      Debug   Library Member Name

        86          0          0          0          0          0   __dczerorl2.o
         0          0          0          0          0          0   entry.o
         0          0          0          0          0          0   entry10a.o
         0          0          0          0          0          0   entry11a.o
         8          4          0          0          0          0   entry2.o
         4          0          0          0          0          0   entry5.o
         0          0          0          0          0          0   entry7b.o
         0          0          0          0          0          0   entry8b.o
         8          4          0          0          0          0   entry9a.o
        18          0          0          0          0         80   fputc.o
        30          0          0          0          0          0   handlers.o
        36          8          0          0          0         68   init.o
         0          0          0          0          0          0   iusesemip.o
        30          0          0          0          0         68   llshl.o
        32          0          0          0          0         68   llushr.o
       188         20          0          0          0        160   malloc.o
        26          0          0          0          0         80   memcmp.o
        36          0          0          0          0         68   memcpya.o
        36          0          0          0          0        108   memseta.o
         0          0          0          8          0          0   mvars.o
       522         20          0          0          0        336   printf3.o
         0          0          0          0          0          0   semi.o
         0          0          0          4          0          0   stdout.o
        14          0          0          0          0         68   strlen.o
        44          0          0          0          0         80   uidiv.o
        98          0          0          0          0         92   uldiv.o

    ----------------------------------------------------------------------
      1220         56          0         12          0       1276   Library Totals
         4          0          0          0          0          0   (incl. Padding)

    ----------------------------------------------------------------------

      Code (inc. data)   RO Data    RW Data    ZI Data      Debug   Library Name

      1216         56          0         12          0       1276   mc_w.l

    ----------------------------------------------------------------------
      1220         56          0         12          0       1276   Library Totals

    ----------------------------------------------------------------------

==============================================================================


      Code (inc. data)   RO Data    RW Data    ZI Data      Debug   

     80620      10754        924       1264     141976    1463757   Grand Totals
     80620      10754        924        568     141976    1463757   ELF Image Totals (compressed)
     80620      10754        924        568          0          0   ROM Totals

==============================================================================

    Total RO  Size (Code + RO Data)                81544 (  79.63kB)
    Total RW  Size (RW Data + ZI Data)            143240 ( 139.88kB)
    Total ROM Size (Code + RO Data + RW Data)      82112 (  80.19kB)

==============================================================================

